cd /home/t-filsra/adic2/ADIC/rose_build/ && make install            
make[1]: Entering directory `/home/t-filsra/adic2/ADIC/rose_build'
Making install in libltdl
make[2]: Entering directory `/home/t-filsra/adic2/ADIC/rose_build/libltdl'
make  install-am
make[3]: Entering directory `/home/t-filsra/adic2/ADIC/rose_build/libltdl'
make[4]: Entering directory `/home/t-filsra/adic2/ADIC/rose_build/libltdl'
make[4]: Leaving directory `/home/t-filsra/adic2/ADIC/rose_build/libltdl'
make[3]: Leaving directory `/home/t-filsra/adic2/ADIC/rose_build/libltdl'
make[2]: Leaving directory `/home/t-filsra/adic2/ADIC/rose_build/libltdl'
Making install in config
make[2]: Entering directory `/home/t-filsra/adic2/ADIC/rose_build/config'
make[3]: Entering directory `/home/t-filsra/adic2/ADIC/rose_build/config'
make[3]: Nothing to be done for `install-exec-am'.
 /bin/mkdir -p '/home/t-filsra/adic2/install/rose_inst/include'
 /usr/bin/install -C -m 644 /home/t-filsra/adic2/ADIC/rose/config/rose_stdarg.h /home/t-filsra/adic2/ADIC/rose/config/rose_varargs.h /home/t-filsra/adic2/ADIC/rose/config/rose-g++-headerfilefixup.h /home/t-filsra/adic2/ADIC/rose/config/rose_specific_cdefs.h /home/t-filsra/adic2/ADIC/rose/config/rose_specific_emmintrin.h /home/t-filsra/adic2/ADIC/rose/config/rose_specific_ammintrin.h /home/t-filsra/adic2/ADIC/rose/config/rose_specific_nmmintrin.h /home/t-filsra/adic2/ADIC/rose/config/rose_specific_pmmintrin.h /home/t-filsra/adic2/ADIC/rose/config/rose_specific_smmintrin.h /home/t-filsra/adic2/ADIC/rose/config/rose_specific_tmmintrin.h /home/t-filsra/adic2/ADIC/rose/config/rose_specific_xmmintrin.h '/home/t-filsra/adic2/install/rose_inst/include'
make[3]: Leaving directory `/home/t-filsra/adic2/ADIC/rose_build/config'
make[2]: Leaving directory `/home/t-filsra/adic2/ADIC/rose_build/config'
Making install in src
make[2]: Entering directory `/home/t-filsra/adic2/ADIC/rose_build/src'
Making install in util
make[3]: Entering directory `/home/t-filsra/adic2/ADIC/rose_build/src/util'
Making install in stringSupport
make[4]: Entering directory `/home/t-filsra/adic2/ADIC/rose_build/src/util/stringSupport'
make[5]: Entering directory `/home/t-filsra/adic2/ADIC/rose_build/src/util/stringSupport'
make[5]: Nothing to be done for `install-exec-am'.
 /bin/mkdir -p '/home/t-filsra/adic2/install/rose_inst/include/rose'
 /usr/bin/install -C -m 644 /home/t-filsra/adic2/ADIC/rose/src/util/stringSupport/StringUtility.h /home/t-filsra/adic2/ADIC/rose/src/util/stringSupport/string_functions.h /home/t-filsra/adic2/ADIC/rose/src/util/stringSupport/escape.h '/home/t-filsra/adic2/install/rose_inst/include/rose'
make[5]: Leaving directory `/home/t-filsra/adic2/ADIC/rose_build/src/util/stringSupport'
make[4]: Leaving directory `/home/t-filsra/adic2/ADIC/rose_build/src/util/stringSupport'
Making install in commandlineProcessing
make[4]: Entering directory `/home/t-filsra/adic2/ADIC/rose_build/src/util/commandlineProcessing'
make[5]: Entering directory `/home/t-filsra/adic2/ADIC/rose_build/src/util/commandlineProcessing'
make[5]: Nothing to be done for `install-exec-am'.
 /bin/mkdir -p '/home/t-filsra/adic2/install/rose_inst/include/rose'
 /usr/bin/install -C -m 644 /home/t-filsra/adic2/ADIC/rose/src/util/commandlineProcessing/sla.h /home/t-filsra/adic2/ADIC/rose/src/util/commandlineProcessing/commandline_processing.h '/home/t-filsra/adic2/install/rose_inst/include/rose'
make[5]: Leaving directory `/home/t-filsra/adic2/ADIC/rose_build/src/util/commandlineProcessing'
make[4]: Leaving directory `/home/t-filsra/adic2/ADIC/rose_build/src/util/commandlineProcessing'
Making install in support
make[4]: Entering directory `/home/t-filsra/adic2/ADIC/rose_build/src/util/support'
make[5]: Entering directory `/home/t-filsra/adic2/ADIC/rose_build/src/util/support'
make[5]: Nothing to be done for `install-exec-am'.
 /bin/mkdir -p '/home/t-filsra/adic2/install/rose_inst/include/rose'
 /usr/bin/install -C -m 644 /home/t-filsra/adic2/ADIC/rose/src/util/support/DAG.h /home/t-filsra/adic2/ADIC/rose/src/util/support/IteratorCompound.h /home/t-filsra/adic2/ADIC/rose/src/util/support/TreeImpl.h /home/t-filsra/adic2/ADIC/rose/src/util/support/BitVectorRepr.h /home/t-filsra/adic2/ADIC/rose/src/util/support/DirectedGraph.h /home/t-filsra/adic2/ADIC/rose/src/util/support/IteratorTmpl.h /home/t-filsra/adic2/ADIC/rose/src/util/support/PtrMap.h /home/t-filsra/adic2/ADIC/rose/src/util/support/union_find.h /home/t-filsra/adic2/ADIC/rose/src/util/support/VectorCommandOptions.h /home/t-filsra/adic2/ADIC/rose/src/util/support/CommandOptions.h /home/t-filsra/adic2/ADIC/rose/src/util/support/DoublyLinkedList.h /home/t-filsra/adic2/ADIC/rose/src/util/support/LatticeElemList.h /home/t-filsra/adic2/ADIC/rose/src/util/support/PtrSet.h /home/t-filsra/adic2/ADIC/rose/src/util/support/const.h /home/t-filsra/adic2/ADIC/rose/src/util/support/FunctionObject.h /home/t-filsra/adic2/ADIC/rose/src/util/support/Matrix.h /home/t-filsra/adic2/ADIC/rose/src/util/support/SinglyLinkedList.h /home/t-filsra/adic2/ADIC/rose/src/util/support/CountRefHandle.h /home/t-filsra/adic2/ADIC/rose/src/util/support/general.h /home/t-filsra/adic2/ADIC/rose/src/util/support/ObserveObject.h /home/t-filsra/adic2/ADIC/rose/src/util/support/StreamIO.h /home/t-filsra/adic2/ADIC/rose/src/util/support/FileHelper.h /home/t-filsra/adic2/ADIC/rose/src/util/support/CollectionHelper.h '/home/t-filsra/adic2/install/rose_inst/include/rose'
make[5]: Leaving directory `/home/t-filsra/adic2/ADIC/rose_build/src/util/support'
make[4]: Leaving directory `/home/t-filsra/adic2/ADIC/rose_build/src/util/support'
Making install in graphs
make[4]: Entering directory `/home/t-filsra/adic2/ADIC/rose_build/src/util/graphs'
make[5]: Entering directory `/home/t-filsra/adic2/ADIC/rose_build/src/util/graphs'
make[5]: Nothing to be done for `install-exec-am'.
 /bin/mkdir -p '/home/t-filsra/adic2/install/rose_inst/include/rose'
 /usr/bin/install -C -m 644 /home/t-filsra/adic2/ADIC/rose/src/util/graphs/BaseGraphCreate.h /home/t-filsra/adic2/ADIC/rose/src/util/graphs/GraphScope.h /home/t-filsra/adic2/ADIC/rose/src/util/graphs/VirtualGraphCreate.h /home/t-filsra/adic2/ADIC/rose/src/util/graphs/TransAnalysis.h /home/t-filsra/adic2/ADIC/rose/src/util/graphs/GraphGroup.h /home/t-filsra/adic2/ADIC/rose/src/util/graphs/MultiGraphCreate.h /home/t-filsra/adic2/ADIC/rose/src/util/graphs/TypedFusion.h /home/t-filsra/adic2/ADIC/rose/src/util/graphs/DGBaseGraphImpl.h /home/t-filsra/adic2/ADIC/rose/src/util/graphs/GraphAccess.h /home/t-filsra/adic2/ADIC/rose/src/util/graphs/GraphUtils.h /home/t-filsra/adic2/ADIC/rose/src/util/graphs/GraphUpdate.h /home/t-filsra/adic2/ADIC/rose/src/util/graphs/SCCAnalysis.h /home/t-filsra/adic2/ADIC/rose/src/util/graphs/GraphDotOutput.h /home/t-filsra/adic2/ADIC/rose/src/util/graphs/GraphIO.h /home/t-filsra/adic2/ADIC/rose/src/util/graphs/MultiGraphObserve.h '/home/t-filsra/adic2/install/rose_inst/include/rose'
make[5]: Leaving directory `/home/t-filsra/adic2/ADIC/rose_build/src/util/graphs'
make[4]: Leaving directory `/home/t-filsra/adic2/ADIC/rose_build/src/util/graphs'
make[4]: Entering directory `/home/t-filsra/adic2/ADIC/rose_build/src/util'
make[5]: Entering directory `/home/t-filsra/adic2/ADIC/rose_build/src/util'
make[5]: Nothing to be done for `install-exec-am'.
 /bin/mkdir -p '/home/t-filsra/adic2/install/rose_inst/include/rose'
 /bin/mkdir -p '/home/t-filsra/adic2/install/rose_inst/include/rose/Sawyer'
 /usr/bin/install -C -m 644  /home/t-filsra/adic2/ADIC/rose/src/util/Sawyer/Access.h /home/t-filsra/adic2/ADIC/rose/src/util/Sawyer/AddressMap.h /home/t-filsra/adic2/ADIC/rose/src/util/Sawyer/AddressSegment.h /home/t-filsra/adic2/ADIC/rose/src/util/Sawyer/AllocatingBuffer.h /home/t-filsra/adic2/ADIC/rose/src/util/Sawyer/Assert.h /home/t-filsra/adic2/ADIC/rose/src/util/Sawyer/BiMap.h /home/t-filsra/adic2/ADIC/rose/src/util/Sawyer/BitVector.h /home/t-filsra/adic2/ADIC/rose/src/util/Sawyer/BitVectorSupport.h /home/t-filsra/adic2/ADIC/rose/src/util/Sawyer/Buffer.h /home/t-filsra/adic2/ADIC/rose/src/util/Sawyer/Cached.h /home/t-filsra/adic2/ADIC/rose/src/util/Sawyer/Callbacks.h /home/t-filsra/adic2/ADIC/rose/src/util/Sawyer/CommandLine.h /home/t-filsra/adic2/ADIC/rose/src/util/Sawyer/DefaultAllocator.h /home/t-filsra/adic2/ADIC/rose/src/util/Sawyer/DistinctList.h /home/t-filsra/adic2/ADIC/rose/src/util/Sawyer/Graph.h /home/t-filsra/adic2/ADIC/rose/src/util/Sawyer/GraphBoost.h /home/t-filsra/adic2/ADIC/rose/src/util/Sawyer/GraphTraversal.h /home/t-filsra/adic2/ADIC/rose/src/util/Sawyer/IndexedList.h /home/t-filsra/adic2/ADIC/rose/src/util/Sawyer/Interval.h /home/t-filsra/adic2/ADIC/rose/src/util/Sawyer/IntervalMap.h /home/t-filsra/adic2/ADIC/rose/src/util/Sawyer/IntervalSet.h /home/t-filsra/adic2/ADIC/rose/src/util/Sawyer/Map.h /home/t-filsra/adic2/ADIC/rose/src/util/Sawyer/MappedBuffer.h /home/t-filsra/adic2/ADIC/rose/src/util/Sawyer/Markup.h /home/t-filsra/adic2/ADIC/rose/src/util/Sawyer/MarkupPod.h /home/t-filsra/adic2/ADIC/rose/src/util/Sawyer/Message.h /home/t-filsra/adic2/ADIC/rose/src/util/Sawyer/NullBuffer.h /home/t-filsra/adic2/ADIC/rose/src/util/Sawyer/Optional.h /home/t-filsra/adic2/ADIC/rose/src/util/Sawyer/PoolAllocator.h /home/t-filsra/adic2/ADIC/rose/src/util/Sawyer/ProgressBar.h /home/t-filsra/adic2/ADIC/rose/src/util/Sawyer/Sawyer.h /home/t-filsra/adic2/ADIC/rose/src/util/Sawyer/SharedPointer.h /home/t-filsra/adic2/ADIC/rose/src/util/Sawyer/SmallObject.h /home/t-filsra/adic2/ADIC/rose/src/util/Sawyer/Stack.h /home/t-filsra/adic2/ADIC/rose/src/util/Sawyer/StaticBuffer.h /home/t-filsra/adic2/ADIC/rose/src/util/Sawyer/Stopwatch.h /home/t-filsra/adic2/ADIC/rose/src/util/Sawyer/Synchronization.h /home/t-filsra/adic2/ADIC/rose/src/util/Sawyer/WarningsOff.h /home/t-filsra/adic2/ADIC/rose/src/util/Sawyer/WarningsRestore.h '/home/t-filsra/adic2/install/rose_inst/include/rose/Sawyer'
 /bin/mkdir -p '/home/t-filsra/adic2/install/rose_inst/include/rose'
 /usr/bin/install -C -m 644 /home/t-filsra/adic2/ADIC/rose/src/util/Color.h /home/t-filsra/adic2/ADIC/rose/src/util/Combinatorics.h /home/t-filsra/adic2/ADIC/rose/src/util/compilationFileDatabase.h /home/t-filsra/adic2/ADIC/rose/src/util/FileSystem.h /home/t-filsra/adic2/ADIC/rose/src/util/FormatRestorer.h /home/t-filsra/adic2/ADIC/rose/src/util/GraphUtility.h /home/t-filsra/adic2/ADIC/rose/src/util/LinearCongruentialGenerator.h /home/t-filsra/adic2/ADIC/rose/src/util/Map.h /home/t-filsra/adic2/ADIC/rose/src/util/ParallelSort.h /home/t-filsra/adic2/ADIC/rose/src/util/processSupport.h /home/t-filsra/adic2/ADIC/rose/src/util/rose_getline.h /home/t-filsra/adic2/ADIC/rose/src/util/rose_override.h /home/t-filsra/adic2/ADIC/rose/src/util/rose_paths.h /home/t-filsra/adic2/ADIC/rose/src/util/rose_strtoull.h /home/t-filsra/adic2/ADIC/rose/src/util/roseTraceLib.c /home/t-filsra/adic2/ADIC/rose/src/util/setup.h '/home/t-filsra/adic2/install/rose_inst/include/rose'
make[5]: Leaving directory `/home/t-filsra/adic2/ADIC/rose_build/src/util'
make[4]: Leaving directory `/home/t-filsra/adic2/ADIC/rose_build/src/util'
make[3]: Leaving directory `/home/t-filsra/adic2/ADIC/rose_build/src/util'
Making install in ROSETTA
make[3]: Entering directory `/home/t-filsra/adic2/ADIC/rose_build/src/ROSETTA'
Making install in src
make[4]: Entering directory `/home/t-filsra/adic2/ADIC/rose_build/src/ROSETTA/src'
make  install-am
make[5]: Entering directory `/home/t-filsra/adic2/ADIC/rose_build/src/ROSETTA/src'
make[6]: Entering directory `/home/t-filsra/adic2/ADIC/rose_build/src/ROSETTA/src'
make[6]: Nothing to be done for `install-exec-am'.
make[6]: Nothing to be done for `install-data-am'.
make[6]: Leaving directory `/home/t-filsra/adic2/ADIC/rose_build/src/ROSETTA/src'
make[5]: Leaving directory `/home/t-filsra/adic2/ADIC/rose_build/src/ROSETTA/src'
make[4]: Leaving directory `/home/t-filsra/adic2/ADIC/rose_build/src/ROSETTA/src'
make[4]: Entering directory `/home/t-filsra/adic2/ADIC/rose_build/src/ROSETTA'
make[5]: Entering directory `/home/t-filsra/adic2/ADIC/rose_build/src/ROSETTA'
make[5]: Nothing to be done for `install-exec-am'.
make[5]: Nothing to be done for `install-data-am'.
make[5]: Leaving directory `/home/t-filsra/adic2/ADIC/rose_build/src/ROSETTA'
make[4]: Leaving directory `/home/t-filsra/adic2/ADIC/rose_build/src/ROSETTA'
make[3]: Leaving directory `/home/t-filsra/adic2/ADIC/rose_build/src/ROSETTA'
Making install in roseSupport
make[3]: Entering directory `/home/t-filsra/adic2/ADIC/rose_build/src/roseSupport'
make[4]: Entering directory `/home/t-filsra/adic2/ADIC/rose_build/src/roseSupport'
make[4]: Nothing to be done for `install-exec-am'.
 /bin/mkdir -p '/home/t-filsra/adic2/install/rose_inst/include/rose'
 /usr/bin/install -C -m 644 /home/t-filsra/adic2/ADIC/rose/src/roseSupport/callbacks.h /home/t-filsra/adic2/ADIC/rose/src/roseSupport/transformationSupport.h /home/t-filsra/adic2/ADIC/rose/src/roseSupport/optionDeclaration.h /home/t-filsra/adic2/ADIC/rose/src/roseSupport/sourceLocationInheritedAttribute.h /home/t-filsra/adic2/ADIC/rose/src/roseSupport/rangemap.h /home/t-filsra/adic2/ADIC/rose/src/roseSupport/roseTranslators.h /home/t-filsra/adic2/ADIC/rose/src/roseSupport/stringify.h /home/t-filsra/adic2/ADIC/rose/src/roseSupport/utility_functions.h /home/t-filsra/adic2/ADIC/rose/src/roseSupport/threadSupport.h /home/t-filsra/adic2/ADIC/rose/src/roseSupport/IncludeDirective.h /home/t-filsra/adic2/ADIC/rose/src/roseSupport/SqlDatabase.h /home/t-filsra/adic2/ADIC/rose/src/roseSupport/Diagnostics.h '/home/t-filsra/adic2/install/rose_inst/include/rose'
make[4]: Leaving directory `/home/t-filsra/adic2/ADIC/rose_build/src/roseSupport'
make[3]: Leaving directory `/home/t-filsra/adic2/ADIC/rose_build/src/roseSupport'
Making install in frontend
make[3]: Entering directory `/home/t-filsra/adic2/ADIC/rose_build/src/frontend'
Making install in SageIII
make[4]: Entering directory `/home/t-filsra/adic2/ADIC/rose_build/src/frontend/SageIII'
make  install-recursive
make[5]: Entering directory `/home/t-filsra/adic2/ADIC/rose_build/src/frontend/SageIII'
Making install in astFileIO
make[6]: Entering directory `/home/t-filsra/adic2/ADIC/rose_build/src/frontend/SageIII/astFileIO'
cd ../../../ROSETTA/src; make
make[7]: Entering directory `/home/t-filsra/adic2/ADIC/rose_build/src/ROSETTA/src'
make  all-am
make[8]: Entering directory `/home/t-filsra/adic2/ADIC/rose_build/src/ROSETTA/src'
make[8]: Nothing to be done for `all-am'.
make[8]: Leaving directory `/home/t-filsra/adic2/ADIC/rose_build/src/ROSETTA/src'
make[7]: Leaving directory `/home/t-filsra/adic2/ADIC/rose_build/src/ROSETTA/src'
make[7]: Entering directory `/home/t-filsra/adic2/ADIC/rose_build/src/frontend/SageIII/astFileIO'
make[7]: Nothing to be done for `install-exec-am'.
cd ../../../ROSETTA/src; make
make[8]: Entering directory `/home/t-filsra/adic2/ADIC/rose_build/src/ROSETTA/src'
make  all-am
make[9]: Entering directory `/home/t-filsra/adic2/ADIC/rose_build/src/ROSETTA/src'
make[9]: Nothing to be done for `all-am'.
make[9]: Leaving directory `/home/t-filsra/adic2/ADIC/rose_build/src/ROSETTA/src'
make[8]: Leaving directory `/home/t-filsra/adic2/ADIC/rose_build/src/ROSETTA/src'
 /bin/mkdir -p '/home/t-filsra/adic2/install/rose_inst/include/rose'
 /usr/bin/install -C -m 644 AstSpecificDataManagingClass.h '/home/t-filsra/adic2/install/rose_inst/include/rose'
 /bin/mkdir -p '/home/t-filsra/adic2/install/rose_inst/include/rose'
 /usr/bin/install -C -m 644 /home/t-filsra/adic2/ADIC/rose/src/frontend/SageIII/astFileIO/StorageClassMemoryManagement.h '/home/t-filsra/adic2/install/rose_inst/include/rose'
make[7]: Leaving directory `/home/t-filsra/adic2/ADIC/rose_build/src/frontend/SageIII/astFileIO'
make[6]: Leaving directory `/home/t-filsra/adic2/ADIC/rose_build/src/frontend/SageIII/astFileIO'
Making install in astMerge
make[6]: Entering directory `/home/t-filsra/adic2/ADIC/rose_build/src/frontend/SageIII/astMerge'
make[7]: Entering directory `/home/t-filsra/adic2/ADIC/rose_build/src/frontend/SageIII/astMerge'
make[7]: Nothing to be done for `install-exec-am'.
 /bin/mkdir -p '/home/t-filsra/adic2/install/rose_inst/include/rose'
 /usr/bin/install -C -m 644 /home/t-filsra/adic2/ADIC/rose/src/frontend/SageIII/astMerge/buildMangledNameMap.h /home/t-filsra/adic2/ADIC/rose/src/frontend/SageIII/astMerge/buildReplacementMap.h /home/t-filsra/adic2/ADIC/rose/src/frontend/SageIII/astMerge/collectAssociateNodes.h /home/t-filsra/adic2/ADIC/rose/src/frontend/SageIII/astMerge/deleteOrphanNodes.h /home/t-filsra/adic2/ADIC/rose/src/frontend/SageIII/astMerge/fixupTraversal.h /home/t-filsra/adic2/ADIC/rose/src/frontend/SageIII/astMerge/merge.h /home/t-filsra/adic2/ADIC/rose/src/frontend/SageIII/astMerge/merge_support.h /home/t-filsra/adic2/ADIC/rose/src/frontend/SageIII/astMerge/nullifyAST.h /home/t-filsra/adic2/ADIC/rose/src/frontend/SageIII/astMerge/test_support.h /home/t-filsra/adic2/ADIC/rose/src/frontend/SageIII/astMerge/requiredNodes.h /home/t-filsra/adic2/ADIC/rose/src/frontend/SageIII/astMerge/astMergeAPI.h /home/t-filsra/adic2/ADIC/rose/src/frontend/SageIII/astMerge/AstFixParentTraversal.h '/home/t-filsra/adic2/install/rose_inst/include/rose'
make[7]: Leaving directory `/home/t-filsra/adic2/ADIC/rose_build/src/frontend/SageIII/astMerge'
make[6]: Leaving directory `/home/t-filsra/adic2/ADIC/rose_build/src/frontend/SageIII/astMerge'
Making install in astFixup
make[6]: Entering directory `/home/t-filsra/adic2/ADIC/rose_build/src/frontend/SageIII/astFixup'
make[7]: Entering directory `/home/t-filsra/adic2/ADIC/rose_build/src/frontend/SageIII/astFixup'
make[7]: Nothing to be done for `install-exec-am'.
 /bin/mkdir -p '/home/t-filsra/adic2/install/rose_inst/include/rose'
 /usr/bin/install -C -m 644 /home/t-filsra/adic2/ADIC/rose/src/frontend/SageIII/astFixup/AstFixup.h /home/t-filsra/adic2/ADIC/rose/src/frontend/SageIII/astFixup/fixupFunctionDefinitions.h /home/t-filsra/adic2/ADIC/rose/src/frontend/SageIII/astFixup/fixupStorageAccessOfForwardTemplateDeclarations.h /home/t-filsra/adic2/ADIC/rose/src/frontend/SageIII/astFixup/removeInitializedNamePtr.h /home/t-filsra/adic2/ADIC/rose/src/frontend/SageIII/astFixup/fixupforGnuBackendCompiler.h /home/t-filsra/adic2/ADIC/rose/src/frontend/SageIII/astFixup/fixupInClassDataInitialization.h /home/t-filsra/adic2/ADIC/rose/src/frontend/SageIII/astFixup/fixupTemplateDeclarations.h /home/t-filsra/adic2/ADIC/rose/src/frontend/SageIII/astFixup/fixupSourcePositionInformation.h /home/t-filsra/adic2/ADIC/rose/src/frontend/SageIII/astFixup/fixupEnumValues.h /home/t-filsra/adic2/ADIC/rose/src/frontend/SageIII/astFixup/fixupFriendTemplateDeclarations.h /home/t-filsra/adic2/ADIC/rose/src/frontend/SageIII/astFixup/fixupPrettyFunction.h '/home/t-filsra/adic2/install/rose_inst/include/rose'
make[7]: Leaving directory `/home/t-filsra/adic2/ADIC/rose_build/src/frontend/SageIII/astFixup'
make[6]: Leaving directory `/home/t-filsra/adic2/ADIC/rose_build/src/frontend/SageIII/astFixup'
Making install in astPostProcessing
make[6]: Entering directory `/home/t-filsra/adic2/ADIC/rose_build/src/frontend/SageIII/astPostProcessing'
make[7]: Entering directory `/home/t-filsra/adic2/ADIC/rose_build/src/frontend/SageIII/astPostProcessing'
make[7]: Nothing to be done for `install-exec-am'.
 /bin/mkdir -p '/home/t-filsra/adic2/install/rose_inst/include/rose'
 /usr/bin/install -C -m 644 /home/t-filsra/adic2/ADIC/rose/src/frontend/SageIII/astPostProcessing/astPostProcessing.h /home/t-filsra/adic2/ADIC/rose/src/frontend/SageIII/astPostProcessing/fixupDefiningAndNondefiningDeclarations.h /home/t-filsra/adic2/ADIC/rose/src/frontend/SageIII/astPostProcessing/markCompilerGenerated.h /home/t-filsra/adic2/ADIC/rose/src/frontend/SageIII/astPostProcessing/markTemplateSpecializationsForOutput.h /home/t-filsra/adic2/ADIC/rose/src/frontend/SageIII/astPostProcessing/resetTemplateNames.h /home/t-filsra/adic2/ADIC/rose/src/frontend/SageIII/astPostProcessing/checkIsModifiedFlag.h /home/t-filsra/adic2/ADIC/rose/src/frontend/SageIII/astPostProcessing/checkIsFrontendSpecificFlag.h /home/t-filsra/adic2/ADIC/rose/src/frontend/SageIII/astPostProcessing/checkIsCompilerGeneratedFlag.h /home/t-filsra/adic2/ADIC/rose/src/frontend/SageIII/astPostProcessing/fixupSymbolTables.h /home/t-filsra/adic2/ADIC/rose/src/frontend/SageIII/astPostProcessing/markForOutputInCodeGeneration.h /home/t-filsra/adic2/ADIC/rose/src/frontend/SageIII/astPostProcessing/processTemplateHandlingOptions.h /home/t-filsra/adic2/ADIC/rose/src/frontend/SageIII/astPostProcessing/fixupDeclarations.h /home/t-filsra/adic2/ADIC/rose/src/frontend/SageIII/astPostProcessing/fixupTemplateInstantiations.h /home/t-filsra/adic2/ADIC/rose/src/frontend/SageIII/astPostProcessing/markTemplateInstantiationsForOutput.h /home/t-filsra/adic2/ADIC/rose/src/frontend/SageIII/astPostProcessing/resetParentPointers.h /home/t-filsra/adic2/ADIC/rose/src/frontend/SageIII/astPostProcessing/initializeExplicitScopeData.h /home/t-filsra/adic2/ADIC/rose/src/frontend/SageIII/astPostProcessing/markOverloadedTemplateInstantiations.h /home/t-filsra/adic2/ADIC/rose/src/frontend/SageIII/astPostProcessing/markTransformationsForOutput.h /home/t-filsra/adic2/ADIC/rose/src/frontend/SageIII/astPostProcessing/markBackendCompilerSpecificFunctions.h /home/t-filsra/adic2/ADIC/rose/src/frontend/SageIII/astPostProcessing/fixupNullPointers.h /home/t-filsra/adic2/ADIC/rose/src/frontend/SageIII/astPostProcessing/fixupNames.h /home/t-filsra/adic2/ADIC/rose/src/frontend/SageIII/astPostProcessing/fixupTypes.h /home/t-filsra/adic2/ADIC/rose/src/frontend/SageIII/astPostProcessing/fixupConstructorPreinitializationLists.h /home/t-filsra/adic2/ADIC/rose/src/frontend/SageIII/astPostProcessing/propagateHiddenListData.h /home/t-filsra/adic2/ADIC/rose/src/frontend/SageIII/astPostProcessing/resolveFortranReferences.h /home/t-filsra/adic2/ADIC/rose/src/frontend/SageIII/astPostProcessing/insertFortranContainsStatement.h /home/t-filsra/adic2/ADIC/rose/src/frontend/SageIII/astPostProcessing/markLhsValues.h /home/t-filsra/adic2/ADIC/rose/src/frontend/SageIII/astPostProcessing/fixupUseAndUsingDeclarations.h /home/t-filsra/adic2/ADIC/rose/src/frontend/SageIII/astPostProcessing/fixupCxxSymbolTablesToSupportAliasingSymbols.h /home/t-filsra/adic2/ADIC/rose/src/frontend/SageIII/astPostProcessing/normalizeTypedefSequenceLists.h /home/t-filsra/adic2/ADIC/rose/src/frontend/SageIII/astPostProcessing/fixupConstantFoldedValues.h /home/t-filsra/adic2/ADIC/rose/src/frontend/SageIII/astPostProcessing/detectTransformations.h /home/t-filsra/adic2/ADIC/rose/src/frontend/SageIII/astPostProcessing/fixupTypeReferences.h /home/t-filsra/adic2/ADIC/rose/src/frontend/SageIII/astPostProcessing/fixupSelfReferentialMacros.h /home/t-filsra/adic2/ADIC/rose/src/frontend/SageIII/astPostProcessing/fixupFunctionDefaultArguments.h /home/t-filsra/adic2/ADIC/rose/src/frontend/SageIII/astPostProcessing/checkPhysicalSourcePosition.h /home/t-filsra/adic2/ADIC/rose/src/frontend/SageIII/astPostProcessing/fixupDeclarationScope.h '/home/t-filsra/adic2/install/rose_inst/include/rose'
make[7]: Leaving directory `/home/t-filsra/adic2/ADIC/rose_build/src/frontend/SageIII/astPostProcessing'
make[6]: Leaving directory `/home/t-filsra/adic2/ADIC/rose_build/src/frontend/SageIII/astPostProcessing'
Making install in sageInterface
make[6]: Entering directory `/home/t-filsra/adic2/ADIC/rose_build/src/frontend/SageIII/sageInterface'
make[7]: Entering directory `/home/t-filsra/adic2/ADIC/rose_build/src/frontend/SageIII/sageInterface'
make[7]: Nothing to be done for `install-exec-am'.
 /bin/mkdir -p '/home/t-filsra/adic2/install/rose_inst/include/rose'
 /usr/bin/install -C -m 644 /home/t-filsra/adic2/ADIC/rose/src/frontend/SageIII/sageInterface/sageInterface.h /home/t-filsra/adic2/ADIC/rose/src/frontend/SageIII/sageInterface/sageBuilder.h /home/t-filsra/adic2/ADIC/rose/src/frontend/SageIII/sageInterface/sageGeneric.h /home/t-filsra/adic2/ADIC/rose/src/frontend/SageIII/sageInterface/sageFunctors.h /home/t-filsra/adic2/ADIC/rose/src/frontend/SageIII/sageInterface/integerOps.h /home/t-filsra/adic2/ADIC/rose/src/frontend/SageIII/sageInterface/abiStuff.h /home/t-filsra/adic2/ADIC/rose/src/frontend/SageIII/sageInterface/sageInterfaceAsm.h /home/t-filsra/adic2/ADIC/rose/src/frontend/SageIII/sageInterface/sageBuilderAsm.h '/home/t-filsra/adic2/install/rose_inst/include/rose'
make[7]: Leaving directory `/home/t-filsra/adic2/ADIC/rose_build/src/frontend/SageIII/sageInterface'
make[6]: Leaving directory `/home/t-filsra/adic2/ADIC/rose_build/src/frontend/SageIII/sageInterface'
Making install in virtualCFG
make[6]: Entering directory `/home/t-filsra/adic2/ADIC/rose_build/src/frontend/SageIII/virtualCFG'
make[7]: Entering directory `/home/t-filsra/adic2/ADIC/rose_build/src/frontend/SageIII/virtualCFG'
make[7]: Nothing to be done for `install-exec-am'.
 /bin/mkdir -p '/home/t-filsra/adic2/install/rose_inst/include/rose'
 /usr/bin/install -C -m 644 /home/t-filsra/adic2/ADIC/rose/src/frontend/SageIII/virtualCFG/virtualCFG.h /home/t-filsra/adic2/ADIC/rose/src/frontend/SageIII/virtualCFG/virtualBinCFG.h /home/t-filsra/adic2/ADIC/rose/src/frontend/SageIII/virtualCFG/cfgToDot.h /home/t-filsra/adic2/ADIC/rose/src/frontend/SageIII/virtualCFG/filteredCFG.h /home/t-filsra/adic2/ADIC/rose/src/frontend/SageIII/virtualCFG/customFilteredCFG.h /home/t-filsra/adic2/ADIC/rose/src/frontend/SageIII/virtualCFG/filteredCFGImpl.h /home/t-filsra/adic2/ADIC/rose/src/frontend/SageIII/virtualCFG/staticCFG.h /home/t-filsra/adic2/ADIC/rose/src/frontend/SageIII/virtualCFG/interproceduralCFG.h '/home/t-filsra/adic2/install/rose_inst/include/rose'
make[7]: Leaving directory `/home/t-filsra/adic2/ADIC/rose_build/src/frontend/SageIII/virtualCFG'
make[6]: Leaving directory `/home/t-filsra/adic2/ADIC/rose_build/src/frontend/SageIII/virtualCFG'
Making install in astTokenStream
make[6]: Entering directory `/home/t-filsra/adic2/ADIC/rose_build/src/frontend/SageIII/astTokenStream'
make[7]: Entering directory `/home/t-filsra/adic2/ADIC/rose_build/src/frontend/SageIII/astTokenStream'
make[7]: Nothing to be done for `install-exec-am'.
 /bin/mkdir -p '/home/t-filsra/adic2/install/rose_inst/include/rose'
 /usr/bin/install -C -m 644 /home/t-filsra/adic2/ADIC/rose/src/frontend/SageIII/astTokenStream/createMap.h /home/t-filsra/adic2/ADIC/rose/src/frontend/SageIII/astTokenStream/doCompleteMapping.h /home/t-filsra/adic2/ADIC/rose/src/frontend/SageIII/astTokenStream/linearizeAST.h /home/t-filsra/adic2/ADIC/rose/src/frontend/SageIII/astTokenStream/unparseMacro.h /home/t-filsra/adic2/ADIC/rose/src/frontend/SageIII/astTokenStream/tokenStreamMapping.h /home/t-filsra/adic2/ADIC/rose/src/frontend/SageIII/astTokenStream/frontierDetection.h /home/t-filsra/adic2/ADIC/rose/src/frontend/SageIII/astTokenStream/simpleFrontierDetection.h /home/t-filsra/adic2/ADIC/rose/src/frontend/SageIII/astTokenStream/previousAndNextNode.h /home/t-filsra/adic2/ADIC/rose/src/frontend/SageIII/astTokenStream/maxExtents.h '/home/t-filsra/adic2/install/rose_inst/include/rose'
make[7]: Leaving directory `/home/t-filsra/adic2/ADIC/rose_build/src/frontend/SageIII/astTokenStream'
make[6]: Leaving directory `/home/t-filsra/adic2/ADIC/rose_build/src/frontend/SageIII/astTokenStream'
Making install in astHiddenTypeAndDeclarationLists
make[6]: Entering directory `/home/t-filsra/adic2/ADIC/rose_build/src/frontend/SageIII/astHiddenTypeAndDeclarationLists'
make[7]: Entering directory `/home/t-filsra/adic2/ADIC/rose_build/src/frontend/SageIII/astHiddenTypeAndDeclarationLists'
make[7]: Nothing to be done for `install-exec-am'.
 /bin/mkdir -p '/home/t-filsra/adic2/install/rose_inst/include/rose'
 /usr/bin/install -C -m 644 /home/t-filsra/adic2/ADIC/rose/src/frontend/SageIII/astHiddenTypeAndDeclarationLists/HiddenList.h /home/t-filsra/adic2/ADIC/rose/src/frontend/SageIII/astHiddenTypeAndDeclarationLists/HiddenList_Intersection.h /home/t-filsra/adic2/ADIC/rose/src/frontend/SageIII/astHiddenTypeAndDeclarationLists/HiddenList_Output.h '/home/t-filsra/adic2/install/rose_inst/include/rose'
make[7]: Leaving directory `/home/t-filsra/adic2/ADIC/rose_build/src/frontend/SageIII/astHiddenTypeAndDeclarationLists'
make[6]: Leaving directory `/home/t-filsra/adic2/ADIC/rose_build/src/frontend/SageIII/astHiddenTypeAndDeclarationLists'
Making install in astVisualization
make[6]: Entering directory `/home/t-filsra/adic2/ADIC/rose_build/src/frontend/SageIII/astVisualization'
make[7]: Entering directory `/home/t-filsra/adic2/ADIC/rose_build/src/frontend/SageIII/astVisualization'
make[7]: Nothing to be done for `install-exec-am'.
 /bin/mkdir -p '/home/t-filsra/adic2/install/rose_inst/include/rose'
 /usr/bin/install -C -m 644 /home/t-filsra/adic2/ADIC/rose/src/frontend/SageIII/astVisualization/AstAttributeDOT.h /home/t-filsra/adic2/ADIC/rose/src/frontend/SageIII/astVisualization/astGraph.h /home/t-filsra/adic2/ADIC/rose/src/frontend/SageIII/astVisualization/astGraphTemplateImpl.h /home/t-filsra/adic2/ADIC/rose/src/frontend/SageIII/astVisualization/wholeAST.h /home/t-filsra/adic2/ADIC/rose/src/frontend/SageIII/astVisualization/wholeAST_API.h /home/t-filsra/adic2/ADIC/rose/src/frontend/SageIII/astVisualization/copyGraph.h /home/t-filsra/adic2/ADIC/rose/src/frontend/SageIII/astVisualization/walrus.h /home/t-filsra/adic2/ADIC/rose/src/frontend/SageIII/astVisualization/intermediateRepresentationNodeGraphs.h '/home/t-filsra/adic2/install/rose_inst/include/rose'
make[7]: Leaving directory `/home/t-filsra/adic2/ADIC/rose_build/src/frontend/SageIII/astVisualization'
make[6]: Leaving directory `/home/t-filsra/adic2/ADIC/rose_build/src/frontend/SageIII/astVisualization'
Making install in astFromString
make[6]: Entering directory `/home/t-filsra/adic2/ADIC/rose_build/src/frontend/SageIII/astFromString'
make[7]: Entering directory `/home/t-filsra/adic2/ADIC/rose_build/src/frontend/SageIII/astFromString'
make[7]: Nothing to be done for `install-exec-am'.
 /bin/mkdir -p '/home/t-filsra/adic2/install/rose_inst/include/rose'
 /usr/bin/install -C -m 644 /home/t-filsra/adic2/ADIC/rose/src/frontend/SageIII/astFromString/AstFromString.h /home/t-filsra/adic2/ADIC/rose/src/frontend/SageIII/astFromString/ParserBuilder.hpp /home/t-filsra/adic2/ADIC/rose/src/frontend/SageIII/astFromString/ParserBuilder.tpp '/home/t-filsra/adic2/install/rose_inst/include/rose'
make[7]: Leaving directory `/home/t-filsra/adic2/ADIC/rose_build/src/frontend/SageIII/astFromString'
make[6]: Leaving directory `/home/t-filsra/adic2/ADIC/rose_build/src/frontend/SageIII/astFromString'
Making install in includeDirectivesProcessing
make[6]: Entering directory `/home/t-filsra/adic2/ADIC/rose_build/src/frontend/SageIII/includeDirectivesProcessing'
make[7]: Entering directory `/home/t-filsra/adic2/ADIC/rose_build/src/frontend/SageIII/includeDirectivesProcessing'
make[7]: Nothing to be done for `install-exec-am'.
 /bin/mkdir -p '/home/t-filsra/adic2/install/rose_inst/include/rose'
 /usr/bin/install -C -m 644 /home/t-filsra/adic2/ADIC/rose/src/frontend/SageIII/includeDirectivesProcessing/CompilerOutputReader.h /home/t-filsra/adic2/ADIC/rose/src/frontend/SageIII/includeDirectivesProcessing/CompilerOutputParser.h /home/t-filsra/adic2/ADIC/rose/src/frontend/SageIII/includeDirectivesProcessing/IncludingPreprocessingInfosCollector.h '/home/t-filsra/adic2/install/rose_inst/include/rose'
make[7]: Leaving directory `/home/t-filsra/adic2/ADIC/rose_build/src/frontend/SageIII/includeDirectivesProcessing'
make[6]: Leaving directory `/home/t-filsra/adic2/ADIC/rose_build/src/frontend/SageIII/includeDirectivesProcessing'
Making install in GENERATED_CODE_DIRECTORY_Cxx_Grammar
make[6]: Entering directory `/home/t-filsra/adic2/ADIC/rose_build/src/frontend/SageIII/GENERATED_CODE_DIRECTORY_Cxx_Grammar'
make[7]: Entering directory `/home/t-filsra/adic2/ADIC/rose_build/src/frontend/SageIII/GENERATED_CODE_DIRECTORY_Cxx_Grammar'
make[8]: Entering directory `/home/t-filsra/adic2/ADIC/rose_build/src/frontend/SageIII/GENERATED_CODE_DIRECTORY_Cxx_Grammar'
make[8]: Nothing to be done for `install-exec-am'.
make[8]: Nothing to be done for `install-data-am'.
make[8]: Leaving directory `/home/t-filsra/adic2/ADIC/rose_build/src/frontend/SageIII/GENERATED_CODE_DIRECTORY_Cxx_Grammar'
make[7]: Leaving directory `/home/t-filsra/adic2/ADIC/rose_build/src/frontend/SageIII/GENERATED_CODE_DIRECTORY_Cxx_Grammar'
make[6]: Leaving directory `/home/t-filsra/adic2/ADIC/rose_build/src/frontend/SageIII/GENERATED_CODE_DIRECTORY_Cxx_Grammar'
make[6]: Entering directory `/home/t-filsra/adic2/ADIC/rose_build/src/frontend/SageIII'
make[7]: Entering directory `/home/t-filsra/adic2/ADIC/rose_build/src/frontend/SageIII'
make[7]: Nothing to be done for `install-exec-am'.
 /bin/mkdir -p '/home/t-filsra/adic2/install/rose_inst/include/rose'
 /usr/bin/install -C -m 644 Cxx_Grammar.h Cxx_GrammarMemoryPoolSupport.h Cxx_GrammarTreeTraversalAccessEnums.h AST_FILE_IO.h StorageClasses.h AstQueryMemoryPool.h astFileIO/AstSpecificDataManagingClass.h '/home/t-filsra/adic2/install/rose_inst/include/rose'
 /bin/mkdir -p '/home/t-filsra/adic2/install/rose_inst/include/rose'
 /usr/bin/install -C -m 644 /home/t-filsra/adic2/ADIC/rose/src/frontend/SageIII/sage3.h /home/t-filsra/adic2/ADIC/rose/src/frontend/SageIII/sage3basic.h /home/t-filsra/adic2/ADIC/rose/src/frontend/SageIII/rose_attributes_list.h /home/t-filsra/adic2/ADIC/rose/src/frontend/SageIII/attachPreprocessingInfo.h /home/t-filsra/adic2/ADIC/rose/src/frontend/SageIII/attachPreprocessingInfoTraversal.h /home/t-filsra/adic2/ADIC/rose/src/frontend/SageIII/attach_all_info.h /home/t-filsra/adic2/ADIC/rose/src/frontend/SageIII/manglingSupport.h /home/t-filsra/adic2/ADIC/rose/src/frontend/SageIII/C++_include_files.h /home/t-filsra/adic2/ADIC/rose/src/frontend/SageIII/fixupCopy.h /home/t-filsra/adic2/ADIC/rose/src/frontend/SageIII/general_token_defs.h /home/t-filsra/adic2/ADIC/rose/src/frontend/SageIII/rtiHelpers.h /home/t-filsra/adic2/ADIC/rose/src/frontend/SageIII/OmpAttribute.h /home/t-filsra/adic2/ADIC/rose/src/frontend/SageIII/omp.h /home/t-filsra/adic2/ADIC/rose/src/frontend/SageIII/dwarfSupport.h /home/t-filsra/adic2/ADIC/rose/src/frontend/SageIII/atermSupport.h /home/t-filsra/adic2/ADIC/rose/src/frontend/SageIII/omp_lib_kinds.h /home/t-filsra/adic2/ADIC/rose/src/frontend/SageIII/omp_lib.h /home/t-filsra/adic2/ADIC/rose/src/frontend/SageIII/sage3basic.hhh /home/t-filsra/adic2/ADIC/rose/src/frontend/SageIII/rosedefs.h /home/t-filsra/adic2/ADIC/rose/src/frontend/SageIII/fileoffsetbits.h /home/t-filsra/adic2/ADIC/rose/src/frontend/SageIII/rosedll.h /home/t-filsra/adic2/ADIC/rose/src/frontend/SageIII/sage_support/sage_support.h /home/t-filsra/adic2/ADIC/rose/src/frontend/SageIII/sage_support/keep_going.h /home/t-filsra/adic2/ADIC/rose/src/frontend/SageIII/sage_support/cmdline.h '/home/t-filsra/adic2/install/rose_inst/include/rose'
make[7]: Leaving directory `/home/t-filsra/adic2/ADIC/rose_build/src/frontend/SageIII'
make[6]: Leaving directory `/home/t-filsra/adic2/ADIC/rose_build/src/frontend/SageIII'
make[5]: Leaving directory `/home/t-filsra/adic2/ADIC/rose_build/src/frontend/SageIII'
make[4]: Leaving directory `/home/t-filsra/adic2/ADIC/rose_build/src/frontend/SageIII'
Making install in X10_ROSE_Connection
make[4]: Entering directory `/home/t-filsra/adic2/ADIC/rose_build/src/frontend/X10_ROSE_Connection'
make[5]: Entering directory `/home/t-filsra/adic2/ADIC/rose_build/src/frontend/X10_ROSE_Connection'
 /bin/mkdir -p '/home/t-filsra/adic2/install/rose_inst/include'
 /usr/bin/install -C -m 644 /home/t-filsra/adic2/ADIC/rose/src/frontend/X10_ROSE_Connection/jni_x10SourceCodePosition.h /home/t-filsra/adic2/ADIC/rose/src/frontend/X10_ROSE_Connection/jni_x10_token.h /home/t-filsra/adic2/ADIC/rose/src/frontend/X10_ROSE_Connection/jni_x10_utils.h /home/t-filsra/adic2/ADIC/rose/src/frontend/X10_ROSE_Connection/x10.h /home/t-filsra/adic2/ADIC/rose/src/frontend/X10_ROSE_Connection/x10SourceCodePosition.h /home/t-filsra/adic2/ADIC/rose/src/frontend/X10_ROSE_Connection/x10_support.h /home/t-filsra/adic2/ADIC/rose/src/frontend/X10_ROSE_Connection/x10_token.h /home/t-filsra/adic2/ADIC/rose/src/frontend/X10_ROSE_Connection/x10Parser.h /home/t-filsra/adic2/ADIC/rose/src/frontend/X10_ROSE_Connection/jserver.h '/home/t-filsra/adic2/install/rose_inst/include'
make[5]: Leaving directory `/home/t-filsra/adic2/ADIC/rose_build/src/frontend/X10_ROSE_Connection'
make[4]: Leaving directory `/home/t-filsra/adic2/ADIC/rose_build/src/frontend/X10_ROSE_Connection'
Making install in CxxFrontend
make[4]: Entering directory `/home/t-filsra/adic2/ADIC/rose_build/src/frontend/CxxFrontend'
Making install in Clang
make[5]: Entering directory `/home/t-filsra/adic2/ADIC/rose_build/src/frontend/CxxFrontend/Clang'
make[6]: Entering directory `/home/t-filsra/adic2/ADIC/rose_build/src/frontend/CxxFrontend/Clang'
make[6]: Nothing to be done for `install-exec-am'.
make[6]: Leaving directory `/home/t-filsra/adic2/ADIC/rose_build/src/frontend/CxxFrontend/Clang'
make[5]: Leaving directory `/home/t-filsra/adic2/ADIC/rose_build/src/frontend/CxxFrontend/Clang'
make[5]: Entering directory `/home/t-filsra/adic2/ADIC/rose_build/src/frontend/CxxFrontend'
make[6]: Entering directory `/home/t-filsra/adic2/ADIC/rose_build/src/frontend/CxxFrontend'
make[6]: Nothing to be done for `install-exec-am'.
make[6]: Nothing to be done for `install-data-am'.
make[6]: Leaving directory `/home/t-filsra/adic2/ADIC/rose_build/src/frontend/CxxFrontend'
make[5]: Leaving directory `/home/t-filsra/adic2/ADIC/rose_build/src/frontend/CxxFrontend'
make[4]: Leaving directory `/home/t-filsra/adic2/ADIC/rose_build/src/frontend/CxxFrontend'
Making install in ECJ_ROSE_Connection
make[4]: Entering directory `/home/t-filsra/adic2/ADIC/rose_build/src/frontend/ECJ_ROSE_Connection'
make  install-am
make[5]: Entering directory `/home/t-filsra/adic2/ADIC/rose_build/src/frontend/ECJ_ROSE_Connection'
make[6]: Entering directory `/home/t-filsra/adic2/ADIC/rose_build/src/frontend/ECJ_ROSE_Connection'
make[6]: Leaving directory `/home/t-filsra/adic2/ADIC/rose_build/src/frontend/ECJ_ROSE_Connection'
make[5]: Leaving directory `/home/t-filsra/adic2/ADIC/rose_build/src/frontend/ECJ_ROSE_Connection'
make[4]: Leaving directory `/home/t-filsra/adic2/ADIC/rose_build/src/frontend/ECJ_ROSE_Connection'
Making install in BinaryDisassembly
make[4]: Entering directory `/home/t-filsra/adic2/ADIC/rose_build/src/frontend/BinaryDisassembly'
make[5]: Entering directory `/home/t-filsra/adic2/ADIC/rose_build/src/frontend/BinaryDisassembly'
 /bin/mkdir -p '/home/t-filsra/adic2/install/rose_inst/include/rose'
 /usr/bin/install -C -m 644 /home/t-filsra/adic2/ADIC/rose/src/frontend/BinaryDisassembly/RoseBin_IDAPRO_branchGraph.h /home/t-filsra/adic2/ADIC/rose/src/frontend/BinaryDisassembly/RoseBin_buildTree.h /home/t-filsra/adic2/ADIC/rose/src/frontend/BinaryDisassembly/RoseBin_IDAPRO_buildTree.h /home/t-filsra/adic2/ADIC/rose/src/frontend/BinaryDisassembly/RoseBin_IDAPRO_callGraph.h /home/t-filsra/adic2/ADIC/rose/src/frontend/BinaryDisassembly/RoseBin_IDAPRO_exprTree.h /home/t-filsra/adic2/ADIC/rose/src/frontend/BinaryDisassembly/RoseBin_IDAPRO_substTree.h /home/t-filsra/adic2/ADIC/rose/src/frontend/BinaryDisassembly/RoseBin_support.h /home/t-filsra/adic2/ADIC/rose/src/frontend/BinaryDisassembly/MyAstAttribute.h /home/t-filsra/adic2/ADIC/rose/src/frontend/BinaryDisassembly/AST_BIN_Traversal.h /home/t-filsra/adic2/ADIC/rose/src/frontend/BinaryDisassembly/readTicl.h /home/t-filsra/adic2/ADIC/rose/src/frontend/BinaryDisassembly/RoseBin_file.h /home/t-filsra/adic2/ADIC/rose/src/frontend/BinaryDisassembly/RoseFile.h /home/t-filsra/adic2/ADIC/rose/src/frontend/BinaryDisassembly/RoseBin_abstract.h /home/t-filsra/adic2/ADIC/rose/src/frontend/BinaryDisassembly/powerpcInstructionProperties.h /home/t-filsra/adic2/ADIC/rose/src/frontend/BinaryDisassembly/RoseObj.h '/home/t-filsra/adic2/install/rose_inst/include/rose'
make[5]: Leaving directory `/home/t-filsra/adic2/ADIC/rose_build/src/frontend/BinaryDisassembly'
make[4]: Leaving directory `/home/t-filsra/adic2/ADIC/rose_build/src/frontend/BinaryDisassembly'
Making install in Disassemblers
make[4]: Entering directory `/home/t-filsra/adic2/ADIC/rose_build/src/frontend/Disassemblers'
make[5]: Entering directory `/home/t-filsra/adic2/ADIC/rose_build/src/frontend/Disassemblers'
make[5]: Nothing to be done for `install-exec-am'.
 /bin/mkdir -p '/home/t-filsra/adic2/install/rose_inst/include/rose'
 /usr/bin/install -C -m 644 /home/t-filsra/adic2/ADIC/rose/src/frontend/Disassemblers/BinaryDebugger.h /home/t-filsra/adic2/ADIC/rose/src/frontend/Disassemblers/Partitioner.h /home/t-filsra/adic2/ADIC/rose/src/frontend/Disassemblers/Registers.h /home/t-filsra/adic2/ADIC/rose/src/frontend/Disassemblers/BitPattern.h /home/t-filsra/adic2/ADIC/rose/src/frontend/Disassemblers/Disassembler.h /home/t-filsra/adic2/ADIC/rose/src/frontend/Disassemblers/DisassemblerArm.h /home/t-filsra/adic2/ADIC/rose/src/frontend/Disassemblers/DisassemblerMips.h /home/t-filsra/adic2/ADIC/rose/src/frontend/Disassemblers/DisassemblerM68k.h /home/t-filsra/adic2/ADIC/rose/src/frontend/Disassemblers/DisassemblerPowerpc.h /home/t-filsra/adic2/ADIC/rose/src/frontend/Disassemblers/DisassemblerX86.h /home/t-filsra/adic2/ADIC/rose/src/frontend/Disassemblers/Assembler.h /home/t-filsra/adic2/ADIC/rose/src/frontend/Disassemblers/AssemblerX86.h /home/t-filsra/adic2/ADIC/rose/src/frontend/Disassemblers/AssemblerX86Init.h /home/t-filsra/adic2/ADIC/rose/src/frontend/Disassemblers/InstructionEnumsX86.h /home/t-filsra/adic2/ADIC/rose/src/frontend/Disassemblers/InstructionEnumsMips.h /home/t-filsra/adic2/ADIC/rose/src/frontend/Disassemblers/InstructionEnumsM68k.h /home/t-filsra/adic2/ADIC/rose/src/frontend/Disassemblers/x86InstructionProperties.h /home/t-filsra/adic2/ADIC/rose/src/frontend/Disassemblers/armInstructionEnum.h /home/t-filsra/adic2/ADIC/rose/src/frontend/Disassemblers/powerpcInstructionEnum.h '/home/t-filsra/adic2/install/rose_inst/include/rose'
make[5]: Leaving directory `/home/t-filsra/adic2/ADIC/rose_build/src/frontend/Disassemblers'
make[4]: Leaving directory `/home/t-filsra/adic2/ADIC/rose_build/src/frontend/Disassemblers'
Making install in BinaryFormats
make[4]: Entering directory `/home/t-filsra/adic2/ADIC/rose_build/src/frontend/BinaryFormats'
make[5]: Entering directory `/home/t-filsra/adic2/ADIC/rose_build/src/frontend/BinaryFormats'
make[5]: Nothing to be done for `install-exec-am'.
 /bin/mkdir -p '/home/t-filsra/adic2/install/rose_inst/include/rose'
 /usr/bin/install -C -m 644 /home/t-filsra/adic2/ADIC/rose/src/frontend/BinaryFormats/ByteOrder.h /home/t-filsra/adic2/ADIC/rose/src/frontend/BinaryFormats/DataConversion.h /home/t-filsra/adic2/ADIC/rose/src/frontend/BinaryFormats/IntelPinSupport.h /home/t-filsra/adic2/ADIC/rose/src/frontend/BinaryFormats/MemoryMap.h /home/t-filsra/adic2/ADIC/rose/src/frontend/BinaryFormats/SRecord.h /home/t-filsra/adic2/ADIC/rose/src/frontend/BinaryFormats/WorkLists.h '/home/t-filsra/adic2/install/rose_inst/include/rose'
make[5]: Leaving directory `/home/t-filsra/adic2/ADIC/rose_build/src/frontend/BinaryFormats'
make[4]: Leaving directory `/home/t-filsra/adic2/ADIC/rose_build/src/frontend/BinaryFormats'
Making install in BinaryLoader
make[4]: Entering directory `/home/t-filsra/adic2/ADIC/rose_build/src/frontend/BinaryLoader'
make[5]: Entering directory `/home/t-filsra/adic2/ADIC/rose_build/src/frontend/BinaryLoader'
make[5]: Nothing to be done for `install-exec-am'.
 /bin/mkdir -p '/home/t-filsra/adic2/install/rose_inst/include/rose'
 /usr/bin/install -C -m 644 /home/t-filsra/adic2/ADIC/rose/src/frontend/BinaryLoader/BinaryLoader.h /home/t-filsra/adic2/ADIC/rose/src/frontend/BinaryLoader/BinaryLoaderElf.h /home/t-filsra/adic2/ADIC/rose/src/frontend/BinaryLoader/BinaryLoaderElfObj.h /home/t-filsra/adic2/ADIC/rose/src/frontend/BinaryLoader/BinaryLoaderPe.h '/home/t-filsra/adic2/install/rose_inst/include/rose'
make[5]: Leaving directory `/home/t-filsra/adic2/ADIC/rose_build/src/frontend/BinaryLoader'
make[4]: Leaving directory `/home/t-filsra/adic2/ADIC/rose_build/src/frontend/BinaryLoader'
Making install in Partitioner2
make[4]: Entering directory `/home/t-filsra/adic2/ADIC/rose_build/src/frontend/Partitioner2'
make[5]: Entering directory `/home/t-filsra/adic2/ADIC/rose_build/src/frontend/Partitioner2'
make[5]: Nothing to be done for `install-exec-am'.
make[5]: Nothing to be done for `install-data-am'.
make[5]: Leaving directory `/home/t-filsra/adic2/ADIC/rose_build/src/frontend/Partitioner2'
make[4]: Leaving directory `/home/t-filsra/adic2/ADIC/rose_build/src/frontend/Partitioner2'
Making install in DLX
make[4]: Entering directory `/home/t-filsra/adic2/ADIC/rose_build/src/frontend/DLX'
Making install in include
make[5]: Entering directory `/home/t-filsra/adic2/ADIC/rose_build/src/frontend/DLX/include'
Making install in DLX
make[6]: Entering directory `/home/t-filsra/adic2/ADIC/rose_build/src/frontend/DLX/include/DLX'
Making install in Core
make[7]: Entering directory `/home/t-filsra/adic2/ADIC/rose_build/src/frontend/DLX/include/DLX/Core'
make[8]: Entering directory `/home/t-filsra/adic2/ADIC/rose_build/src/frontend/DLX/include/DLX/Core'
make[8]: Nothing to be done for `install-exec-am'.
 /bin/mkdir -p '/home/t-filsra/adic2/install/rose_inst/include/DLX/Core'
 /usr/bin/install -C -m 644 /home/t-filsra/adic2/ADIC/rose/src/frontend/DLX/include/DLX/Core/directives.hpp /home/t-filsra/adic2/ADIC/rose/src/frontend/DLX/include/DLX/Core/constructs.hpp /home/t-filsra/adic2/ADIC/rose/src/frontend/DLX/include/DLX/Core/clauses.hpp /home/t-filsra/adic2/ADIC/rose/src/frontend/DLX/include/DLX/Core/frontend.hpp /home/t-filsra/adic2/ADIC/rose/src/frontend/DLX/include/DLX/Core/compiler.hpp /home/t-filsra/adic2/ADIC/rose/src/frontend/DLX/include/DLX/Core/parser.hpp '/home/t-filsra/adic2/install/rose_inst/include/DLX/Core'
make[8]: Leaving directory `/home/t-filsra/adic2/ADIC/rose_build/src/frontend/DLX/include/DLX/Core'
make[7]: Leaving directory `/home/t-filsra/adic2/ADIC/rose_build/src/frontend/DLX/include/DLX/Core'
Making install in KLT
make[7]: Entering directory `/home/t-filsra/adic2/ADIC/rose_build/src/frontend/DLX/include/DLX/KLT'
make[8]: Entering directory `/home/t-filsra/adic2/ADIC/rose_build/src/frontend/DLX/include/DLX/KLT'
make[8]: Nothing to be done for `install-exec-am'.
 /bin/mkdir -p '/home/t-filsra/adic2/install/rose_inst/include/DLX/KLT/'
 /usr/bin/install -C -m 644 /home/t-filsra/adic2/ADIC/rose/src/frontend/DLX/include/DLX/KLT/annotations.hpp /home/t-filsra/adic2/ADIC/rose/src/frontend/DLX/include/DLX/KLT/data.hpp /home/t-filsra/adic2/ADIC/rose/src/frontend/DLX/include/DLX/KLT/loop-trees.hpp /home/t-filsra/adic2/ADIC/rose/src/frontend/DLX/include/DLX/KLT/compiler.hpp '/home/t-filsra/adic2/install/rose_inst/include/DLX/KLT/'
make[8]: Leaving directory `/home/t-filsra/adic2/ADIC/rose_build/src/frontend/DLX/include/DLX/KLT'
make[7]: Leaving directory `/home/t-filsra/adic2/ADIC/rose_build/src/frontend/DLX/include/DLX/KLT'
make[7]: Entering directory `/home/t-filsra/adic2/ADIC/rose_build/src/frontend/DLX/include/DLX'
make[8]: Entering directory `/home/t-filsra/adic2/ADIC/rose_build/src/frontend/DLX/include/DLX'
make[8]: Nothing to be done for `install-exec-am'.
make[8]: Nothing to be done for `install-data-am'.
make[8]: Leaving directory `/home/t-filsra/adic2/ADIC/rose_build/src/frontend/DLX/include/DLX'
make[7]: Leaving directory `/home/t-filsra/adic2/ADIC/rose_build/src/frontend/DLX/include/DLX'
make[6]: Leaving directory `/home/t-filsra/adic2/ADIC/rose_build/src/frontend/DLX/include/DLX'
make[6]: Entering directory `/home/t-filsra/adic2/ADIC/rose_build/src/frontend/DLX/include'
make[7]: Entering directory `/home/t-filsra/adic2/ADIC/rose_build/src/frontend/DLX/include'
make[7]: Nothing to be done for `install-exec-am'.
make[7]: Nothing to be done for `install-data-am'.
make[7]: Leaving directory `/home/t-filsra/adic2/ADIC/rose_build/src/frontend/DLX/include'
make[6]: Leaving directory `/home/t-filsra/adic2/ADIC/rose_build/src/frontend/DLX/include'
make[5]: Leaving directory `/home/t-filsra/adic2/ADIC/rose_build/src/frontend/DLX/include'
Making install in lib
make[5]: Entering directory `/home/t-filsra/adic2/ADIC/rose_build/src/frontend/DLX/lib'
Making install in core
make[6]: Entering directory `/home/t-filsra/adic2/ADIC/rose_build/src/frontend/DLX/lib/core'
make[7]: Entering directory `/home/t-filsra/adic2/ADIC/rose_build/src/frontend/DLX/lib/core'
 /bin/mkdir -p '/home/t-filsra/adic2/install/rose_inst/lib'
 /bin/sh ../../../../../libtool   --mode=install /usr/bin/install -C   libDLX-Core.la '/home/t-filsra/adic2/install/rose_inst/lib'
libtool: install: /usr/bin/install -C .libs/libDLX-Core.so.0.0.0 /home/t-filsra/adic2/install/rose_inst/lib/libDLX-Core.so.0.0.0
libtool: install: (cd /home/t-filsra/adic2/install/rose_inst/lib && { ln -s -f libDLX-Core.so.0.0.0 libDLX-Core.so.0 || { rm -f libDLX-Core.so.0 && ln -s libDLX-Core.so.0.0.0 libDLX-Core.so.0; }; })
libtool: install: (cd /home/t-filsra/adic2/install/rose_inst/lib && { ln -s -f libDLX-Core.so.0.0.0 libDLX-Core.so || { rm -f libDLX-Core.so && ln -s libDLX-Core.so.0.0.0 libDLX-Core.so; }; })
libtool: install: /usr/bin/install -C .libs/libDLX-Core.lai /home/t-filsra/adic2/install/rose_inst/lib/libDLX-Core.la
libtool: finish: PATH="/home/t-filsra/adic2/install/Rose2xaif_inst/bin:/usr/local/sbin:/usr/local/bin:/usr/sbin:/usr/bin:/sbin:/bin:/usr/games:/usr/local/games:/sbin" ldconfig -n /home/t-filsra/adic2/install/rose_inst/lib
----------------------------------------------------------------------
Libraries have been installed in:
   /home/t-filsra/adic2/install/rose_inst/lib

If you ever happen to want to link against installed libraries
in a given directory, LIBDIR, you must either use libtool, and
specify the full pathname of the library, or use the `-LLIBDIR'
flag during linking and do at least one of the following:
   - add LIBDIR to the `LD_LIBRARY_PATH' environment variable
     during execution
   - add LIBDIR to the `LD_RUN_PATH' environment variable
     during linking
   - use the `-Wl,-rpath -Wl,LIBDIR' linker flag
   - have your system administrator add LIBDIR to `/etc/ld.so.conf'

See any operating system documentation about shared libraries for
more information, such as the ld(1) and ld.so(8) manual pages.
----------------------------------------------------------------------
make[7]: Nothing to be done for `install-data-am'.
make[7]: Leaving directory `/home/t-filsra/adic2/ADIC/rose_build/src/frontend/DLX/lib/core'
make[6]: Leaving directory `/home/t-filsra/adic2/ADIC/rose_build/src/frontend/DLX/lib/core'
make[6]: Entering directory `/home/t-filsra/adic2/ADIC/rose_build/src/frontend/DLX/lib'
make[7]: Entering directory `/home/t-filsra/adic2/ADIC/rose_build/src/frontend/DLX/lib'
make[7]: Nothing to be done for `install-exec-am'.
make[7]: Nothing to be done for `install-data-am'.
make[7]: Leaving directory `/home/t-filsra/adic2/ADIC/rose_build/src/frontend/DLX/lib'
make[6]: Leaving directory `/home/t-filsra/adic2/ADIC/rose_build/src/frontend/DLX/lib'
make[5]: Leaving directory `/home/t-filsra/adic2/ADIC/rose_build/src/frontend/DLX/lib'
make[5]: Entering directory `/home/t-filsra/adic2/ADIC/rose_build/src/frontend/DLX'
make[6]: Entering directory `/home/t-filsra/adic2/ADIC/rose_build/src/frontend/DLX'
make[6]: Nothing to be done for `install-exec-am'.
make[6]: Nothing to be done for `install-data-am'.
make[6]: Leaving directory `/home/t-filsra/adic2/ADIC/rose_build/src/frontend/DLX'
make[5]: Leaving directory `/home/t-filsra/adic2/ADIC/rose_build/src/frontend/DLX'
make[4]: Leaving directory `/home/t-filsra/adic2/ADIC/rose_build/src/frontend/DLX'
make[4]: Entering directory `/home/t-filsra/adic2/ADIC/rose_build/src/frontend'
make[5]: Entering directory `/home/t-filsra/adic2/ADIC/rose_build/src/frontend'
make[5]: Nothing to be done for `install-exec-am'.
 /bin/mkdir -p '/home/t-filsra/adic2/install/rose_inst/include/rose'
 /bin/mkdir -p '/home/t-filsra/adic2/install/rose_inst/include/rose/Partitioner2'
 /usr/bin/install -C -m 644  /home/t-filsra/adic2/ADIC/rose/src/frontend/Partitioner2/AddressUsageMap.h /home/t-filsra/adic2/ADIC/rose/src/frontend/Partitioner2/Attribute.h /home/t-filsra/adic2/ADIC/rose/src/frontend/Partitioner2/BasicBlock.h /home/t-filsra/adic2/ADIC/rose/src/frontend/Partitioner2/BasicTypes.h /home/t-filsra/adic2/ADIC/rose/src/frontend/Partitioner2/Config.h /home/t-filsra/adic2/ADIC/rose/src/frontend/Partitioner2/ControlFlowGraph.h /home/t-filsra/adic2/ADIC/rose/src/frontend/Partitioner2/DataBlock.h /home/t-filsra/adic2/ADIC/rose/src/frontend/Partitioner2/Engine.h /home/t-filsra/adic2/ADIC/rose/src/frontend/Partitioner2/Exception.h /home/t-filsra/adic2/ADIC/rose/src/frontend/Partitioner2/Function.h /home/t-filsra/adic2/ADIC/rose/src/frontend/Partitioner2/FunctionCallGraph.h /home/t-filsra/adic2/ADIC/rose/src/frontend/Partitioner2/GraphViz.h /home/t-filsra/adic2/ADIC/rose/src/frontend/Partitioner2/InstructionProvider.h /home/t-filsra/adic2/ADIC/rose/src/frontend/Partitioner2/Modules.h /home/t-filsra/adic2/ADIC/rose/src/frontend/Partitioner2/ModulesElf.h /home/t-filsra/adic2/ADIC/rose/src/frontend/Partitioner2/ModulesM68k.h /home/t-filsra/adic2/ADIC/rose/src/frontend/Partitioner2/ModulesPe.h /home/t-filsra/adic2/ADIC/rose/src/frontend/Partitioner2/ModulesX86.h /home/t-filsra/adic2/ADIC/rose/src/frontend/Partitioner2/OwnedDataBlock.h /home/t-filsra/adic2/ADIC/rose/src/frontend/Partitioner2/Partitioner.h /home/t-filsra/adic2/ADIC/rose/src/frontend/Partitioner2/Reference.h /home/t-filsra/adic2/ADIC/rose/src/frontend/Partitioner2/Semantics.h /home/t-filsra/adic2/ADIC/rose/src/frontend/Partitioner2/Utility.h '/home/t-filsra/adic2/install/rose_inst/include/rose/Partitioner2'
make[5]: Leaving directory `/home/t-filsra/adic2/ADIC/rose_build/src/frontend'
make[4]: Leaving directory `/home/t-filsra/adic2/ADIC/rose_build/src/frontend'
make[3]: Leaving directory `/home/t-filsra/adic2/ADIC/rose_build/src/frontend'
Making install in midend
make[3]: Entering directory `/home/t-filsra/adic2/ADIC/rose_build/src/midend'
make  install-recursive
make[4]: Entering directory `/home/t-filsra/adic2/ADIC/rose_build/src/midend'
Making install in binaryAnalyses
make[5]: Entering directory `/home/t-filsra/adic2/ADIC/rose_build/src/midend/binaryAnalyses'
make[6]: Entering directory `/home/t-filsra/adic2/ADIC/rose_build/src/midend/binaryAnalyses'
make[6]: Nothing to be done for `install-exec-am'.
 /bin/mkdir -p '/home/t-filsra/adic2/install/rose_inst/include/rose'
 /usr/bin/install -C -m 644 /home/t-filsra/adic2/ADIC/rose/src/midend/binaryAnalyses/AbstractLocation.h /home/t-filsra/adic2/ADIC/rose/src/midend/binaryAnalyses/binary_analysis.h /home/t-filsra/adic2/ADIC/rose/src/midend/binaryAnalyses/GraphAlgorithms.h /home/t-filsra/adic2/ADIC/rose/src/midend/binaryAnalyses/RoseBin_CallGraphAnalysis.h /home/t-filsra/adic2/ADIC/rose/src/midend/binaryAnalyses/RoseBin_CompareAnalysis.h /home/t-filsra/adic2/ADIC/rose/src/midend/binaryAnalyses/RoseBin_ControlFlowAnalysis.h /home/t-filsra/adic2/ADIC/rose/src/midend/binaryAnalyses/RoseBin_DataFlowAnalysis.h /home/t-filsra/adic2/ADIC/rose/src/midend/binaryAnalyses/RoseBin_FlowAnalysis.h /home/t-filsra/adic2/ADIC/rose/src/midend/binaryAnalyses/RoseBin_printInstructions.h /home/t-filsra/adic2/ADIC/rose/src/midend/binaryAnalyses/dataflowanalyses/InterruptAnalysis.h /home/t-filsra/adic2/ADIC/rose/src/midend/binaryAnalyses/dataflowanalyses/RoseBin_DataFlowAbstract.h /home/t-filsra/adic2/ADIC/rose/src/midend/binaryAnalyses/dataflowanalyses/RoseBin_DefUseAnalysis.h /home/t-filsra/adic2/ADIC/rose/src/midend/binaryAnalyses/dataflowanalyses/RoseBin_Emulate.h /home/t-filsra/adic2/ADIC/rose/src/midend/binaryAnalyses/dataflowanalyses/RoseBin_VariableAnalysis.h /home/t-filsra/adic2/ADIC/rose/src/midend/binaryAnalyses/instructionSemantics/ReadWriteRegisterFragment.h /home/t-filsra/adic2/ADIC/rose/src/midend/binaryAnalyses/instructionSemantics/findConstants.h /home/t-filsra/adic2/ADIC/rose/src/midend/binaryAnalyses/instructionSemantics/FindRegisterDefs.h /home/t-filsra/adic2/ADIC/rose/src/midend/binaryAnalyses/instructionSemantics/InsnSemanticsExpr.h /home/t-filsra/adic2/ADIC/rose/src/midend/binaryAnalyses/instructionSemantics/BaseSemantics.h /home/t-filsra/adic2/ADIC/rose/src/midend/binaryAnalyses/instructionSemantics/BaseSemantics2.h /home/t-filsra/adic2/ADIC/rose/src/midend/binaryAnalyses/instructionSemantics/ConcreteSemantics2.h /home/t-filsra/adic2/ADIC/rose/src/midend/binaryAnalyses/instructionSemantics/DataFlowSemantics2.h /home/t-filsra/adic2/ADIC/rose/src/midend/binaryAnalyses/instructionSemantics/DispatcherM68k.h /home/t-filsra/adic2/ADIC/rose/src/midend/binaryAnalyses/instructionSemantics/DispatcherPowerpc.h /home/t-filsra/adic2/ADIC/rose/src/midend/binaryAnalyses/instructionSemantics/DispatcherX86.h /home/t-filsra/adic2/ADIC/rose/src/midend/binaryAnalyses/instructionSemantics/IntervalSemantics.h /home/t-filsra/adic2/ADIC/rose/src/midend/binaryAnalyses/instructionSemantics/IntervalSemantics2.h /home/t-filsra/adic2/ADIC/rose/src/midend/binaryAnalyses/instructionSemantics/LlvmSemantics2.h /home/t-filsra/adic2/ADIC/rose/src/midend/binaryAnalyses/instructionSemantics/NullSemantics.h /home/t-filsra/adic2/ADIC/rose/src/midend/binaryAnalyses/instructionSemantics/NullSemantics2.h /home/t-filsra/adic2/ADIC/rose/src/midend/binaryAnalyses/instructionSemantics/MultiSemantics.h /home/t-filsra/adic2/ADIC/rose/src/midend/binaryAnalyses/instructionSemantics/MultiSemantics2.h /home/t-filsra/adic2/ADIC/rose/src/midend/binaryAnalyses/instructionSemantics/PartialSymbolicSemantics.h /home/t-filsra/adic2/ADIC/rose/src/midend/binaryAnalyses/instructionSemantics/PartialSymbolicSemantics2.h /home/t-filsra/adic2/ADIC/rose/src/midend/binaryAnalyses/instructionSemantics/SMTSolver.h /home/t-filsra/adic2/ADIC/rose/src/midend/binaryAnalyses/instructionSemantics/StaticSemantics2.h /home/t-filsra/adic2/ADIC/rose/src/midend/binaryAnalyses/instructionSemantics/SymbolicMemory2.h /home/t-filsra/adic2/ADIC/rose/src/midend/binaryAnalyses/instructionSemantics/SymbolicSemantics.h /home/t-filsra/adic2/ADIC/rose/src/midend/binaryAnalyses/instructionSemantics/SymbolicSemantics2.h /home/t-filsra/adic2/ADIC/rose/src/midend/binaryAnalyses/instructionSemantics/TestSemantics2.h '/home/t-filsra/adic2/install/rose_inst/include/rose'
 /usr/bin/install -C -m 644 /home/t-filsra/adic2/ADIC/rose/src/midend/binaryAnalyses/instructionSemantics/TraceSemantics2.h /home/t-filsra/adic2/ADIC/rose/src/midend/binaryAnalyses/instructionSemantics/YicesSolver.h /home/t-filsra/adic2/ADIC/rose/src/midend/binaryAnalyses/instructionSemantics/flowEquations.h /home/t-filsra/adic2/ADIC/rose/src/midend/binaryAnalyses/instructionSemantics/x86InstructionSemantics.h /home/t-filsra/adic2/ADIC/rose/src/midend/binaryAnalyses/libraryIdentification/functionIdentification.h /home/t-filsra/adic2/ADIC/rose/src/midend/binaryAnalyses/libraryIdentification/libraryIdentification.h /home/t-filsra/adic2/ADIC/rose/src/midend/binaryAnalyses/ether.h /home/t-filsra/adic2/ADIC/rose/src/midend/binaryAnalyses/BinaryControlFlow.h /home/t-filsra/adic2/ADIC/rose/src/midend/binaryAnalyses/BinaryDataFlow.h /home/t-filsra/adic2/ADIC/rose/src/midend/binaryAnalyses/BinaryDominance.h /home/t-filsra/adic2/ADIC/rose/src/midend/binaryAnalyses/BinaryFunctionCall.h /home/t-filsra/adic2/ADIC/rose/src/midend/binaryAnalyses/BinaryCallingConvention.h /home/t-filsra/adic2/ADIC/rose/src/midend/binaryAnalyses/BinaryMagic.h /home/t-filsra/adic2/ADIC/rose/src/midend/binaryAnalyses/BinaryNoOperation.h /home/t-filsra/adic2/ADIC/rose/src/midend/binaryAnalyses/BinaryPointerDetection.h /home/t-filsra/adic2/ADIC/rose/src/midend/binaryAnalyses/BinaryAnalysisUtils.h /home/t-filsra/adic2/ADIC/rose/src/midend/binaryAnalyses/BinaryReturnValueUsed.h /home/t-filsra/adic2/ADIC/rose/src/midend/binaryAnalyses/BinaryString.h /home/t-filsra/adic2/ADIC/rose/src/midend/binaryAnalyses/BinaryTaintedFlow.h /home/t-filsra/adic2/ADIC/rose/src/midend/binaryAnalyses/DwarfLineMapper.h '/home/t-filsra/adic2/install/rose_inst/include/rose'
make[6]: Leaving directory `/home/t-filsra/adic2/ADIC/rose_build/src/midend/binaryAnalyses'
make[5]: Leaving directory `/home/t-filsra/adic2/ADIC/rose_build/src/midend/binaryAnalyses'
Making install in programTransformation/extractFunctionArgumentsNormalization
make[5]: Entering directory `/home/t-filsra/adic2/ADIC/rose_build/src/midend/programTransformation/extractFunctionArgumentsNormalization'
make[6]: Entering directory `/home/t-filsra/adic2/ADIC/rose_build/src/midend/programTransformation/extractFunctionArgumentsNormalization'
make[6]: Nothing to be done for `install-exec-am'.
 /bin/mkdir -p '/home/t-filsra/adic2/install/rose_inst/include/rose'
 /usr/bin/install -C -m 644 /home/t-filsra/adic2/ADIC/rose/src/midend/programTransformation/extractFunctionArgumentsNormalization/ExtractFunctionArguments.h /home/t-filsra/adic2/ADIC/rose/src/midend/programTransformation/extractFunctionArgumentsNormalization/functionEvaluationOrderTraversal.h '/home/t-filsra/adic2/install/rose_inst/include/rose'
make[6]: Leaving directory `/home/t-filsra/adic2/ADIC/rose_build/src/midend/programTransformation/extractFunctionArgumentsNormalization'
make[5]: Leaving directory `/home/t-filsra/adic2/ADIC/rose_build/src/midend/programTransformation/extractFunctionArgumentsNormalization'
Making install in programTransformation/singleStatementToBlockNormalization
make[5]: Entering directory `/home/t-filsra/adic2/ADIC/rose_build/src/midend/programTransformation/singleStatementToBlockNormalization'
make[6]: Entering directory `/home/t-filsra/adic2/ADIC/rose_build/src/midend/programTransformation/singleStatementToBlockNormalization'
make[6]: Nothing to be done for `install-exec-am'.
 /bin/mkdir -p '/home/t-filsra/adic2/install/rose_inst/include/rose'
 /usr/bin/install -C -m 644 /home/t-filsra/adic2/ADIC/rose/src/midend/programTransformation/singleStatementToBlockNormalization/SingleStatementToBlockNormalization.h '/home/t-filsra/adic2/install/rose_inst/include/rose'
make[6]: Leaving directory `/home/t-filsra/adic2/ADIC/rose_build/src/midend/programTransformation/singleStatementToBlockNormalization'
make[5]: Leaving directory `/home/t-filsra/adic2/ADIC/rose_build/src/midend/programTransformation/singleStatementToBlockNormalization'
Making install in MFB
make[5]: Entering directory `/home/t-filsra/adic2/ADIC/rose_build/src/midend/MFB'
Making install in include
make[6]: Entering directory `/home/t-filsra/adic2/ADIC/rose_build/src/midend/MFB/include'
Making install in MFB
make[7]: Entering directory `/home/t-filsra/adic2/ADIC/rose_build/src/midend/MFB/include/MFB'
Making install in Sage
make[8]: Entering directory `/home/t-filsra/adic2/ADIC/rose_build/src/midend/MFB/include/MFB/Sage'
make[9]: Entering directory `/home/t-filsra/adic2/ADIC/rose_build/src/midend/MFB/include/MFB/Sage'
make[9]: Nothing to be done for `install-exec-am'.
 /bin/mkdir -p '/home/t-filsra/adic2/install/rose_inst/include/MFB/Sage'
 /usr/bin/install -C -m 644 /home/t-filsra/adic2/ADIC/rose/src/midend/MFB/include/MFB/Sage/api.hpp /home/t-filsra/adic2/ADIC/rose/src/midend/MFB/include/MFB/Sage/driver.hpp /home/t-filsra/adic2/ADIC/rose/src/midend/MFB/include/MFB/Sage/function-declaration.hpp /home/t-filsra/adic2/ADIC/rose/src/midend/MFB/include/MFB/Sage/member-function-declaration.hpp /home/t-filsra/adic2/ADIC/rose/src/midend/MFB/include/MFB/Sage/class-declaration.hpp /home/t-filsra/adic2/ADIC/rose/src/midend/MFB/include/MFB/Sage/variable-declaration.hpp /home/t-filsra/adic2/ADIC/rose/src/midend/MFB/include/MFB/Sage/namespace-declaration.hpp '/home/t-filsra/adic2/install/rose_inst/include/MFB/Sage'
make[9]: Leaving directory `/home/t-filsra/adic2/ADIC/rose_build/src/midend/MFB/include/MFB/Sage'
make[8]: Leaving directory `/home/t-filsra/adic2/ADIC/rose_build/src/midend/MFB/include/MFB/Sage'
Making install in KLT
make[8]: Entering directory `/home/t-filsra/adic2/ADIC/rose_build/src/midend/MFB/include/MFB/KLT'
make[9]: Entering directory `/home/t-filsra/adic2/ADIC/rose_build/src/midend/MFB/include/MFB/KLT'
make[9]: Nothing to be done for `install-exec-am'.
 /bin/mkdir -p '/home/t-filsra/adic2/install/rose_inst/include/MFB/KLT'
 /usr/bin/install -C -m 644 /home/t-filsra/adic2/ADIC/rose/src/midend/MFB/include/MFB/KLT/klt.hpp '/home/t-filsra/adic2/install/rose_inst/include/MFB/KLT'
make[9]: Leaving directory `/home/t-filsra/adic2/ADIC/rose_build/src/midend/MFB/include/MFB/KLT'
make[8]: Leaving directory `/home/t-filsra/adic2/ADIC/rose_build/src/midend/MFB/include/MFB/KLT'
make[8]: Entering directory `/home/t-filsra/adic2/ADIC/rose_build/src/midend/MFB/include/MFB'
make[9]: Entering directory `/home/t-filsra/adic2/ADIC/rose_build/src/midend/MFB/include/MFB'
make[9]: Nothing to be done for `install-exec-am'.
 /bin/mkdir -p '/home/t-filsra/adic2/install/rose_inst/include/MFB'
 /usr/bin/install -C -m 644 /home/t-filsra/adic2/ADIC/rose/src/midend/MFB/include/MFB/mfb.hpp /home/t-filsra/adic2/ADIC/rose/src/midend/MFB/include/MFB/utils.hpp '/home/t-filsra/adic2/install/rose_inst/include/MFB'
make[9]: Leaving directory `/home/t-filsra/adic2/ADIC/rose_build/src/midend/MFB/include/MFB'
make[8]: Leaving directory `/home/t-filsra/adic2/ADIC/rose_build/src/midend/MFB/include/MFB'
make[7]: Leaving directory `/home/t-filsra/adic2/ADIC/rose_build/src/midend/MFB/include/MFB'
make[7]: Entering directory `/home/t-filsra/adic2/ADIC/rose_build/src/midend/MFB/include'
make[8]: Entering directory `/home/t-filsra/adic2/ADIC/rose_build/src/midend/MFB/include'
make[8]: Nothing to be done for `install-exec-am'.
make[8]: Nothing to be done for `install-data-am'.
make[8]: Leaving directory `/home/t-filsra/adic2/ADIC/rose_build/src/midend/MFB/include'
make[7]: Leaving directory `/home/t-filsra/adic2/ADIC/rose_build/src/midend/MFB/include'
make[6]: Leaving directory `/home/t-filsra/adic2/ADIC/rose_build/src/midend/MFB/include'
Making install in lib
make[6]: Entering directory `/home/t-filsra/adic2/ADIC/rose_build/src/midend/MFB/lib'
Making install in sage
make[7]: Entering directory `/home/t-filsra/adic2/ADIC/rose_build/src/midend/MFB/lib/sage'
make[8]: Entering directory `/home/t-filsra/adic2/ADIC/rose_build/src/midend/MFB/lib/sage'
 /bin/mkdir -p '/home/t-filsra/adic2/install/rose_inst/lib'
 /bin/sh ../../../../../libtool   --mode=install /usr/bin/install -C   libMFB-Sage.la '/home/t-filsra/adic2/install/rose_inst/lib'
libtool: install: /usr/bin/install -C .libs/libMFB-Sage.so.0.0.0 /home/t-filsra/adic2/install/rose_inst/lib/libMFB-Sage.so.0.0.0
libtool: install: (cd /home/t-filsra/adic2/install/rose_inst/lib && { ln -s -f libMFB-Sage.so.0.0.0 libMFB-Sage.so.0 || { rm -f libMFB-Sage.so.0 && ln -s libMFB-Sage.so.0.0.0 libMFB-Sage.so.0; }; })
libtool: install: (cd /home/t-filsra/adic2/install/rose_inst/lib && { ln -s -f libMFB-Sage.so.0.0.0 libMFB-Sage.so || { rm -f libMFB-Sage.so && ln -s libMFB-Sage.so.0.0.0 libMFB-Sage.so; }; })
libtool: install: /usr/bin/install -C .libs/libMFB-Sage.lai /home/t-filsra/adic2/install/rose_inst/lib/libMFB-Sage.la
libtool: finish: PATH="/home/t-filsra/adic2/install/Rose2xaif_inst/bin:/usr/local/sbin:/usr/local/bin:/usr/sbin:/usr/bin:/sbin:/bin:/usr/games:/usr/local/games:/sbin" ldconfig -n /home/t-filsra/adic2/install/rose_inst/lib
----------------------------------------------------------------------
Libraries have been installed in:
   /home/t-filsra/adic2/install/rose_inst/lib

If you ever happen to want to link against installed libraries
in a given directory, LIBDIR, you must either use libtool, and
specify the full pathname of the library, or use the `-LLIBDIR'
flag during linking and do at least one of the following:
   - add LIBDIR to the `LD_LIBRARY_PATH' environment variable
     during execution
   - add LIBDIR to the `LD_RUN_PATH' environment variable
     during linking
   - use the `-Wl,-rpath -Wl,LIBDIR' linker flag
   - have your system administrator add LIBDIR to `/etc/ld.so.conf'

See any operating system documentation about shared libraries for
more information, such as the ld(1) and ld.so(8) manual pages.
----------------------------------------------------------------------
make[8]: Nothing to be done for `install-data-am'.
make[8]: Leaving directory `/home/t-filsra/adic2/ADIC/rose_build/src/midend/MFB/lib/sage'
make[7]: Leaving directory `/home/t-filsra/adic2/ADIC/rose_build/src/midend/MFB/lib/sage'
Making install in utils
make[7]: Entering directory `/home/t-filsra/adic2/ADIC/rose_build/src/midend/MFB/lib/utils'
make[8]: Entering directory `/home/t-filsra/adic2/ADIC/rose_build/src/midend/MFB/lib/utils'
 /bin/mkdir -p '/home/t-filsra/adic2/install/rose_inst/lib'
 /bin/sh ../../../../../libtool   --mode=install /usr/bin/install -C   libMFB-Utils.la '/home/t-filsra/adic2/install/rose_inst/lib'
libtool: install: /usr/bin/install -C .libs/libMFB-Utils.so.0.0.0 /home/t-filsra/adic2/install/rose_inst/lib/libMFB-Utils.so.0.0.0
libtool: install: (cd /home/t-filsra/adic2/install/rose_inst/lib && { ln -s -f libMFB-Utils.so.0.0.0 libMFB-Utils.so.0 || { rm -f libMFB-Utils.so.0 && ln -s libMFB-Utils.so.0.0.0 libMFB-Utils.so.0; }; })
libtool: install: (cd /home/t-filsra/adic2/install/rose_inst/lib && { ln -s -f libMFB-Utils.so.0.0.0 libMFB-Utils.so || { rm -f libMFB-Utils.so && ln -s libMFB-Utils.so.0.0.0 libMFB-Utils.so; }; })
libtool: install: /usr/bin/install -C .libs/libMFB-Utils.lai /home/t-filsra/adic2/install/rose_inst/lib/libMFB-Utils.la
libtool: finish: PATH="/home/t-filsra/adic2/install/Rose2xaif_inst/bin:/usr/local/sbin:/usr/local/bin:/usr/sbin:/usr/bin:/sbin:/bin:/usr/games:/usr/local/games:/sbin" ldconfig -n /home/t-filsra/adic2/install/rose_inst/lib
----------------------------------------------------------------------
Libraries have been installed in:
   /home/t-filsra/adic2/install/rose_inst/lib

If you ever happen to want to link against installed libraries
in a given directory, LIBDIR, you must either use libtool, and
specify the full pathname of the library, or use the `-LLIBDIR'
flag during linking and do at least one of the following:
   - add LIBDIR to the `LD_LIBRARY_PATH' environment variable
     during execution
   - add LIBDIR to the `LD_RUN_PATH' environment variable
     during linking
   - use the `-Wl,-rpath -Wl,LIBDIR' linker flag
   - have your system administrator add LIBDIR to `/etc/ld.so.conf'

See any operating system documentation about shared libraries for
more information, such as the ld(1) and ld.so(8) manual pages.
----------------------------------------------------------------------
make[8]: Nothing to be done for `install-data-am'.
make[8]: Leaving directory `/home/t-filsra/adic2/ADIC/rose_build/src/midend/MFB/lib/utils'
make[7]: Leaving directory `/home/t-filsra/adic2/ADIC/rose_build/src/midend/MFB/lib/utils'
make[7]: Entering directory `/home/t-filsra/adic2/ADIC/rose_build/src/midend/MFB/lib'
make[8]: Entering directory `/home/t-filsra/adic2/ADIC/rose_build/src/midend/MFB/lib'
make[8]: Nothing to be done for `install-exec-am'.
make[8]: Nothing to be done for `install-data-am'.
make[8]: Leaving directory `/home/t-filsra/adic2/ADIC/rose_build/src/midend/MFB/lib'
make[7]: Leaving directory `/home/t-filsra/adic2/ADIC/rose_build/src/midend/MFB/lib'
make[6]: Leaving directory `/home/t-filsra/adic2/ADIC/rose_build/src/midend/MFB/lib'
make[6]: Entering directory `/home/t-filsra/adic2/ADIC/rose_build/src/midend/MFB'
make[7]: Entering directory `/home/t-filsra/adic2/ADIC/rose_build/src/midend/MFB'
make[7]: Nothing to be done for `install-exec-am'.
make[7]: Nothing to be done for `install-data-am'.
make[7]: Leaving directory `/home/t-filsra/adic2/ADIC/rose_build/src/midend/MFB'
make[6]: Leaving directory `/home/t-filsra/adic2/ADIC/rose_build/src/midend/MFB'
make[5]: Leaving directory `/home/t-filsra/adic2/ADIC/rose_build/src/midend/MFB'
Making install in MDCG
make[5]: Entering directory `/home/t-filsra/adic2/ADIC/rose_build/src/midend/MDCG'
Making install in include
make[6]: Entering directory `/home/t-filsra/adic2/ADIC/rose_build/src/midend/MDCG/include'
Making install in MDCG
make[7]: Entering directory `/home/t-filsra/adic2/ADIC/rose_build/src/midend/MDCG/include/MDCG'
Making install in Core
make[8]: Entering directory `/home/t-filsra/adic2/ADIC/rose_build/src/midend/MDCG/include/MDCG/Core'
make[9]: Entering directory `/home/t-filsra/adic2/ADIC/rose_build/src/midend/MDCG/include/MDCG/Core'
make[9]: Nothing to be done for `install-exec-am'.
 /bin/mkdir -p '/home/t-filsra/adic2/install/rose_inst/include/MDCG/Core'
 /usr/bin/install -C -m 644 /home/t-filsra/adic2/ADIC/rose/src/midend/MDCG/include/MDCG/Core/model.hpp /home/t-filsra/adic2/ADIC/rose/src/midend/MDCG/include/MDCG/Core/model-base.hpp /home/t-filsra/adic2/ADIC/rose/src/midend/MDCG/include/MDCG/Core/model-variable.hpp /home/t-filsra/adic2/ADIC/rose/src/midend/MDCG/include/MDCG/Core/model-function.hpp /home/t-filsra/adic2/ADIC/rose/src/midend/MDCG/include/MDCG/Core/model-type.hpp /home/t-filsra/adic2/ADIC/rose/src/midend/MDCG/include/MDCG/Core/model-class.hpp /home/t-filsra/adic2/ADIC/rose/src/midend/MDCG/include/MDCG/Core/model-field.hpp /home/t-filsra/adic2/ADIC/rose/src/midend/MDCG/include/MDCG/Core/model-method.hpp /home/t-filsra/adic2/ADIC/rose/src/midend/MDCG/include/MDCG/Core/model-namespace.hpp /home/t-filsra/adic2/ADIC/rose/src/midend/MDCG/include/MDCG/Core/model-builder.hpp /home/t-filsra/adic2/ADIC/rose/src/midend/MDCG/include/MDCG/Core/static-initializer.hpp '/home/t-filsra/adic2/install/rose_inst/include/MDCG/Core'
make[9]: Leaving directory `/home/t-filsra/adic2/ADIC/rose_build/src/midend/MDCG/include/MDCG/Core'
make[8]: Leaving directory `/home/t-filsra/adic2/ADIC/rose_build/src/midend/MDCG/include/MDCG/Core'
Making install in KLT
make[8]: Entering directory `/home/t-filsra/adic2/ADIC/rose_build/src/midend/MDCG/include/MDCG/KLT'
make[9]: Entering directory `/home/t-filsra/adic2/ADIC/rose_build/src/midend/MDCG/include/MDCG/KLT'
make[9]: Nothing to be done for `install-exec-am'.
 /bin/mkdir -p '/home/t-filsra/adic2/install/rose_inst/include/MDCG/KLT'
 /usr/bin/install -C -m 644 /home/t-filsra/adic2/ADIC/rose/src/midend/MDCG/include/MDCG/KLT/model.hpp '/home/t-filsra/adic2/install/rose_inst/include/MDCG/KLT'
make[9]: Leaving directory `/home/t-filsra/adic2/ADIC/rose_build/src/midend/MDCG/include/MDCG/KLT'
make[8]: Leaving directory `/home/t-filsra/adic2/ADIC/rose_build/src/midend/MDCG/include/MDCG/KLT'
make[8]: Entering directory `/home/t-filsra/adic2/ADIC/rose_build/src/midend/MDCG/include/MDCG'
make[9]: Entering directory `/home/t-filsra/adic2/ADIC/rose_build/src/midend/MDCG/include/MDCG'
make[9]: Nothing to be done for `install-exec-am'.
make[9]: Nothing to be done for `install-data-am'.
make[9]: Leaving directory `/home/t-filsra/adic2/ADIC/rose_build/src/midend/MDCG/include/MDCG'
make[8]: Leaving directory `/home/t-filsra/adic2/ADIC/rose_build/src/midend/MDCG/include/MDCG'
make[7]: Leaving directory `/home/t-filsra/adic2/ADIC/rose_build/src/midend/MDCG/include/MDCG'
make[7]: Entering directory `/home/t-filsra/adic2/ADIC/rose_build/src/midend/MDCG/include'
make[8]: Entering directory `/home/t-filsra/adic2/ADIC/rose_build/src/midend/MDCG/include'
make[8]: Nothing to be done for `install-exec-am'.
make[8]: Nothing to be done for `install-data-am'.
make[8]: Leaving directory `/home/t-filsra/adic2/ADIC/rose_build/src/midend/MDCG/include'
make[7]: Leaving directory `/home/t-filsra/adic2/ADIC/rose_build/src/midend/MDCG/include'
make[6]: Leaving directory `/home/t-filsra/adic2/ADIC/rose_build/src/midend/MDCG/include'
Making install in lib
make[6]: Entering directory `/home/t-filsra/adic2/ADIC/rose_build/src/midend/MDCG/lib'
Making install in core
make[7]: Entering directory `/home/t-filsra/adic2/ADIC/rose_build/src/midend/MDCG/lib/core'
make[8]: Entering directory `/home/t-filsra/adic2/ADIC/rose_build/src/midend/MDCG/lib/core'
 /bin/mkdir -p '/home/t-filsra/adic2/install/rose_inst/lib'
 /bin/sh ../../../../../libtool   --mode=install /usr/bin/install -C   libMDCG-Core.la '/home/t-filsra/adic2/install/rose_inst/lib'
libtool: install: /usr/bin/install -C .libs/libMDCG-Core.so.0.0.0 /home/t-filsra/adic2/install/rose_inst/lib/libMDCG-Core.so.0.0.0
libtool: install: (cd /home/t-filsra/adic2/install/rose_inst/lib && { ln -s -f libMDCG-Core.so.0.0.0 libMDCG-Core.so.0 || { rm -f libMDCG-Core.so.0 && ln -s libMDCG-Core.so.0.0.0 libMDCG-Core.so.0; }; })
libtool: install: (cd /home/t-filsra/adic2/install/rose_inst/lib && { ln -s -f libMDCG-Core.so.0.0.0 libMDCG-Core.so || { rm -f libMDCG-Core.so && ln -s libMDCG-Core.so.0.0.0 libMDCG-Core.so; }; })
libtool: install: /usr/bin/install -C .libs/libMDCG-Core.lai /home/t-filsra/adic2/install/rose_inst/lib/libMDCG-Core.la
libtool: finish: PATH="/home/t-filsra/adic2/install/Rose2xaif_inst/bin:/usr/local/sbin:/usr/local/bin:/usr/sbin:/usr/bin:/sbin:/bin:/usr/games:/usr/local/games:/sbin" ldconfig -n /home/t-filsra/adic2/install/rose_inst/lib
----------------------------------------------------------------------
Libraries have been installed in:
   /home/t-filsra/adic2/install/rose_inst/lib

If you ever happen to want to link against installed libraries
in a given directory, LIBDIR, you must either use libtool, and
specify the full pathname of the library, or use the `-LLIBDIR'
flag during linking and do at least one of the following:
   - add LIBDIR to the `LD_LIBRARY_PATH' environment variable
     during execution
   - add LIBDIR to the `LD_RUN_PATH' environment variable
     during linking
   - use the `-Wl,-rpath -Wl,LIBDIR' linker flag
   - have your system administrator add LIBDIR to `/etc/ld.so.conf'

See any operating system documentation about shared libraries for
more information, such as the ld(1) and ld.so(8) manual pages.
----------------------------------------------------------------------
make[8]: Nothing to be done for `install-data-am'.
make[8]: Leaving directory `/home/t-filsra/adic2/ADIC/rose_build/src/midend/MDCG/lib/core'
make[7]: Leaving directory `/home/t-filsra/adic2/ADIC/rose_build/src/midend/MDCG/lib/core'
Making install in klt
make[7]: Entering directory `/home/t-filsra/adic2/ADIC/rose_build/src/midend/MDCG/lib/klt'
make[8]: Entering directory `/home/t-filsra/adic2/ADIC/rose_build/src/midend/MDCG/lib/klt'
 /bin/mkdir -p '/home/t-filsra/adic2/install/rose_inst/lib'
 /bin/sh ../../../../../libtool   --mode=install /usr/bin/install -C   libMDCG-KLT.la '/home/t-filsra/adic2/install/rose_inst/lib'
libtool: install: /usr/bin/install -C .libs/libMDCG-KLT.so.0.0.0 /home/t-filsra/adic2/install/rose_inst/lib/libMDCG-KLT.so.0.0.0
libtool: install: (cd /home/t-filsra/adic2/install/rose_inst/lib && { ln -s -f libMDCG-KLT.so.0.0.0 libMDCG-KLT.so.0 || { rm -f libMDCG-KLT.so.0 && ln -s libMDCG-KLT.so.0.0.0 libMDCG-KLT.so.0; }; })
libtool: install: (cd /home/t-filsra/adic2/install/rose_inst/lib && { ln -s -f libMDCG-KLT.so.0.0.0 libMDCG-KLT.so || { rm -f libMDCG-KLT.so && ln -s libMDCG-KLT.so.0.0.0 libMDCG-KLT.so; }; })
libtool: install: /usr/bin/install -C .libs/libMDCG-KLT.lai /home/t-filsra/adic2/install/rose_inst/lib/libMDCG-KLT.la
libtool: finish: PATH="/home/t-filsra/adic2/install/Rose2xaif_inst/bin:/usr/local/sbin:/usr/local/bin:/usr/sbin:/usr/bin:/sbin:/bin:/usr/games:/usr/local/games:/sbin" ldconfig -n /home/t-filsra/adic2/install/rose_inst/lib
----------------------------------------------------------------------
Libraries have been installed in:
   /home/t-filsra/adic2/install/rose_inst/lib

If you ever happen to want to link against installed libraries
in a given directory, LIBDIR, you must either use libtool, and
specify the full pathname of the library, or use the `-LLIBDIR'
flag during linking and do at least one of the following:
   - add LIBDIR to the `LD_LIBRARY_PATH' environment variable
     during execution
   - add LIBDIR to the `LD_RUN_PATH' environment variable
     during linking
   - use the `-Wl,-rpath -Wl,LIBDIR' linker flag
   - have your system administrator add LIBDIR to `/etc/ld.so.conf'

See any operating system documentation about shared libraries for
more information, such as the ld(1) and ld.so(8) manual pages.
----------------------------------------------------------------------
make[8]: Nothing to be done for `install-data-am'.
make[8]: Leaving directory `/home/t-filsra/adic2/ADIC/rose_build/src/midend/MDCG/lib/klt'
make[7]: Leaving directory `/home/t-filsra/adic2/ADIC/rose_build/src/midend/MDCG/lib/klt'
make[7]: Entering directory `/home/t-filsra/adic2/ADIC/rose_build/src/midend/MDCG/lib'
make[8]: Entering directory `/home/t-filsra/adic2/ADIC/rose_build/src/midend/MDCG/lib'
make[8]: Nothing to be done for `install-exec-am'.
make[8]: Nothing to be done for `install-data-am'.
make[8]: Leaving directory `/home/t-filsra/adic2/ADIC/rose_build/src/midend/MDCG/lib'
make[7]: Leaving directory `/home/t-filsra/adic2/ADIC/rose_build/src/midend/MDCG/lib'
make[6]: Leaving directory `/home/t-filsra/adic2/ADIC/rose_build/src/midend/MDCG/lib'
make[6]: Entering directory `/home/t-filsra/adic2/ADIC/rose_build/src/midend/MDCG'
make[7]: Entering directory `/home/t-filsra/adic2/ADIC/rose_build/src/midend/MDCG'
make[7]: Nothing to be done for `install-exec-am'.
make[7]: Nothing to be done for `install-data-am'.
make[7]: Leaving directory `/home/t-filsra/adic2/ADIC/rose_build/src/midend/MDCG'
make[6]: Leaving directory `/home/t-filsra/adic2/ADIC/rose_build/src/midend/MDCG'
make[5]: Leaving directory `/home/t-filsra/adic2/ADIC/rose_build/src/midend/MDCG'
Making install in programAnalysis
make[5]: Entering directory `/home/t-filsra/adic2/ADIC/rose_build/src/midend/programAnalysis'
make  install-recursive
make[6]: Entering directory `/home/t-filsra/adic2/ADIC/rose_build/src/midend/programAnalysis'
Making install in staticSingleAssignment
make[7]: Entering directory `/home/t-filsra/adic2/ADIC/rose_build/src/midend/programAnalysis/staticSingleAssignment'
make[8]: Entering directory `/home/t-filsra/adic2/ADIC/rose_build/src/midend/programAnalysis/staticSingleAssignment'
make[8]: Nothing to be done for `install-exec-am'.
 /bin/mkdir -p '/home/t-filsra/adic2/install/rose_inst/include/rose'
 /usr/bin/install -C -m 644 /home/t-filsra/adic2/ADIC/rose/src/midend/programAnalysis/staticSingleAssignment/staticSingleAssignment.h /home/t-filsra/adic2/ADIC/rose/src/midend/programAnalysis/staticSingleAssignment/uniqueNameTraversal.h /home/t-filsra/adic2/ADIC/rose/src/midend/programAnalysis/staticSingleAssignment/defsAndUsesTraversal.h /home/t-filsra/adic2/ADIC/rose/src/midend/programAnalysis/staticSingleAssignment/iteratedDominanceFrontier.h /home/t-filsra/adic2/ADIC/rose/src/midend/programAnalysis/staticSingleAssignment/reachingDef.h /home/t-filsra/adic2/ADIC/rose/src/midend/programAnalysis/staticSingleAssignment/controlDependence.h /home/t-filsra/adic2/ADIC/rose/src/midend/programAnalysis/staticSingleAssignment/dataflowCfgFilter.h /home/t-filsra/adic2/ADIC/rose/src/midend/programAnalysis/staticSingleAssignment/boostGraphCFG.h '/home/t-filsra/adic2/install/rose_inst/include/rose'
make[8]: Leaving directory `/home/t-filsra/adic2/ADIC/rose_build/src/midend/programAnalysis/staticSingleAssignment'
make[7]: Leaving directory `/home/t-filsra/adic2/ADIC/rose_build/src/midend/programAnalysis/staticSingleAssignment'
Making install in ssaUnfilteredCfg
make[7]: Entering directory `/home/t-filsra/adic2/ADIC/rose_build/src/midend/programAnalysis/ssaUnfilteredCfg'
make[8]: Entering directory `/home/t-filsra/adic2/ADIC/rose_build/src/midend/programAnalysis/ssaUnfilteredCfg'
make[8]: Nothing to be done for `install-exec-am'.
 /bin/mkdir -p '/home/t-filsra/adic2/install/rose_inst/include/rose'
 /usr/bin/install -C -m 644 /home/t-filsra/adic2/ADIC/rose/src/midend/programAnalysis/ssaUnfilteredCfg/ssaUnfilteredCfg.h /home/t-filsra/adic2/ADIC/rose/src/midend/programAnalysis/ssaUnfilteredCfg/defsAndUsesUnfilteredCfg.h /home/t-filsra/adic2/ADIC/rose/src/midend/programAnalysis/ssaUnfilteredCfg/reachingDefUnfilteredCfg.h '/home/t-filsra/adic2/install/rose_inst/include/rose'
make[8]: Leaving directory `/home/t-filsra/adic2/ADIC/rose_build/src/midend/programAnalysis/ssaUnfilteredCfg'
make[7]: Leaving directory `/home/t-filsra/adic2/ADIC/rose_build/src/midend/programAnalysis/ssaUnfilteredCfg'
Making install in systemDependenceGraph
make[7]: Entering directory `/home/t-filsra/adic2/ADIC/rose_build/src/midend/programAnalysis/systemDependenceGraph'
make[8]: Entering directory `/home/t-filsra/adic2/ADIC/rose_build/src/midend/programAnalysis/systemDependenceGraph'
make[8]: Nothing to be done for `install-exec-am'.
 /bin/mkdir -p '/home/t-filsra/adic2/install/rose_inst/include/rose'
 /usr/bin/install -C -m 644 /home/t-filsra/adic2/ADIC/rose/src/midend/programAnalysis/systemDependenceGraph/cong_staticCFG.h /home/t-filsra/adic2/ADIC/rose/src/midend/programAnalysis/systemDependenceGraph/PDG.h /home/t-filsra/adic2/ADIC/rose/src/midend/programAnalysis/systemDependenceGraph/util.h /home/t-filsra/adic2/ADIC/rose/src/midend/programAnalysis/systemDependenceGraph/SDG.h /home/t-filsra/adic2/ADIC/rose/src/midend/programAnalysis/systemDependenceGraph/defUseChains.h /home/t-filsra/adic2/ADIC/rose/src/midend/programAnalysis/systemDependenceGraph/newCDG.h /home/t-filsra/adic2/ADIC/rose/src/midend/programAnalysis/systemDependenceGraph/newDDG.h '/home/t-filsra/adic2/install/rose_inst/include/rose'
make[8]: Leaving directory `/home/t-filsra/adic2/ADIC/rose_build/src/midend/programAnalysis/systemDependenceGraph'
make[7]: Leaving directory `/home/t-filsra/adic2/ADIC/rose_build/src/midend/programAnalysis/systemDependenceGraph'
make[7]: Entering directory `/home/t-filsra/adic2/ADIC/rose_build/src/midend/programAnalysis'
make[8]: Entering directory `/home/t-filsra/adic2/ADIC/rose_build/src/midend/programAnalysis'
make[8]: Nothing to be done for `install-exec-am'.
 /bin/mkdir -p '/home/t-filsra/adic2/install/rose_inst/include/rose'
 /usr/bin/install -C -m 644 /home/t-filsra/adic2/ADIC/rose/src/midend/programAnalysis/CallGraphAnalysis/newCallGraph.h /home/t-filsra/adic2/ADIC/rose/src/midend/programAnalysis/CallGraphAnalysis/CallGraph.h /home/t-filsra/adic2/ADIC/rose/src/midend/programAnalysis/CallGraphAnalysis/ClassHierarchyGraph.h /home/t-filsra/adic2/ADIC/rose/src/midend/programAnalysis/CFG/CFG.h /home/t-filsra/adic2/ADIC/rose/src/midend/programAnalysis/CFG/CFGImpl.h /home/t-filsra/adic2/ADIC/rose/src/midend/programAnalysis/bitvectorDataflow/DataFlowAnalysis.h /home/t-filsra/adic2/ADIC/rose/src/midend/programAnalysis/bitvectorDataflow/DefUseChain.h /home/t-filsra/adic2/ADIC/rose/src/midend/programAnalysis/bitvectorDataflow/DefUseChain.C /home/t-filsra/adic2/ADIC/rose/src/midend/programAnalysis/bitvectorDataflow/ReachingDefinition.h /home/t-filsra/adic2/ADIC/rose/src/midend/programAnalysis/bitvectorDataflow/ReachingDefinitionFacade.h /home/t-filsra/adic2/ADIC/rose/src/midend/programAnalysis/VirtualFunctionAnalysis/IntraProcDataFlowAnalysis.h /home/t-filsra/adic2/ADIC/rose/src/midend/programAnalysis/VirtualFunctionAnalysis/InterProcDataFlowAnalysis.h /home/t-filsra/adic2/ADIC/rose/src/midend/programAnalysis/VirtualFunctionAnalysis/VirtualFunctionAnalysis.h /home/t-filsra/adic2/ADIC/rose/src/midend/programAnalysis/VirtualFunctionAnalysis/PtrAliasAnalysis.h /home/t-filsra/adic2/ADIC/rose/src/midend/programAnalysis/VirtualFunctionAnalysis/IntraProcAliasAnalysis.h /home/t-filsra/adic2/ADIC/rose/src/midend/programAnalysis/defUseAnalysis/DefUseAnalysis.h /home/t-filsra/adic2/ADIC/rose/src/midend/programAnalysis/defUseAnalysis/BottomUpTraversalLiveness.h /home/t-filsra/adic2/ADIC/rose/src/midend/programAnalysis/defUseAnalysis/DefUseAnalysis_perFunction.h /home/t-filsra/adic2/ADIC/rose/src/midend/programAnalysis/defUseAnalysis/DFAFilter.h /home/t-filsra/adic2/ADIC/rose/src/midend/programAnalysis/defUseAnalysis/DFAnalysis.h /home/t-filsra/adic2/ADIC/rose/src/midend/programAnalysis/defUseAnalysis/dfaToDot.h /home/t-filsra/adic2/ADIC/rose/src/midend/programAnalysis/defUseAnalysis/GlobalVarAnalysis.h /home/t-filsra/adic2/ADIC/rose/src/midend/programAnalysis/defUseAnalysis/support.h /home/t-filsra/adic2/ADIC/rose/src/midend/programAnalysis/defUseAnalysis/LivenessAnalysis.h /home/t-filsra/adic2/ADIC/rose/src/midend/programAnalysis/defUseAnalysis/DefUseAnalysisAbstract.h /home/t-filsra/adic2/ADIC/rose/src/midend/programAnalysis/dominanceAnalysis/DominatorTree.h /home/t-filsra/adic2/ADIC/rose/src/midend/programAnalysis/dominanceAnalysis/filteredCFG.h /home/t-filsra/adic2/ADIC/rose/src/midend/programAnalysis/dominanceAnalysis/DominanceFrontier.h /home/t-filsra/adic2/ADIC/rose/src/midend/programAnalysis/dominanceAnalysis/DominatorTreeImpl.h /home/t-filsra/adic2/ADIC/rose/src/midend/programAnalysis/genericDataflow/analysis/analysis.h /home/t-filsra/adic2/ADIC/rose/src/midend/programAnalysis/genericDataflow/analysis/analysisCommon.h /home/t-filsra/adic2/ADIC/rose/src/midend/programAnalysis/genericDataflow/analysis/dataflow.h /home/t-filsra/adic2/ADIC/rose/src/midend/programAnalysis/genericDataflow/analysis/partitionedAnalysis.h /home/t-filsra/adic2/ADIC/rose/src/midend/programAnalysis/genericDataflow/AnalysisDebuggingUtils.h /home/t-filsra/adic2/ADIC/rose/src/midend/programAnalysis/genericDataflow/arrIndexLabeler/arrIndexLabeler.h /home/t-filsra/adic2/ADIC/rose/src/midend/programAnalysis/genericDataflow/cfgUtils/baseCFGIterator.h /home/t-filsra/adic2/ADIC/rose/src/midend/programAnalysis/genericDataflow/cfgUtils/CallGraphTraverse.h /home/t-filsra/adic2/ADIC/rose/src/midend/programAnalysis/genericDataflow/cfgUtils/cfgUtils.h /home/t-filsra/adic2/ADIC/rose/src/midend/programAnalysis/genericDataflow/cfgUtils/CFGRewrite.h /home/t-filsra/adic2/ADIC/rose/src/midend/programAnalysis/genericDataflow/cfgUtils/DataflowCFG.h '/home/t-filsra/adic2/install/rose_inst/include/rose'
 /usr/bin/install -C -m 644 /home/t-filsra/adic2/ADIC/rose/src/midend/programAnalysis/genericDataflow/cfgUtils/VirtualCFGIterator.h /home/t-filsra/adic2/ADIC/rose/src/midend/programAnalysis/genericDataflow/genericDataflowCommon.h /home/t-filsra/adic2/ADIC/rose/src/midend/programAnalysis/genericDataflow/genUID.h /home/t-filsra/adic2/ADIC/rose/src/midend/programAnalysis/genericDataflow/lattice/affineInequality.h /home/t-filsra/adic2/ADIC/rose/src/midend/programAnalysis/genericDataflow/lattice/ConstrGraph.h /home/t-filsra/adic2/ADIC/rose/src/midend/programAnalysis/genericDataflow/lattice/lattice.h /home/t-filsra/adic2/ADIC/rose/src/midend/programAnalysis/genericDataflow/lattice/latticeFull.h /home/t-filsra/adic2/ADIC/rose/src/midend/programAnalysis/genericDataflow/rwAccessLabeler/rwAccessLabeler.h /home/t-filsra/adic2/ADIC/rose/src/midend/programAnalysis/genericDataflow/simpleAnalyses/ConstrGraphAnalysis.h /home/t-filsra/adic2/ADIC/rose/src/midend/programAnalysis/genericDataflow/simpleAnalyses/divAnalysis.h /home/t-filsra/adic2/ADIC/rose/src/midend/programAnalysis/genericDataflow/simpleAnalyses/dominatorAnalysis.h /home/t-filsra/adic2/ADIC/rose/src/midend/programAnalysis/genericDataflow/simpleAnalyses/liveDeadVarAnalysis.h /home/t-filsra/adic2/ADIC/rose/src/midend/programAnalysis/genericDataflow/simpleAnalyses/nodeConstAnalysis.h /home/t-filsra/adic2/ADIC/rose/src/midend/programAnalysis/genericDataflow/simpleAnalyses/placeUIDs.h /home/t-filsra/adic2/ADIC/rose/src/midend/programAnalysis/genericDataflow/simpleAnalyses/printAnalysisStates.h /home/t-filsra/adic2/ADIC/rose/src/midend/programAnalysis/genericDataflow/simpleAnalyses/saveDotAnalysis.h /home/t-filsra/adic2/ADIC/rose/src/midend/programAnalysis/genericDataflow/simpleAnalyses/sequenceStructAnalysis.h /home/t-filsra/adic2/ADIC/rose/src/midend/programAnalysis/genericDataflow/simpleAnalyses/sgnAnalysis.h /home/t-filsra/adic2/ADIC/rose/src/midend/programAnalysis/genericDataflow/simpleAnalyses/taintAnalysis.h /home/t-filsra/adic2/ADIC/rose/src/midend/programAnalysis/genericDataflow/simpleAnalyses/VariableStateTransfer.h /home/t-filsra/adic2/ADIC/rose/src/midend/programAnalysis/genericDataflow/state/functionState.h /home/t-filsra/adic2/ADIC/rose/src/midend/programAnalysis/genericDataflow/state/LogicalCond.h /home/t-filsra/adic2/ADIC/rose/src/midend/programAnalysis/genericDataflow/state/nodeState.h /home/t-filsra/adic2/ADIC/rose/src/midend/programAnalysis/genericDataflow/variables/variables.h /home/t-filsra/adic2/ADIC/rose/src/midend/programAnalysis/genericDataflow/variables/varSets.h /home/t-filsra/adic2/ADIC/rose/src/midend/programAnalysis/graphAnalysis/CallGraphAnalysis.h /home/t-filsra/adic2/ADIC/rose/src/midend/programAnalysis/graphAnalysis/RoseBin_DotGraph.h /home/t-filsra/adic2/ADIC/rose/src/midend/programAnalysis/graphAnalysis/RoseBin_Graph.h /home/t-filsra/adic2/ADIC/rose/src/midend/programAnalysis/graphAnalysis/RoseBin_GmlGraph.h /home/t-filsra/adic2/ADIC/rose/src/midend/programAnalysis/graphAnalysis/SB_Graph.h /home/t-filsra/adic2/ADIC/rose/src/midend/programAnalysis/graphAnalysis/RoseSrc_CallGraphAnalysis.h /home/t-filsra/adic2/ADIC/rose/src/midend/programAnalysis/OAWrap/OAWrap.h /home/t-filsra/adic2/ADIC/rose/src/midend/programAnalysis/OAWrap/SAGE2OA.h /home/t-filsra/adic2/ADIC/rose/src/midend/programAnalysis/OAWrap/OAConfig.h /home/t-filsra/adic2/ADIC/rose/src/midend/programAnalysis/pointerAnal/steensgaard.h /home/t-filsra/adic2/ADIC/rose/src/midend/programAnalysis/pointerAnal/PtrAnal.h /home/t-filsra/adic2/ADIC/rose/src/midend/programAnalysis/staticInterproceduralSlicing/DebugTool.h /home/t-filsra/adic2/ADIC/rose/src/midend/programAnalysis/staticInterproceduralSlicing/DefUseExtension.h /home/t-filsra/adic2/ADIC/rose/src/midend/programAnalysis/staticInterproceduralSlicing/DependenceGraph.h /home/t-filsra/adic2/ADIC/rose/src/midend/programAnalysis/staticInterproceduralSlicing/InterproceduralInfo.h '/home/t-filsra/adic2/install/rose_inst/include/rose'
 /usr/bin/install -C -m 644 /home/t-filsra/adic2/ADIC/rose/src/midend/programAnalysis/staticInterproceduralSlicing/SimpleDirectedGraph.h /home/t-filsra/adic2/ADIC/rose/src/midend/programAnalysis/staticInterproceduralSlicing/SlicingInfo.h /home/t-filsra/adic2/ADIC/rose/src/midend/programAnalysis/staticInterproceduralSlicing/EDefUse.h /home/t-filsra/adic2/ADIC/rose/src/midend/programAnalysis/staticInterproceduralSlicing/SDGLibraryExtender.h /home/t-filsra/adic2/ADIC/rose/src/midend/programAnalysis/staticInterproceduralSlicing/CreateSlice.h /home/t-filsra/adic2/ADIC/rose/src/midend/programAnalysis/staticInterproceduralSlicing/CreateSliceSet.h /home/t-filsra/adic2/ADIC/rose/src/midend/programAnalysis/staticInterproceduralSlicing/ControlFlowGraph.h /home/t-filsra/adic2/ADIC/rose/src/midend/programAnalysis/valuePropagation/ValueAnnot.h /home/t-filsra/adic2/ADIC/rose/src/midend/programAnalysis/valuePropagation/ValuePropagate.h /home/t-filsra/adic2/ADIC/rose/src/midend/programAnalysis/variableRenaming/VariableRenaming.h /home/t-filsra/adic2/ADIC/rose/src/midend/programAnalysis/EditDistance/DamerauLevenshtein.h /home/t-filsra/adic2/ADIC/rose/src/midend/programAnalysis/EditDistance/EditDistance.h /home/t-filsra/adic2/ADIC/rose/src/midend/programAnalysis/EditDistance/Levenshtein.h /home/t-filsra/adic2/ADIC/rose/src/midend/programAnalysis/EditDistance/TreeEditDistance.h /home/t-filsra/adic2/ADIC/rose/src/midend/programAnalysis/EditDistance/LinearEditDistance.h '/home/t-filsra/adic2/install/rose_inst/include/rose'
make[8]: Leaving directory `/home/t-filsra/adic2/ADIC/rose_build/src/midend/programAnalysis'
make[7]: Leaving directory `/home/t-filsra/adic2/ADIC/rose_build/src/midend/programAnalysis'
make[6]: Leaving directory `/home/t-filsra/adic2/ADIC/rose_build/src/midend/programAnalysis'
make[5]: Leaving directory `/home/t-filsra/adic2/ADIC/rose_build/src/midend/programAnalysis'
Making install in programTransformation/loopProcessing
make[5]: Entering directory `/home/t-filsra/adic2/ADIC/rose_build/src/midend/programTransformation/loopProcessing'
make[6]: Entering directory `/home/t-filsra/adic2/ADIC/rose_build/src/midend/programTransformation/loopProcessing'
make[6]: Nothing to be done for `install-exec-am'.
 /bin/mkdir -p '/home/t-filsra/adic2/install/rose_inst/include/rose'
 /usr/bin/install -C -m 644 /home/t-filsra/adic2/ADIC/rose/src/midend/programTransformation/loopProcessing/depInfo/DepEDD.h /home/t-filsra/adic2/ADIC/rose/src/midend/programTransformation/loopProcessing/depInfo/DepInfo.h /home/t-filsra/adic2/ADIC/rose/src/midend/programTransformation/loopProcessing/depInfo/DepInfoUpdate.h /home/t-filsra/adic2/ADIC/rose/src/midend/programTransformation/loopProcessing/depInfo/DomainInfo.h /home/t-filsra/adic2/ADIC/rose/src/midend/programTransformation/loopProcessing/depInfo/DepInfoAnal.h /home/t-filsra/adic2/ADIC/rose/src/midend/programTransformation/loopProcessing/depInfo/DepInfoSet.h /home/t-filsra/adic2/ADIC/rose/src/midend/programTransformation/loopProcessing/depInfo/DepRel.h /home/t-filsra/adic2/ADIC/rose/src/midend/programTransformation/loopProcessing/depInfo/DomainInfoUpdate.h /home/t-filsra/adic2/ADIC/rose/src/midend/programTransformation/loopProcessing/depInfo/ReuseAnalysis.h /home/t-filsra/adic2/ADIC/rose/src/midend/programTransformation/loopProcessing/depInfo/StmtDepAnal.h /home/t-filsra/adic2/ADIC/rose/src/midend/programTransformation/loopProcessing/depGraph/DepGraphBuild.h /home/t-filsra/adic2/ADIC/rose/src/midend/programTransformation/loopProcessing/depGraph/DepGraph.h /home/t-filsra/adic2/ADIC/rose/src/midend/programTransformation/loopProcessing/depGraph/DepGraphTransform.h /home/t-filsra/adic2/ADIC/rose/src/midend/programTransformation/loopProcessing/depGraph/LoopAnalysis.h /home/t-filsra/adic2/ADIC/rose/src/midend/programTransformation/loopProcessing/depGraph/TransDepGraph.h /home/t-filsra/adic2/ADIC/rose/src/midend/programTransformation/loopProcessing/depGraph/TransDepGraphImpl.h /home/t-filsra/adic2/ADIC/rose/src/midend/programTransformation/loopProcessing/computation/LoopTreeDummyNode.h /home/t-filsra/adic2/ADIC/rose/src/midend/programTransformation/loopProcessing/computation/LoopTreeShadow.h /home/t-filsra/adic2/ADIC/rose/src/midend/programTransformation/loopProcessing/computation/LoopTreeLocality.h /home/t-filsra/adic2/ADIC/rose/src/midend/programTransformation/loopProcessing/computation/LoopTreeBuild.h /home/t-filsra/adic2/ADIC/rose/src/midend/programTransformation/loopProcessing/computation/LoopTree.h /home/t-filsra/adic2/ADIC/rose/src/midend/programTransformation/loopProcessing/computation/LoopTreeObserver.h /home/t-filsra/adic2/ADIC/rose/src/midend/programTransformation/loopProcessing/computation/LoopTreeTransform.h /home/t-filsra/adic2/ADIC/rose/src/midend/programTransformation/loopProcessing/computation/LoopTreeDepComp.h /home/t-filsra/adic2/ADIC/rose/src/midend/programTransformation/loopProcessing/computation/LoopTreeHoldNode.h /home/t-filsra/adic2/ADIC/rose/src/midend/programTransformation/loopProcessing/computation/DepCompTransform.h /home/t-filsra/adic2/ADIC/rose/src/midend/programTransformation/loopProcessing/outsideInterface/ArrayAnnot.h /home/t-filsra/adic2/ADIC/rose/src/midend/programTransformation/loopProcessing/outsideInterface/ArrayInterface.h /home/t-filsra/adic2/ADIC/rose/src/midend/programTransformation/loopProcessing/outsideInterface/ArrayRewrite.h /home/t-filsra/adic2/ADIC/rose/src/midend/programTransformation/loopProcessing/slicing/CompSliceDepGraph.h /home/t-filsra/adic2/ADIC/rose/src/midend/programTransformation/loopProcessing/slicing/CompSliceImpl.h /home/t-filsra/adic2/ADIC/rose/src/midend/programTransformation/loopProcessing/slicing/DynamicCompSlice.h /home/t-filsra/adic2/ADIC/rose/src/midend/programTransformation/loopProcessing/slicing/CompSliceObserver.h /home/t-filsra/adic2/ADIC/rose/src/midend/programTransformation/loopProcessing/slicing/CompSlice.h /home/t-filsra/adic2/ADIC/rose/src/midend/programTransformation/loopProcessing/slicing/CompSliceLocality.h /home/t-filsra/adic2/ADIC/rose/src/midend/programTransformation/loopProcessing/slicing/CompSliceRegistry.h /home/t-filsra/adic2/ADIC/rose/src/midend/programTransformation/loopProcessing/driver/BlockingAnal.h /home/t-filsra/adic2/ADIC/rose/src/midend/programTransformation/loopProcessing/driver/InterchangeAnal.h /home/t-filsra/adic2/ADIC/rose/src/midend/programTransformation/loopProcessing/driver/CopyArrayAnal.h /home/t-filsra/adic2/ADIC/rose/src/midend/programTransformation/loopProcessing/driver/LoopTransformOptions.h '/home/t-filsra/adic2/install/rose_inst/include/rose'
 /usr/bin/install -C -m 644 /home/t-filsra/adic2/ADIC/rose/src/midend/programTransformation/loopProcessing/driver/LoopTransformInterface.h /home/t-filsra/adic2/ADIC/rose/src/midend/programTransformation/loopProcessing/driver/FusionAnal.h /home/t-filsra/adic2/ADIC/rose/src/midend/programTransformation/loopProcessing/driver/ParallelizeLoop.h /home/t-filsra/adic2/ADIC/rose/src/midend/programTransformation/loopProcessing/driver/AutoTuningInterface.h /home/t-filsra/adic2/ADIC/rose/src/midend/programTransformation/loopProcessing/prepostTransformation/BreakupStmt.h /home/t-filsra/adic2/ADIC/rose/src/midend/programTransformation/loopProcessing/prepostTransformation/LoopUnroll.h /home/t-filsra/adic2/ADIC/rose/src/midend/programTransformation/loopProcessing/prepostTransformation/PrePostTransformation.h /home/t-filsra/adic2/ADIC/rose/src/midend/programTransformation/loopProcessing/prepostTransformation/PrivatizeScalar.h '/home/t-filsra/adic2/install/rose_inst/include/rose'
make[6]: Leaving directory `/home/t-filsra/adic2/ADIC/rose_build/src/midend/programTransformation/loopProcessing'
make[5]: Leaving directory `/home/t-filsra/adic2/ADIC/rose_build/src/midend/programTransformation/loopProcessing'
make[5]: Entering directory `/home/t-filsra/adic2/ADIC/rose_build/src/midend'
make[6]: Entering directory `/home/t-filsra/adic2/ADIC/rose_build/src/midend'
 /bin/mkdir -p '/home/t-filsra/adic2/install/rose_inst/lib'
 /bin/sh ../../libtool   --mode=install /usr/bin/install -C   libxomp.la '/home/t-filsra/adic2/install/rose_inst/lib'
libtool: install: /usr/bin/install -C .libs/libxomp.lai /home/t-filsra/adic2/install/rose_inst/lib/libxomp.la
libtool: install: /usr/bin/install -C .libs/libxomp.a /home/t-filsra/adic2/install/rose_inst/lib/libxomp.a
libtool: install: chmod 644 /home/t-filsra/adic2/install/rose_inst/lib/libxomp.a
libtool: install: ranlib /home/t-filsra/adic2/install/rose_inst/lib/libxomp.a
libtool: finish: PATH="/home/t-filsra/adic2/install/Rose2xaif_inst/bin:/usr/local/sbin:/usr/local/bin:/usr/sbin:/usr/bin:/sbin:/bin:/usr/games:/usr/local/games:/sbin" ldconfig -n /home/t-filsra/adic2/install/rose_inst/lib
----------------------------------------------------------------------
Libraries have been installed in:
   /home/t-filsra/adic2/install/rose_inst/lib

If you ever happen to want to link against installed libraries
in a given directory, LIBDIR, you must either use libtool, and
specify the full pathname of the library, or use the `-LLIBDIR'
flag during linking and do at least one of the following:
   - add LIBDIR to the `LD_LIBRARY_PATH' environment variable
     during execution
   - add LIBDIR to the `LD_RUN_PATH' environment variable
     during linking
   - use the `-Wl,-rpath -Wl,LIBDIR' linker flag
   - have your system administrator add LIBDIR to `/etc/ld.so.conf'

See any operating system documentation about shared libraries for
more information, such as the ld(1) and ld.so(8) manual pages.
----------------------------------------------------------------------
make  install-exec-hook
make[7]: Entering directory `/home/t-filsra/adic2/ADIC/rose_build/src/midend'
INCLUDEDIR="/home/t-filsra/adic2/install/rose_inst/include/rose/midend/astMatching" && \
	mkdir -p "${INCLUDEDIR}" && \
	for header in astMatching/RoseAst.h astMatching/matcherparser_decls.h astMatching/AstMatching.h astMatching/MatchOperation.h; do \
          ln -s --force "//home/t-filsra/adic2/install/rose_inst/include/$(basename ${header})" "${INCLUDEDIR}/$(basename ${header})"; done
make[7]: Leaving directory `/home/t-filsra/adic2/ADIC/rose_build/src/midend'
 /bin/mkdir -p '/home/t-filsra/adic2/install/rose_inst/include/rose'
 /usr/bin/install -C -m 644 /home/t-filsra/adic2/ADIC/rose/src/midend/abstractHandle/abstract_handle.h /home/t-filsra/adic2/ADIC/rose/src/midend/abstractHandle/roseAdapter.h /home/t-filsra/adic2/ADIC/rose/src/midend/abstractLayer/AstAnnotator.h /home/t-filsra/adic2/ADIC/rose/src/midend/abstractLayer/DFAstAttribute.h /home/t-filsra/adic2/ADIC/rose/src/midend/abstractLayer/CPAstAttributeInterface.h /home/t-filsra/adic2/ADIC/rose/src/midend/abstractLayer/RDAstAttributeInterface.h /home/t-filsra/adic2/ADIC/rose/src/midend/abstractLayer/Labeler.h /home/t-filsra/adic2/ADIC/rose/src/midend/abstractLayer/VariableIdMapping.h /home/t-filsra/adic2/ADIC/rose/src/midend/abstractLayer/SgNodeHelper.h /home/t-filsra/adic2/ADIC/rose/src/midend/abstractMemoryObject/memory_object.h /home/t-filsra/adic2/ADIC/rose/src/midend/abstractMemoryObject/memory_object_impl.h /home/t-filsra/adic2/ADIC/rose/src/midend/astDiagnostics/AstDiagnostics.h /home/t-filsra/adic2/ADIC/rose/src/midend/astDiagnostics/AstConsistencyTests.h /home/t-filsra/adic2/ADIC/rose/src/midend/astDiagnostics/AstWarnings.h /home/t-filsra/adic2/ADIC/rose/src/midend/astDiagnostics/AstStatistics.h /home/t-filsra/adic2/ADIC/rose/src/midend/astDiagnostics/AstPerformance.h /home/t-filsra/adic2/ADIC/rose/src/midend/astProcessing/AstPDFGeneration.h /home/t-filsra/adic2/ADIC/rose/src/midend/astProcessing/AstNodeVisitMapping.h /home/t-filsra/adic2/ADIC/rose/src/midend/astProcessing/AstAttributeMechanism.h /home/t-filsra/adic2/ADIC/rose/src/midend/astProcessing/AstTextAttributesHandling.h /home/t-filsra/adic2/ADIC/rose/src/midend/astProcessing/AstDOTGeneration.h /home/t-filsra/adic2/ADIC/rose/src/midend/astProcessing/AstProcessing.h /home/t-filsra/adic2/ADIC/rose/src/midend/astProcessing/AstSimpleProcessing.h /home/t-filsra/adic2/ADIC/rose/src/midend/astProcessing/AstTraverseToRoot.h /home/t-filsra/adic2/ADIC/rose/src/midend/astProcessing/AstNodePtrs.h /home/t-filsra/adic2/ADIC/rose/src/midend/astProcessing/AstSuccessorsSelectors.h /home/t-filsra/adic2/ADIC/rose/src/midend/astProcessing/AstReverseProcessing.h /home/t-filsra/adic2/ADIC/rose/src/midend/astProcessing/AstReverseSimpleProcessing.h /home/t-filsra/adic2/ADIC/rose/src/midend/astProcessing/Ast.h /home/t-filsra/adic2/ADIC/rose/src/midend/astProcessing/AstRestructure.h /home/t-filsra/adic2/ADIC/rose/src/midend/astProcessing/AstClearVisitFlags.h /home/t-filsra/adic2/ADIC/rose/src/midend/astProcessing/AstTraversal.h /home/t-filsra/adic2/ADIC/rose/src/midend/astProcessing/AstCombinedProcessing.h /home/t-filsra/adic2/ADIC/rose/src/midend/astProcessing/AstCombinedProcessingImpl.h /home/t-filsra/adic2/ADIC/rose/src/midend/astProcessing/AstCombinedSimpleProcessing.h /home/t-filsra/adic2/ADIC/rose/src/midend/astProcessing/StackFrameVector.h /home/t-filsra/adic2/ADIC/rose/src/midend/astProcessing/AstSharedMemoryParallelProcessing.h /home/t-filsra/adic2/ADIC/rose/src/midend/astProcessing/AstSharedMemoryParallelProcessingImpl.h /home/t-filsra/adic2/ADIC/rose/src/midend/astProcessing/AstSharedMemoryParallelSimpleProcessing.h /home/t-filsra/adic2/ADIC/rose/src/midend/astProcessing/graphProcessing.h '/home/t-filsra/adic2/install/rose_inst/include/rose'
 /usr/bin/install -C -m 644 /home/t-filsra/adic2/ADIC/rose/src/midend/astProcessing/graphProcessingSgIncGraph.h /home/t-filsra/adic2/ADIC/rose/src/midend/astProcessing/graphTemplate.h /home/t-filsra/adic2/ADIC/rose/src/midend/astProcessing/SgGraphTemplate.h /home/t-filsra/adic2/ADIC/rose/src/midend/astMatching/RoseAst.h /home/t-filsra/adic2/ADIC/rose/src/midend/astMatching/matcherparser_decls.h /home/t-filsra/adic2/ADIC/rose/src/midend/astMatching/AstMatching.h /home/t-filsra/adic2/ADIC/rose/src/midend/astMatching/MatchOperation.h /home/t-filsra/adic2/ADIC/rose/src/midend/astRewriteMechanism/rewrite.h /home/t-filsra/adic2/ADIC/rose/src/midend/astRewriteMechanism/lowLevelRewriteInterface.h /home/t-filsra/adic2/ADIC/rose/src/midend/astRewriteMechanism/midLevelRewriteInterface.h /home/t-filsra/adic2/ADIC/rose/src/midend/astRewriteMechanism/highLevelRewriteInterface.h /home/t-filsra/adic2/ADIC/rose/src/midend/astRewriteMechanism/rewriteMidLevelInterfaceTemplatesImpl.h /home/t-filsra/adic2/ADIC/rose/src/midend/astRewriteMechanism/prefixGenerationImpl.h /home/t-filsra/adic2/ADIC/rose/src/midend/astRewriteMechanism/ASTFragmentCollectorTraversalImpl.h /home/t-filsra/adic2/ADIC/rose/src/midend/astRewriteMechanism/rewriteSynthesizedAttributeTemplatesImpl.h /home/t-filsra/adic2/ADIC/rose/src/midend/astRewriteMechanism/rewriteTreeTraversalImpl.h /home/t-filsra/adic2/ADIC/rose/src/midend/astRewriteMechanism/rewriteASTFragementStringTemplatesImpl.h /home/t-filsra/adic2/ADIC/rose/src/midend/astRewriteMechanism/nodeCollectionTemplatesImpl.h /home/t-filsra/adic2/ADIC/rose/src/midend/astRewriteMechanism/rewriteDebuggingSupportTemplatesImpl.h /home/t-filsra/adic2/ADIC/rose/src/midend/astRewriteMechanism/rewriteTemplateImpl.h /home/t-filsra/adic2/ADIC/rose/src/midend/astQuery/nodeQuery.h /home/t-filsra/adic2/ADIC/rose/src/midend/astQuery/nodeQueryInheritedAttribute.h /home/t-filsra/adic2/ADIC/rose/src/midend/astQuery/booleanQuery.h /home/t-filsra/adic2/ADIC/rose/src/midend/astQuery/booleanQueryInheritedAttribute.h /home/t-filsra/adic2/ADIC/rose/src/midend/astQuery/nameQuery.h /home/t-filsra/adic2/ADIC/rose/src/midend/astQuery/nameQueryInheritedAttribute.h /home/t-filsra/adic2/ADIC/rose/src/midend/astQuery/numberQuery.h /home/t-filsra/adic2/ADIC/rose/src/midend/astQuery/numberQueryInheritedAttribute.h /home/t-filsra/adic2/ADIC/rose/src/midend/astQuery/astQuery.h /home/t-filsra/adic2/ADIC/rose/src/midend/astQuery/astQueryInheritedAttribute.h /home/t-filsra/adic2/ADIC/rose/src/midend/astQuery/roseQueryLib.h /home/t-filsra/adic2/ADIC/rose/src/midend/astSnippet/Snippet.h /home/t-filsra/adic2/ADIC/rose/src/midend/astUtil/annotation/AnnotCollect.h /home/t-filsra/adic2/ADIC/rose/src/midend/astUtil/annotation/AnnotExpr.h /home/t-filsra/adic2/ADIC/rose/src/midend/astUtil/annotation/AnnotStmt.h /home/t-filsra/adic2/ADIC/rose/src/midend/astUtil/annotation/OperatorDescriptors.h /home/t-filsra/adic2/ADIC/rose/src/midend/astUtil/annotation/AnnotDescriptors.h /home/t-filsra/adic2/ADIC/rose/src/midend/astUtil/annotation/AnnotIO.h /home/t-filsra/adic2/ADIC/rose/src/midend/astUtil/annotation/OperatorAnnotation.h /home/t-filsra/adic2/ADIC/rose/src/midend/astUtil/annotation/TypeAnnotation.h '/home/t-filsra/adic2/install/rose_inst/include/rose'
 /usr/bin/install -C -m 644 /home/t-filsra/adic2/ADIC/rose/src/midend/astUtil/annotation/CPPAnnotation.h /home/t-filsra/adic2/ADIC/rose/src/midend/astUtil/astInterface/AstInterface.h /home/t-filsra/adic2/ADIC/rose/src/midend/astUtil/astInterface/CPPAstInterface.h /home/t-filsra/adic2/ADIC/rose/src/midend/astUtil/astInterface/AstInterface_ROSE.h /home/t-filsra/adic2/ADIC/rose/src/midend/astUtil/astSupport/AnalysisInterface.h /home/t-filsra/adic2/ADIC/rose/src/midend/astUtil/astSupport/ProcessAstTree.h /home/t-filsra/adic2/ADIC/rose/src/midend/astUtil/astSupport/StmtInfoCollect.h /home/t-filsra/adic2/ADIC/rose/src/midend/astUtil/astSupport/LoopInfoInterface.h /home/t-filsra/adic2/ADIC/rose/src/midend/astUtil/symbolicVal/SymbolicMultiply.h /home/t-filsra/adic2/ADIC/rose/src/midend/astUtil/symbolicVal/SymbolicPlus.h /home/t-filsra/adic2/ADIC/rose/src/midend/astUtil/symbolicVal/SymbolicVal.h /home/t-filsra/adic2/ADIC/rose/src/midend/astUtil/symbolicVal/SymbolicExpr.h /home/t-filsra/adic2/ADIC/rose/src/midend/astUtil/symbolicVal/SymbolicSelect.h /home/t-filsra/adic2/ADIC/rose/src/midend/astUtil/symbolicVal/SymbolicBound.h /home/t-filsra/adic2/ADIC/rose/src/midend/programTransformation/partialRedundancyElimination/pre.h /home/t-filsra/adic2/ADIC/rose/src/midend/programTransformation/partialRedundancyElimination/controlFlowGraph.h /home/t-filsra/adic2/ADIC/rose/src/midend/programTransformation/partialRedundancyElimination/expressionTreeEqual.h /home/t-filsra/adic2/ADIC/rose/src/midend/programTransformation/finiteDifferencing/finiteDifferencing.h /home/t-filsra/adic2/ADIC/rose/src/midend/programTransformation/finiteDifferencing/patternRewrite.h /home/t-filsra/adic2/ADIC/rose/src/midend/programTransformation/functionCallNormalization/FunctionNormalization.h /home/t-filsra/adic2/ADIC/rose/src/midend/programTransformation/constantFolding/constantFolding.h /home/t-filsra/adic2/ADIC/rose/src/midend/programTransformation/implicitCodeGeneration/analysisUtils.h /home/t-filsra/adic2/ADIC/rose/src/midend/programTransformation/implicitCodeGeneration/defaultFunctionGenerator.h /home/t-filsra/adic2/ADIC/rose/src/midend/programTransformation/implicitCodeGeneration/destructorCallAnnotator.h /home/t-filsra/adic2/ADIC/rose/src/midend/programTransformation/implicitCodeGeneration/shortCircuitingTransformation.h /home/t-filsra/adic2/ADIC/rose/src/midend/programTransformation/astInlining/inliner.h /home/t-filsra/adic2/ADIC/rose/src/midend/programTransformation/astInlining/inlinerSupport.h /home/t-filsra/adic2/ADIC/rose/src/midend/programTransformation/astInlining/replaceExpressionWithStatement.h /home/t-filsra/adic2/ADIC/rose/src/midend/programTransformation/astOutlining/Outliner.hh /home/t-filsra/adic2/ADIC/rose/src/midend/programTransformation/astOutlining/NameGenerator.hh /home/t-filsra/adic2/ADIC/rose/src/midend/programTransformation/astOutlining/ASTtools.hh /home/t-filsra/adic2/ADIC/rose/src/midend/programTransformation/astOutlining/Copy.hh /home/t-filsra/adic2/ADIC/rose/src/midend/programTransformation/astOutlining/Jumps.hh /home/t-filsra/adic2/ADIC/rose/src/midend/programTransformation/astOutlining/PrePostTraversal.hh /home/t-filsra/adic2/ADIC/rose/src/midend/programTransformation/astOutlining/PreprocessingInfo.hh /home/t-filsra/adic2/ADIC/rose/src/midend/programTransformation/astOutlining/StmtRewrite.hh /home/t-filsra/adic2/ADIC/rose/src/midend/programTransformation/astOutlining/This.hh /home/t-filsra/adic2/ADIC/rose/src/midend/programTransformation/astOutlining/VarSym.hh /home/t-filsra/adic2/ADIC/rose/src/midend/programTransformation/astOutlining/IfDirectiveContextFinder.hh /home/t-filsra/adic2/ADIC/rose/src/midend/programTransformation/astOutlining/IfDirectiveExtractor.hh '/home/t-filsra/adic2/install/rose_inst/include/rose'
 /usr/bin/install -C -m 644 /home/t-filsra/adic2/ADIC/rose/src/midend/programTransformation/astOutlining/If.hh /home/t-filsra/adic2/ADIC/rose/src/midend/programTransformation/astOutlining/Preprocess.hh /home/t-filsra/adic2/ADIC/rose/src/midend/programTransformation/ompLowering/omp_lowering.h /home/t-filsra/adic2/ADIC/rose/src/midend/programTransformation/ompLowering/libgomp_g.h /home/t-filsra/adic2/ADIC/rose/src/midend/programTransformation/ompLowering/libompc.h /home/t-filsra/adic2/ADIC/rose/src/midend/programTransformation/ompLowering/libxomp.h /home/t-filsra/adic2/ADIC/rose/src/midend/programTransformation/ompLowering/libxompf.h /home/t-filsra/adic2/ADIC/rose/src/midend/programTransformation/transformationTracking/transformationTracking.h '/home/t-filsra/adic2/install/rose_inst/include/rose'
make[6]: Leaving directory `/home/t-filsra/adic2/ADIC/rose_build/src/midend'
make[5]: Leaving directory `/home/t-filsra/adic2/ADIC/rose_build/src/midend'
make[4]: Leaving directory `/home/t-filsra/adic2/ADIC/rose_build/src/midend'
make[3]: Leaving directory `/home/t-filsra/adic2/ADIC/rose_build/src/midend'
Making install in backend
make[3]: Entering directory `/home/t-filsra/adic2/ADIC/rose_build/src/backend'
Making install in KLT
make[4]: Entering directory `/home/t-filsra/adic2/ADIC/rose_build/src/backend/KLT'
Making install in include
make[5]: Entering directory `/home/t-filsra/adic2/ADIC/rose_build/src/backend/KLT/include'
Making install in KLT
make[6]: Entering directory `/home/t-filsra/adic2/ADIC/rose_build/src/backend/KLT/include/KLT'
Making install in Core
make[7]: Entering directory `/home/t-filsra/adic2/ADIC/rose_build/src/backend/KLT/include/KLT/Core'
make[8]: Entering directory `/home/t-filsra/adic2/ADIC/rose_build/src/backend/KLT/include/KLT/Core'
make[8]: Nothing to be done for `install-exec-am'.
 /bin/mkdir -p '/home/t-filsra/adic2/install/rose_inst/include/KLT/Core'
 /usr/bin/install -C -m 644 /home/t-filsra/adic2/ADIC/rose/src/backend/KLT/include/KLT/Core/data.hpp /home/t-filsra/adic2/ADIC/rose/src/backend/KLT/include/KLT/Core/data-flow.hpp /home/t-filsra/adic2/ADIC/rose/src/backend/KLT/include/KLT/Core/generator.hpp /home/t-filsra/adic2/ADIC/rose/src/backend/KLT/include/KLT/Core/loop-tiler.hpp /home/t-filsra/adic2/ADIC/rose/src/backend/KLT/include/KLT/Core/kernel.hpp /home/t-filsra/adic2/ADIC/rose/src/backend/KLT/include/KLT/Core/loop-mapper.hpp /home/t-filsra/adic2/ADIC/rose/src/backend/KLT/include/KLT/Core/loop-trees.hpp /home/t-filsra/adic2/ADIC/rose/src/backend/KLT/include/KLT/Core/mfb-klt.hpp '/home/t-filsra/adic2/install/rose_inst/include/KLT/Core'
make[8]: Leaving directory `/home/t-filsra/adic2/ADIC/rose_build/src/backend/KLT/include/KLT/Core'
make[7]: Leaving directory `/home/t-filsra/adic2/ADIC/rose_build/src/backend/KLT/include/KLT/Core'
make[7]: Entering directory `/home/t-filsra/adic2/ADIC/rose_build/src/backend/KLT/include/KLT'
make[8]: Entering directory `/home/t-filsra/adic2/ADIC/rose_build/src/backend/KLT/include/KLT'
make[8]: Nothing to be done for `install-exec-am'.
 /bin/mkdir -p '/home/t-filsra/adic2/install/rose_inst/include/KLT'
 /usr/bin/install -C -m 644 /home/t-filsra/adic2/ADIC/rose/src/backend/KLT/include/KLT/utils.hpp '/home/t-filsra/adic2/install/rose_inst/include/KLT'
make[8]: Leaving directory `/home/t-filsra/adic2/ADIC/rose_build/src/backend/KLT/include/KLT'
make[7]: Leaving directory `/home/t-filsra/adic2/ADIC/rose_build/src/backend/KLT/include/KLT'
make[6]: Leaving directory `/home/t-filsra/adic2/ADIC/rose_build/src/backend/KLT/include/KLT'
make[6]: Entering directory `/home/t-filsra/adic2/ADIC/rose_build/src/backend/KLT/include'
make[7]: Entering directory `/home/t-filsra/adic2/ADIC/rose_build/src/backend/KLT/include'
make[7]: Nothing to be done for `install-exec-am'.
make[7]: Nothing to be done for `install-data-am'.
make[7]: Leaving directory `/home/t-filsra/adic2/ADIC/rose_build/src/backend/KLT/include'
make[6]: Leaving directory `/home/t-filsra/adic2/ADIC/rose_build/src/backend/KLT/include'
make[5]: Leaving directory `/home/t-filsra/adic2/ADIC/rose_build/src/backend/KLT/include'
Making install in lib
make[5]: Entering directory `/home/t-filsra/adic2/ADIC/rose_build/src/backend/KLT/lib'
Making install in core
make[6]: Entering directory `/home/t-filsra/adic2/ADIC/rose_build/src/backend/KLT/lib/core'
make[7]: Entering directory `/home/t-filsra/adic2/ADIC/rose_build/src/backend/KLT/lib/core'
 /bin/mkdir -p '/home/t-filsra/adic2/install/rose_inst/lib'
 /bin/sh ../../../../../libtool   --mode=install /usr/bin/install -C   libKLT-Core.la '/home/t-filsra/adic2/install/rose_inst/lib'
libtool: install: /usr/bin/install -C .libs/libKLT-Core.so.0.0.0 /home/t-filsra/adic2/install/rose_inst/lib/libKLT-Core.so.0.0.0
libtool: install: (cd /home/t-filsra/adic2/install/rose_inst/lib && { ln -s -f libKLT-Core.so.0.0.0 libKLT-Core.so.0 || { rm -f libKLT-Core.so.0 && ln -s libKLT-Core.so.0.0.0 libKLT-Core.so.0; }; })
libtool: install: (cd /home/t-filsra/adic2/install/rose_inst/lib && { ln -s -f libKLT-Core.so.0.0.0 libKLT-Core.so || { rm -f libKLT-Core.so && ln -s libKLT-Core.so.0.0.0 libKLT-Core.so; }; })
libtool: install: /usr/bin/install -C .libs/libKLT-Core.lai /home/t-filsra/adic2/install/rose_inst/lib/libKLT-Core.la
libtool: finish: PATH="/home/t-filsra/adic2/install/Rose2xaif_inst/bin:/usr/local/sbin:/usr/local/bin:/usr/sbin:/usr/bin:/sbin:/bin:/usr/games:/usr/local/games:/sbin" ldconfig -n /home/t-filsra/adic2/install/rose_inst/lib
----------------------------------------------------------------------
Libraries have been installed in:
   /home/t-filsra/adic2/install/rose_inst/lib

If you ever happen to want to link against installed libraries
in a given directory, LIBDIR, you must either use libtool, and
specify the full pathname of the library, or use the `-LLIBDIR'
flag during linking and do at least one of the following:
   - add LIBDIR to the `LD_LIBRARY_PATH' environment variable
     during execution
   - add LIBDIR to the `LD_RUN_PATH' environment variable
     during linking
   - use the `-Wl,-rpath -Wl,LIBDIR' linker flag
   - have your system administrator add LIBDIR to `/etc/ld.so.conf'

See any operating system documentation about shared libraries for
more information, such as the ld(1) and ld.so(8) manual pages.
----------------------------------------------------------------------
make[7]: Nothing to be done for `install-data-am'.
make[7]: Leaving directory `/home/t-filsra/adic2/ADIC/rose_build/src/backend/KLT/lib/core'
make[6]: Leaving directory `/home/t-filsra/adic2/ADIC/rose_build/src/backend/KLT/lib/core'
Making install in rtl
make[6]: Entering directory `/home/t-filsra/adic2/ADIC/rose_build/src/backend/KLT/lib/rtl'
make[7]: Entering directory `/home/t-filsra/adic2/ADIC/rose_build/src/backend/KLT/lib/rtl'
 /bin/mkdir -p '/home/t-filsra/adic2/install/rose_inst/lib'
 /bin/sh ../../../../../libtool   --mode=install /usr/bin/install -C   libKLT-RTL.la '/home/t-filsra/adic2/install/rose_inst/lib'
libtool: install: /usr/bin/install -C .libs/libKLT-RTL.so.0.0.0 /home/t-filsra/adic2/install/rose_inst/lib/libKLT-RTL.so.0.0.0
libtool: install: (cd /home/t-filsra/adic2/install/rose_inst/lib && { ln -s -f libKLT-RTL.so.0.0.0 libKLT-RTL.so.0 || { rm -f libKLT-RTL.so.0 && ln -s libKLT-RTL.so.0.0.0 libKLT-RTL.so.0; }; })
libtool: install: (cd /home/t-filsra/adic2/install/rose_inst/lib && { ln -s -f libKLT-RTL.so.0.0.0 libKLT-RTL.so || { rm -f libKLT-RTL.so && ln -s libKLT-RTL.so.0.0.0 libKLT-RTL.so; }; })
libtool: install: /usr/bin/install -C .libs/libKLT-RTL.lai /home/t-filsra/adic2/install/rose_inst/lib/libKLT-RTL.la
libtool: finish: PATH="/home/t-filsra/adic2/install/Rose2xaif_inst/bin:/usr/local/sbin:/usr/local/bin:/usr/sbin:/usr/bin:/sbin:/bin:/usr/games:/usr/local/games:/sbin" ldconfig -n /home/t-filsra/adic2/install/rose_inst/lib
----------------------------------------------------------------------
Libraries have been installed in:
   /home/t-filsra/adic2/install/rose_inst/lib

If you ever happen to want to link against installed libraries
in a given directory, LIBDIR, you must either use libtool, and
specify the full pathname of the library, or use the `-LLIBDIR'
flag during linking and do at least one of the following:
   - add LIBDIR to the `LD_LIBRARY_PATH' environment variable
     during execution
   - add LIBDIR to the `LD_RUN_PATH' environment variable
     during linking
   - use the `-Wl,-rpath -Wl,LIBDIR' linker flag
   - have your system administrator add LIBDIR to `/etc/ld.so.conf'

See any operating system documentation about shared libraries for
more information, such as the ld(1) and ld.so(8) manual pages.
----------------------------------------------------------------------
make[7]: Nothing to be done for `install-data-am'.
make[7]: Leaving directory `/home/t-filsra/adic2/ADIC/rose_build/src/backend/KLT/lib/rtl'
make[6]: Leaving directory `/home/t-filsra/adic2/ADIC/rose_build/src/backend/KLT/lib/rtl'
make[6]: Entering directory `/home/t-filsra/adic2/ADIC/rose_build/src/backend/KLT/lib'
make[7]: Entering directory `/home/t-filsra/adic2/ADIC/rose_build/src/backend/KLT/lib'
make[7]: Nothing to be done for `install-exec-am'.
make[7]: Nothing to be done for `install-data-am'.
make[7]: Leaving directory `/home/t-filsra/adic2/ADIC/rose_build/src/backend/KLT/lib'
make[6]: Leaving directory `/home/t-filsra/adic2/ADIC/rose_build/src/backend/KLT/lib'
make[5]: Leaving directory `/home/t-filsra/adic2/ADIC/rose_build/src/backend/KLT/lib'
make[5]: Entering directory `/home/t-filsra/adic2/ADIC/rose_build/src/backend/KLT'
make[6]: Entering directory `/home/t-filsra/adic2/ADIC/rose_build/src/backend/KLT'
make[6]: Nothing to be done for `install-exec-am'.
make[6]: Nothing to be done for `install-data-am'.
make[6]: Leaving directory `/home/t-filsra/adic2/ADIC/rose_build/src/backend/KLT'
make[5]: Leaving directory `/home/t-filsra/adic2/ADIC/rose_build/src/backend/KLT'
make[4]: Leaving directory `/home/t-filsra/adic2/ADIC/rose_build/src/backend/KLT'
make[4]: Entering directory `/home/t-filsra/adic2/ADIC/rose_build/src/backend'
make[5]: Entering directory `/home/t-filsra/adic2/ADIC/rose_build/src/backend'
make[5]: Nothing to be done for `install-exec-am'.
 /bin/mkdir -p '/home/t-filsra/adic2/install/rose_inst/include/rose'
 /usr/bin/install -C -m 644 /home/t-filsra/adic2/ADIC/rose/src/backend/asmUnparser/AsmUnparser.h /home/t-filsra/adic2/ADIC/rose/src/backend/asmUnparser/AsmUnparser_compat.h /home/t-filsra/adic2/ADIC/rose/src/backend/asmUnparser/AsmFunctionIndex.h '/home/t-filsra/adic2/install/rose_inst/include/rose'
 /bin/mkdir -p '/home/t-filsra/adic2/install/rose_inst/include/rose'
 /usr/bin/install -C -m 644 /home/t-filsra/adic2/ADIC/rose/src/backend/unparser/unparser.h /home/t-filsra/adic2/ADIC/rose/src/backend/unparser/unparse_sym.h /home/t-filsra/adic2/ADIC/rose/src/backend/unparser/astUnparseAttribute.h /home/t-filsra/adic2/ADIC/rose/src/backend/unparser/IncludedFilesUnparser.h /home/t-filsra/adic2/ADIC/rose/src/backend/unparser/nameQualificationSupport.h /home/t-filsra/adic2/ADIC/rose/src/backend/unparser/CxxCodeGeneration/unparseCxx.h /home/t-filsra/adic2/ADIC/rose/src/backend/unparser/CxxCodeGeneration/unparseCxx_types.h /home/t-filsra/adic2/ADIC/rose/src/backend/unparser/formatSupport/unparse_format.h /home/t-filsra/adic2/ADIC/rose/src/backend/unparser/formatSupport/unparseFormatHelp.h /home/t-filsra/adic2/ADIC/rose/src/backend/unparser/FortranCodeGeneration/unparseFortran.h /home/t-filsra/adic2/ADIC/rose/src/backend/unparser/FortranCodeGeneration/unparseFortran_types.h /home/t-filsra/adic2/ADIC/rose/src/backend/unparser/FortranCodeGeneration/unparseFortran_modfile.h /home/t-filsra/adic2/ADIC/rose/src/backend/unparser/JavaCodeGeneration/unparseJava.h /home/t-filsra/adic2/ADIC/rose/src/backend/unparser/languageIndependenceSupport/unparseLanguageIndependentConstructs.h /home/t-filsra/adic2/ADIC/rose/src/backend/unparser/languageIndependenceSupport/name_qualification_support.h /home/t-filsra/adic2/ADIC/rose/src/backend/unparser/languageIndependenceSupport/unparser_opt.h /home/t-filsra/adic2/ADIC/rose/src/backend/unparser/languageIndependenceSupport/modified_sage.h /home/t-filsra/adic2/ADIC/rose/src/backend/unparser/languageIndependenceSupport/unparse_debug.h /home/t-filsra/adic2/ADIC/rose/src/backend/unparser/PHPCodeGeneration/unparsePHP.h /home/t-filsra/adic2/ADIC/rose/src/backend/unparser/PythonCodeGeneration/unparsePython.h /home/t-filsra/adic2/ADIC/rose/src/backend/unparser/X10CodeGeneration/unparseX10.h '/home/t-filsra/adic2/install/rose_inst/include/rose'
make[5]: Leaving directory `/home/t-filsra/adic2/ADIC/rose_build/src/backend'
make[4]: Leaving directory `/home/t-filsra/adic2/ADIC/rose_build/src/backend'
make[3]: Leaving directory `/home/t-filsra/adic2/ADIC/rose_build/src/backend'
Making install in 3rdPartyLibraries
make[3]: Entering directory `/home/t-filsra/adic2/ADIC/rose_build/src/3rdPartyLibraries'
Making install in MSTL
make[4]: Entering directory `/home/t-filsra/adic2/ADIC/rose_build/src/3rdPartyLibraries/MSTL'
make[5]: Entering directory `/home/t-filsra/adic2/ADIC/rose_build/src/3rdPartyLibraries/MSTL'
make[5]: Nothing to be done for `install-exec-am'.
 /bin/mkdir -p '/home/t-filsra/adic2/install/rose_inst/include/rose'
 /usr/bin/install -C -m 644 /home/t-filsra/adic2/ADIC/rose/src/3rdPartyLibraries/MSTL/PDFGeneration.h /home/t-filsra/adic2/ADIC/rose/src/3rdPartyLibraries/MSTL/AttributeMechanism.h /home/t-filsra/adic2/ADIC/rose/src/3rdPartyLibraries/MSTL/DOTGeneration.h /home/t-filsra/adic2/ADIC/rose/src/3rdPartyLibraries/MSTL/DOTRepresentation.h /home/t-filsra/adic2/ADIC/rose/src/3rdPartyLibraries/MSTL/Translator.h /home/t-filsra/adic2/ADIC/rose/src/3rdPartyLibraries/MSTL/DOTSubgraphRepresentation.h /home/t-filsra/adic2/ADIC/rose/src/3rdPartyLibraries/MSTL/DOTGraphInterface.h /home/t-filsra/adic2/ADIC/rose/src/3rdPartyLibraries/MSTL/TreeTraversal.h /home/t-filsra/adic2/ADIC/rose/src/3rdPartyLibraries/MSTL/DOTRepresentationImpl.h /home/t-filsra/adic2/ADIC/rose/src/3rdPartyLibraries/MSTL/DOTGenerationImpl.h /home/t-filsra/adic2/ADIC/rose/src/3rdPartyLibraries/MSTL/DOTSubgraphRepresentationImpl.h '/home/t-filsra/adic2/install/rose_inst/include/rose'
make[5]: Leaving directory `/home/t-filsra/adic2/ADIC/rose_build/src/3rdPartyLibraries/MSTL'
make[4]: Leaving directory `/home/t-filsra/adic2/ADIC/rose_build/src/3rdPartyLibraries/MSTL'
Making install in libharu-2.1.0
make[4]: Entering directory `/home/t-filsra/adic2/ADIC/rose_build/src/3rdPartyLibraries/libharu-2.1.0'
Making install in src
make[5]: Entering directory `/home/t-filsra/adic2/ADIC/rose_build/src/3rdPartyLibraries/libharu-2.1.0/src'
make[6]: Entering directory `/home/t-filsra/adic2/ADIC/rose_build/src/3rdPartyLibraries/libharu-2.1.0/src'
test -z "/home/t-filsra/adic2/install/rose_inst/lib" || mkdir -p -- "/home/t-filsra/adic2/install/rose_inst/lib"
 /bin/sh ../libtool --quiet --quiet --mode=install /usr/bin/install -C -s 'libhpdf.la' '/home/t-filsra/adic2/install/rose_inst/lib/libhpdf.la'
make[6]: Nothing to be done for `install-data-am'.
make[6]: Leaving directory `/home/t-filsra/adic2/ADIC/rose_build/src/3rdPartyLibraries/libharu-2.1.0/src'
make[5]: Leaving directory `/home/t-filsra/adic2/ADIC/rose_build/src/3rdPartyLibraries/libharu-2.1.0/src'
Making install in include
make[5]: Entering directory `/home/t-filsra/adic2/ADIC/rose_build/src/3rdPartyLibraries/libharu-2.1.0/include'
make[6]: Entering directory `/home/t-filsra/adic2/ADIC/rose_build/src/3rdPartyLibraries/libharu-2.1.0/include'
make[6]: Nothing to be done for `install-exec-am'.
test -z "/home/t-filsra/adic2/install/rose_inst/include" || mkdir -p -- "/home/t-filsra/adic2/install/rose_inst/include"
make[6]: Leaving directory `/home/t-filsra/adic2/ADIC/rose_build/src/3rdPartyLibraries/libharu-2.1.0/include'
make[5]: Leaving directory `/home/t-filsra/adic2/ADIC/rose_build/src/3rdPartyLibraries/libharu-2.1.0/include'
make[5]: Entering directory `/home/t-filsra/adic2/ADIC/rose_build/src/3rdPartyLibraries/libharu-2.1.0'
make[6]: Entering directory `/home/t-filsra/adic2/ADIC/rose_build/src/3rdPartyLibraries/libharu-2.1.0'
make[6]: Nothing to be done for `install-exec-am'.
make[6]: Nothing to be done for `install-data-am'.
make[6]: Leaving directory `/home/t-filsra/adic2/ADIC/rose_build/src/3rdPartyLibraries/libharu-2.1.0'
make[5]: Leaving directory `/home/t-filsra/adic2/ADIC/rose_build/src/3rdPartyLibraries/libharu-2.1.0'
make[4]: Leaving directory `/home/t-filsra/adic2/ADIC/rose_build/src/3rdPartyLibraries/libharu-2.1.0'
Making install in antlr-jars
make[4]: Entering directory `/home/t-filsra/adic2/ADIC/rose_build/src/3rdPartyLibraries/antlr-jars'
make[5]: Entering directory `/home/t-filsra/adic2/ADIC/rose_build/src/3rdPartyLibraries/antlr-jars'
make[5]: Nothing to be done for `install-exec-am'.
 /bin/mkdir -p '/home/t-filsra/adic2/install/rose_inst/lib'
 /usr/bin/install -C -m 644 /home/t-filsra/adic2/ADIC/rose/src/3rdPartyLibraries/antlr-jars/antlr-3.2.jar /home/t-filsra/adic2/ADIC/rose/src/3rdPartyLibraries/antlr-jars/antlr-3.3-complete.jar '/home/t-filsra/adic2/install/rose_inst/lib'
make[5]: Leaving directory `/home/t-filsra/adic2/ADIC/rose_build/src/3rdPartyLibraries/antlr-jars'
make[4]: Leaving directory `/home/t-filsra/adic2/ADIC/rose_build/src/3rdPartyLibraries/antlr-jars'
Making install in qrose
make[4]: Entering directory `/home/t-filsra/adic2/ADIC/rose_build/src/3rdPartyLibraries/qrose'
Making install in Framework
make[5]: Entering directory `/home/t-filsra/adic2/ADIC/rose_build/src/3rdPartyLibraries/qrose/Framework'
make[6]: Entering directory `/home/t-filsra/adic2/ADIC/rose_build/src/3rdPartyLibraries/qrose/Framework'
make[6]: Nothing to be done for `install-exec-am'.
make[6]: Leaving directory `/home/t-filsra/adic2/ADIC/rose_build/src/3rdPartyLibraries/qrose/Framework'
make[5]: Leaving directory `/home/t-filsra/adic2/ADIC/rose_build/src/3rdPartyLibraries/qrose/Framework'
Making install in Widgets
make[5]: Entering directory `/home/t-filsra/adic2/ADIC/rose_build/src/3rdPartyLibraries/qrose/Widgets'
make[6]: Entering directory `/home/t-filsra/adic2/ADIC/rose_build/src/3rdPartyLibraries/qrose/Widgets'
make[6]: Nothing to be done for `install-exec-am'.
make[6]: Leaving directory `/home/t-filsra/adic2/ADIC/rose_build/src/3rdPartyLibraries/qrose/Widgets'
make[5]: Leaving directory `/home/t-filsra/adic2/ADIC/rose_build/src/3rdPartyLibraries/qrose/Widgets'
Making install in Components
make[5]: Entering directory `/home/t-filsra/adic2/ADIC/rose_build/src/3rdPartyLibraries/qrose/Components'
Making install in Common
make[6]: Entering directory `/home/t-filsra/adic2/ADIC/rose_build/src/3rdPartyLibraries/qrose/Components/Common'
Making install in icons
make[7]: Entering directory `/home/t-filsra/adic2/ADIC/rose_build/src/3rdPartyLibraries/qrose/Components/Common/icons'
make[8]: Entering directory `/home/t-filsra/adic2/ADIC/rose_build/src/3rdPartyLibraries/qrose/Components/Common/icons'
make[8]: Nothing to be done for `install-exec-am'.
make[8]: Leaving directory `/home/t-filsra/adic2/ADIC/rose_build/src/3rdPartyLibraries/qrose/Components/Common/icons'
make[7]: Leaving directory `/home/t-filsra/adic2/ADIC/rose_build/src/3rdPartyLibraries/qrose/Components/Common/icons'
make[7]: Entering directory `/home/t-filsra/adic2/ADIC/rose_build/src/3rdPartyLibraries/qrose/Components/Common'
make[8]: Entering directory `/home/t-filsra/adic2/ADIC/rose_build/src/3rdPartyLibraries/qrose/Components/Common'
make[8]: Nothing to be done for `install-exec-am'.
make[8]: Leaving directory `/home/t-filsra/adic2/ADIC/rose_build/src/3rdPartyLibraries/qrose/Components/Common'
make[7]: Leaving directory `/home/t-filsra/adic2/ADIC/rose_build/src/3rdPartyLibraries/qrose/Components/Common'
make[6]: Leaving directory `/home/t-filsra/adic2/ADIC/rose_build/src/3rdPartyLibraries/qrose/Components/Common'
Making install in QueryBox
make[6]: Entering directory `/home/t-filsra/adic2/ADIC/rose_build/src/3rdPartyLibraries/qrose/Components/QueryBox'
make[7]: Entering directory `/home/t-filsra/adic2/ADIC/rose_build/src/3rdPartyLibraries/qrose/Components/QueryBox'
make[7]: Nothing to be done for `install-exec-am'.
make[7]: Leaving directory `/home/t-filsra/adic2/ADIC/rose_build/src/3rdPartyLibraries/qrose/Components/QueryBox'
make[6]: Leaving directory `/home/t-filsra/adic2/ADIC/rose_build/src/3rdPartyLibraries/qrose/Components/QueryBox'
Making install in SourceBox
make[6]: Entering directory `/home/t-filsra/adic2/ADIC/rose_build/src/3rdPartyLibraries/qrose/Components/SourceBox'
make[7]: Entering directory `/home/t-filsra/adic2/ADIC/rose_build/src/3rdPartyLibraries/qrose/Components/SourceBox'
make[7]: Nothing to be done for `install-exec-am'.
make[7]: Leaving directory `/home/t-filsra/adic2/ADIC/rose_build/src/3rdPartyLibraries/qrose/Components/SourceBox'
make[6]: Leaving directory `/home/t-filsra/adic2/ADIC/rose_build/src/3rdPartyLibraries/qrose/Components/SourceBox'
Making install in TreeBox
make[6]: Entering directory `/home/t-filsra/adic2/ADIC/rose_build/src/3rdPartyLibraries/qrose/Components/TreeBox'
make[7]: Entering directory `/home/t-filsra/adic2/ADIC/rose_build/src/3rdPartyLibraries/qrose/Components/TreeBox'
make[7]: Nothing to be done for `install-exec-am'.
make[7]: Leaving directory `/home/t-filsra/adic2/ADIC/rose_build/src/3rdPartyLibraries/qrose/Components/TreeBox'
make[6]: Leaving directory `/home/t-filsra/adic2/ADIC/rose_build/src/3rdPartyLibraries/qrose/Components/TreeBox'
make[6]: Entering directory `/home/t-filsra/adic2/ADIC/rose_build/src/3rdPartyLibraries/qrose/Components'
make[7]: Entering directory `/home/t-filsra/adic2/ADIC/rose_build/src/3rdPartyLibraries/qrose/Components'
make[7]: Nothing to be done for `install-exec-am'.
make[7]: Nothing to be done for `install-data-am'.
make[7]: Leaving directory `/home/t-filsra/adic2/ADIC/rose_build/src/3rdPartyLibraries/qrose/Components'
make[6]: Leaving directory `/home/t-filsra/adic2/ADIC/rose_build/src/3rdPartyLibraries/qrose/Components'
make[5]: Leaving directory `/home/t-filsra/adic2/ADIC/rose_build/src/3rdPartyLibraries/qrose/Components'
Making install in QRoseLib
make[5]: Entering directory `/home/t-filsra/adic2/ADIC/rose_build/src/3rdPartyLibraries/qrose/QRoseLib'
make[6]: Entering directory `/home/t-filsra/adic2/ADIC/rose_build/src/3rdPartyLibraries/qrose/QRoseLib'
make[6]: Nothing to be done for `install-data-am'.
make[6]: Leaving directory `/home/t-filsra/adic2/ADIC/rose_build/src/3rdPartyLibraries/qrose/QRoseLib'
make[5]: Leaving directory `/home/t-filsra/adic2/ADIC/rose_build/src/3rdPartyLibraries/qrose/QRoseLib'
make[5]: Entering directory `/home/t-filsra/adic2/ADIC/rose_build/src/3rdPartyLibraries/qrose'
make[6]: Entering directory `/home/t-filsra/adic2/ADIC/rose_build/src/3rdPartyLibraries/qrose'
make[6]: Nothing to be done for `install-exec-am'.
make[6]: Nothing to be done for `install-data-am'.
make[6]: Leaving directory `/home/t-filsra/adic2/ADIC/rose_build/src/3rdPartyLibraries/qrose'
make[5]: Leaving directory `/home/t-filsra/adic2/ADIC/rose_build/src/3rdPartyLibraries/qrose'
make[4]: Leaving directory `/home/t-filsra/adic2/ADIC/rose_build/src/3rdPartyLibraries/qrose'
Making install in POET
make[4]: Entering directory `/home/t-filsra/adic2/ADIC/rose_build/src/3rdPartyLibraries/POET'
make[5]: Entering directory `/home/t-filsra/adic2/ADIC/rose_build/src/3rdPartyLibraries/POET'
 /bin/mkdir -p '/home/t-filsra/adic2/install/rose_inst/bin'
  /bin/sh ../../../libtool   --mode=install /usr/bin/install -C pcg '/home/t-filsra/adic2/install/rose_inst/bin'
libtool: install: /usr/bin/install -C pcg /home/t-filsra/adic2/install/rose_inst/bin/pcg
make[5]: Nothing to be done for `install-data-am'.
make[5]: Leaving directory `/home/t-filsra/adic2/ADIC/rose_build/src/3rdPartyLibraries/POET'
make[4]: Leaving directory `/home/t-filsra/adic2/ADIC/rose_build/src/3rdPartyLibraries/POET'
make[4]: Entering directory `/home/t-filsra/adic2/ADIC/rose_build/src/3rdPartyLibraries'
make[5]: Entering directory `/home/t-filsra/adic2/ADIC/rose_build/src/3rdPartyLibraries'
make[5]: Nothing to be done for `install-exec-am'.
make[5]: Nothing to be done for `install-data-am'.
make[5]: Leaving directory `/home/t-filsra/adic2/ADIC/rose_build/src/3rdPartyLibraries'
make[4]: Leaving directory `/home/t-filsra/adic2/ADIC/rose_build/src/3rdPartyLibraries'
make[3]: Leaving directory `/home/t-filsra/adic2/ADIC/rose_build/src/3rdPartyLibraries'
Making install in roseIndependentSupport
make[3]: Entering directory `/home/t-filsra/adic2/ADIC/rose_build/src/roseIndependentSupport'
Making install in dot2gml
make[4]: Entering directory `/home/t-filsra/adic2/ADIC/rose_build/src/roseIndependentSupport/dot2gml'
make  install-am
make[5]: Entering directory `/home/t-filsra/adic2/ADIC/rose_build/src/roseIndependentSupport/dot2gml'
make[6]: Entering directory `/home/t-filsra/adic2/ADIC/rose_build/src/roseIndependentSupport/dot2gml'
make[6]: Leaving directory `/home/t-filsra/adic2/ADIC/rose_build/src/roseIndependentSupport/dot2gml'
make[5]: Leaving directory `/home/t-filsra/adic2/ADIC/rose_build/src/roseIndependentSupport/dot2gml'
make[4]: Leaving directory `/home/t-filsra/adic2/ADIC/rose_build/src/roseIndependentSupport/dot2gml'
make[4]: Entering directory `/home/t-filsra/adic2/ADIC/rose_build/src/roseIndependentSupport'
make[5]: Entering directory `/home/t-filsra/adic2/ADIC/rose_build/src/roseIndependentSupport'
make[5]: Nothing to be done for `install-exec-am'.
make[5]: Nothing to be done for `install-data-am'.
make[5]: Leaving directory `/home/t-filsra/adic2/ADIC/rose_build/src/roseIndependentSupport'
make[4]: Leaving directory `/home/t-filsra/adic2/ADIC/rose_build/src/roseIndependentSupport'
make[3]: Leaving directory `/home/t-filsra/adic2/ADIC/rose_build/src/roseIndependentSupport'
Making install in roseExtensions
make[3]: Entering directory `/home/t-filsra/adic2/ADIC/rose_build/src/roseExtensions'
Making install in failSafe
make[4]: Entering directory `/home/t-filsra/adic2/ADIC/rose_build/src/roseExtensions/failSafe'
make[5]: Entering directory `/home/t-filsra/adic2/ADIC/rose_build/src/roseExtensions/failSafe'
make[5]: Nothing to be done for `install-exec-am'.
 /bin/mkdir -p '/home/t-filsra/adic2/install/rose_inst/include/rose'
 /usr/bin/install -C -m 644 /home/t-filsra/adic2/ADIC/rose/src/roseExtensions/failSafe/failSafePragma.h '/home/t-filsra/adic2/install/rose_inst/include/rose'
make[5]: Leaving directory `/home/t-filsra/adic2/ADIC/rose_build/src/roseExtensions/failSafe'
make[4]: Leaving directory `/home/t-filsra/adic2/ADIC/rose_build/src/roseExtensions/failSafe'
Making install in sqlite3x
make[4]: Entering directory `/home/t-filsra/adic2/ADIC/rose_build/src/roseExtensions/sqlite3x'
make[5]: Entering directory `/home/t-filsra/adic2/ADIC/rose_build/src/roseExtensions/sqlite3x'
make[5]: Leaving directory `/home/t-filsra/adic2/ADIC/rose_build/src/roseExtensions/sqlite3x'
make[4]: Leaving directory `/home/t-filsra/adic2/ADIC/rose_build/src/roseExtensions/sqlite3x'
Making install in dataStructureTraversal
make[4]: Entering directory `/home/t-filsra/adic2/ADIC/rose_build/src/roseExtensions/dataStructureTraversal'
make[5]: Entering directory `/home/t-filsra/adic2/ADIC/rose_build/src/roseExtensions/dataStructureTraversal'
make[5]: Nothing to be done for `install-exec-am'.
 /bin/mkdir -p '/home/t-filsra/adic2/install/rose_inst/include/rose'
 /usr/bin/install -C -m 644 /home/t-filsra/adic2/ADIC/rose/src/roseExtensions/dataStructureTraversal/ControlStructure.h /home/t-filsra/adic2/ADIC/rose/src/roseExtensions/dataStructureTraversal/GenGeneration.h /home/t-filsra/adic2/ADIC/rose/src/roseExtensions/dataStructureTraversal/GenRepresentation.h /home/t-filsra/adic2/ADIC/rose/src/roseExtensions/dataStructureTraversal/helpFunctions.h '/home/t-filsra/adic2/install/rose_inst/include/rose'
make[5]: Leaving directory `/home/t-filsra/adic2/ADIC/rose_build/src/roseExtensions/dataStructureTraversal'
make[4]: Leaving directory `/home/t-filsra/adic2/ADIC/rose_build/src/roseExtensions/dataStructureTraversal'
Making install in highLevelGrammar
make[4]: Entering directory `/home/t-filsra/adic2/ADIC/rose_build/src/roseExtensions/highLevelGrammar'
make[5]: Entering directory `/home/t-filsra/adic2/ADIC/rose_build/src/roseExtensions/highLevelGrammar'
make[5]: Nothing to be done for `install-exec-am'.
make[5]: Nothing to be done for `install-data-am'.
make[5]: Leaving directory `/home/t-filsra/adic2/ADIC/rose_build/src/roseExtensions/highLevelGrammar'
make[4]: Leaving directory `/home/t-filsra/adic2/ADIC/rose_build/src/roseExtensions/highLevelGrammar'
Making install in roseHPCToolkit
make[4]: Entering directory `/home/t-filsra/adic2/ADIC/rose_build/src/roseExtensions/roseHPCToolkit'
Making install in include
make[5]: Entering directory `/home/t-filsra/adic2/ADIC/rose_build/src/roseExtensions/roseHPCToolkit/include'
Making install in rosehpct
make[6]: Entering directory `/home/t-filsra/adic2/ADIC/rose_build/src/roseExtensions/roseHPCToolkit/include/rosehpct'
Making install in util
make[7]: Entering directory `/home/t-filsra/adic2/ADIC/rose_build/src/roseExtensions/roseHPCToolkit/include/rosehpct/util'
make[8]: Entering directory `/home/t-filsra/adic2/ADIC/rose_build/src/roseExtensions/roseHPCToolkit/include/rosehpct/util'
make[8]: Nothing to be done for `install-exec-am'.
 /bin/mkdir -p '/home/t-filsra/adic2/install/rose_inst/include/rose/rosehpct/util'
 /usr/bin/install -C -m 644 /home/t-filsra/adic2/ADIC/rose/src/roseExtensions/roseHPCToolkit/include/rosehpct/util/general.hh /home/t-filsra/adic2/ADIC/rose/src/roseExtensions/roseHPCToolkit/include/rosehpct/util/tree2.hh /home/t-filsra/adic2/ADIC/rose/src/roseExtensions/roseHPCToolkit/include/rosehpct/util/types.hh '/home/t-filsra/adic2/install/rose_inst/include/rose/rosehpct/util'
make[8]: Leaving directory `/home/t-filsra/adic2/ADIC/rose_build/src/roseExtensions/roseHPCToolkit/include/rosehpct/util'
make[7]: Leaving directory `/home/t-filsra/adic2/ADIC/rose_build/src/roseExtensions/roseHPCToolkit/include/rosehpct/util'
Making install in xml
make[7]: Entering directory `/home/t-filsra/adic2/ADIC/rose_build/src/roseExtensions/roseHPCToolkit/include/rosehpct/xml'
make[8]: Entering directory `/home/t-filsra/adic2/ADIC/rose_build/src/roseExtensions/roseHPCToolkit/include/rosehpct/xml'
make[8]: Nothing to be done for `install-exec-am'.
 /bin/mkdir -p '/home/t-filsra/adic2/install/rose_inst/include/rose/rosehpct/xml'
 /usr/bin/install -C -m 644 /home/t-filsra/adic2/ADIC/rose/src/roseExtensions/roseHPCToolkit/include/rosehpct/xml/xml.hh '/home/t-filsra/adic2/install/rose_inst/include/rose/rosehpct/xml'
make[8]: Leaving directory `/home/t-filsra/adic2/ADIC/rose_build/src/roseExtensions/roseHPCToolkit/include/rosehpct/xml'
make[7]: Leaving directory `/home/t-filsra/adic2/ADIC/rose_build/src/roseExtensions/roseHPCToolkit/include/rosehpct/xml'
Making install in profir
make[7]: Entering directory `/home/t-filsra/adic2/ADIC/rose_build/src/roseExtensions/roseHPCToolkit/include/rosehpct/profir'
make[8]: Entering directory `/home/t-filsra/adic2/ADIC/rose_build/src/roseExtensions/roseHPCToolkit/include/rosehpct/profir'
make[8]: Nothing to be done for `install-exec-am'.
 /bin/mkdir -p '/home/t-filsra/adic2/install/rose_inst/include/rose/rosehpct/profir'
 /usr/bin/install -C -m 644 /home/t-filsra/adic2/ADIC/rose/src/roseExtensions/roseHPCToolkit/include/rosehpct/profir/profir.hh '/home/t-filsra/adic2/install/rose_inst/include/rose/rosehpct/profir'
make[8]: Leaving directory `/home/t-filsra/adic2/ADIC/rose_build/src/roseExtensions/roseHPCToolkit/include/rosehpct/profir'
make[7]: Leaving directory `/home/t-filsra/adic2/ADIC/rose_build/src/roseExtensions/roseHPCToolkit/include/rosehpct/profir'
Making install in xml2profir
make[7]: Entering directory `/home/t-filsra/adic2/ADIC/rose_build/src/roseExtensions/roseHPCToolkit/include/rosehpct/xml2profir'
make[8]: Entering directory `/home/t-filsra/adic2/ADIC/rose_build/src/roseExtensions/roseHPCToolkit/include/rosehpct/xml2profir'
make[8]: Nothing to be done for `install-exec-am'.
 /bin/mkdir -p '/home/t-filsra/adic2/install/rose_inst/include/rose/rosehpct/xml2profir'
 /usr/bin/install -C -m 644 /home/t-filsra/adic2/ADIC/rose/src/roseExtensions/roseHPCToolkit/include/rosehpct/xml2profir/xml2profir.hh '/home/t-filsra/adic2/install/rose_inst/include/rose/rosehpct/xml2profir'
make[8]: Leaving directory `/home/t-filsra/adic2/ADIC/rose_build/src/roseExtensions/roseHPCToolkit/include/rosehpct/xml2profir'
make[7]: Leaving directory `/home/t-filsra/adic2/ADIC/rose_build/src/roseExtensions/roseHPCToolkit/include/rosehpct/xml2profir'
Making install in sage
make[7]: Entering directory `/home/t-filsra/adic2/ADIC/rose_build/src/roseExtensions/roseHPCToolkit/include/rosehpct/sage'
make[8]: Entering directory `/home/t-filsra/adic2/ADIC/rose_build/src/roseExtensions/roseHPCToolkit/include/rosehpct/sage'
make[8]: Nothing to be done for `install-exec-am'.
 /bin/mkdir -p '/home/t-filsra/adic2/install/rose_inst/include/rose/rosehpct/sage'
 /usr/bin/install -C -m 644 /home/t-filsra/adic2/ADIC/rose/src/roseExtensions/roseHPCToolkit/include/rosehpct/sage/sage.hh /home/t-filsra/adic2/ADIC/rose/src/roseExtensions/roseHPCToolkit/include/rosehpct/sage/collectors.hh '/home/t-filsra/adic2/install/rose_inst/include/rose/rosehpct/sage'
make[8]: Leaving directory `/home/t-filsra/adic2/ADIC/rose_build/src/roseExtensions/roseHPCToolkit/include/rosehpct/sage'
make[7]: Leaving directory `/home/t-filsra/adic2/ADIC/rose_build/src/roseExtensions/roseHPCToolkit/include/rosehpct/sage'
Making install in profir2sage
make[7]: Entering directory `/home/t-filsra/adic2/ADIC/rose_build/src/roseExtensions/roseHPCToolkit/include/rosehpct/profir2sage'
make[8]: Entering directory `/home/t-filsra/adic2/ADIC/rose_build/src/roseExtensions/roseHPCToolkit/include/rosehpct/profir2sage'
make[8]: Nothing to be done for `install-exec-am'.
 /bin/mkdir -p '/home/t-filsra/adic2/install/rose_inst/include/rose/rosehpct/profir2sage'
 /usr/bin/install -C -m 644 /home/t-filsra/adic2/ADIC/rose/src/roseExtensions/roseHPCToolkit/include/rosehpct/profir2sage/profir2sage.hh '/home/t-filsra/adic2/install/rose_inst/include/rose/rosehpct/profir2sage'
make[8]: Leaving directory `/home/t-filsra/adic2/ADIC/rose_build/src/roseExtensions/roseHPCToolkit/include/rosehpct/profir2sage'
make[7]: Leaving directory `/home/t-filsra/adic2/ADIC/rose_build/src/roseExtensions/roseHPCToolkit/include/rosehpct/profir2sage'
Making install in xml-xercesc
make[7]: Entering directory `/home/t-filsra/adic2/ADIC/rose_build/src/roseExtensions/roseHPCToolkit/include/rosehpct/xml-xercesc'
make[8]: Entering directory `/home/t-filsra/adic2/ADIC/rose_build/src/roseExtensions/roseHPCToolkit/include/rosehpct/xml-xercesc'
make[8]: Nothing to be done for `install-exec-am'.
 /bin/mkdir -p '/home/t-filsra/adic2/install/rose_inst/include/rose/rosehpct/xml-xercesc'
 /usr/bin/install -C -m 644 /home/t-filsra/adic2/ADIC/rose/src/roseExtensions/roseHPCToolkit/include/rosehpct/xml-xercesc/xml.hh '/home/t-filsra/adic2/install/rose_inst/include/rose/rosehpct/xml-xercesc'
make[8]: Leaving directory `/home/t-filsra/adic2/ADIC/rose_build/src/roseExtensions/roseHPCToolkit/include/rosehpct/xml-xercesc'
make[7]: Leaving directory `/home/t-filsra/adic2/ADIC/rose_build/src/roseExtensions/roseHPCToolkit/include/rosehpct/xml-xercesc'
Making install in gprof
make[7]: Entering directory `/home/t-filsra/adic2/ADIC/rose_build/src/roseExtensions/roseHPCToolkit/include/rosehpct/gprof'
make[8]: Entering directory `/home/t-filsra/adic2/ADIC/rose_build/src/roseExtensions/roseHPCToolkit/include/rosehpct/gprof'
make[8]: Nothing to be done for `install-exec-am'.
 /bin/mkdir -p '/home/t-filsra/adic2/install/rose_inst/include/rose/rosehpct/gprof'
 /usr/bin/install -C -m 644 /home/t-filsra/adic2/ADIC/rose/src/roseExtensions/roseHPCToolkit/include/rosehpct/gprof/gprof_info.hh '/home/t-filsra/adic2/install/rose_inst/include/rose/rosehpct/gprof'
make[8]: Leaving directory `/home/t-filsra/adic2/ADIC/rose_build/src/roseExtensions/roseHPCToolkit/include/rosehpct/gprof'
make[7]: Leaving directory `/home/t-filsra/adic2/ADIC/rose_build/src/roseExtensions/roseHPCToolkit/include/rosehpct/gprof'
make[7]: Entering directory `/home/t-filsra/adic2/ADIC/rose_build/src/roseExtensions/roseHPCToolkit/include/rosehpct'
make[8]: Entering directory `/home/t-filsra/adic2/ADIC/rose_build/src/roseExtensions/roseHPCToolkit/include/rosehpct'
make[8]: Nothing to be done for `install-exec-am'.
 /bin/mkdir -p '/home/t-filsra/adic2/install/rose_inst/include/rose/rosehpct'
 /usr/bin/install -C -m 644 /home/t-filsra/adic2/ADIC/rose/src/roseExtensions/roseHPCToolkit/include/rosehpct/rosehpct.hh '/home/t-filsra/adic2/install/rose_inst/include/rose/rosehpct'
make[8]: Leaving directory `/home/t-filsra/adic2/ADIC/rose_build/src/roseExtensions/roseHPCToolkit/include/rosehpct'
make[7]: Leaving directory `/home/t-filsra/adic2/ADIC/rose_build/src/roseExtensions/roseHPCToolkit/include/rosehpct'
make[6]: Leaving directory `/home/t-filsra/adic2/ADIC/rose_build/src/roseExtensions/roseHPCToolkit/include/rosehpct'
make[6]: Entering directory `/home/t-filsra/adic2/ADIC/rose_build/src/roseExtensions/roseHPCToolkit/include'
make[7]: Entering directory `/home/t-filsra/adic2/ADIC/rose_build/src/roseExtensions/roseHPCToolkit/include'
make[7]: Nothing to be done for `install-exec-am'.
make[7]: Nothing to be done for `install-data-am'.
make[7]: Leaving directory `/home/t-filsra/adic2/ADIC/rose_build/src/roseExtensions/roseHPCToolkit/include'
make[6]: Leaving directory `/home/t-filsra/adic2/ADIC/rose_build/src/roseExtensions/roseHPCToolkit/include'
make[5]: Leaving directory `/home/t-filsra/adic2/ADIC/rose_build/src/roseExtensions/roseHPCToolkit/include'
Making install in src
make[5]: Entering directory `/home/t-filsra/adic2/ADIC/rose_build/src/roseExtensions/roseHPCToolkit/src'
Making install in util
make[6]: Entering directory `/home/t-filsra/adic2/ADIC/rose_build/src/roseExtensions/roseHPCToolkit/src/util'
make[7]: Entering directory `/home/t-filsra/adic2/ADIC/rose_build/src/roseExtensions/roseHPCToolkit/src/util'
make[7]: Nothing to be done for `install-exec-am'.
make[7]: Nothing to be done for `install-data-am'.
make[7]: Leaving directory `/home/t-filsra/adic2/ADIC/rose_build/src/roseExtensions/roseHPCToolkit/src/util'
make[6]: Leaving directory `/home/t-filsra/adic2/ADIC/rose_build/src/roseExtensions/roseHPCToolkit/src/util'
Making install in xml
make[6]: Entering directory `/home/t-filsra/adic2/ADIC/rose_build/src/roseExtensions/roseHPCToolkit/src/xml'
make[7]: Entering directory `/home/t-filsra/adic2/ADIC/rose_build/src/roseExtensions/roseHPCToolkit/src/xml'
make[7]: Nothing to be done for `install-exec-am'.
make[7]: Nothing to be done for `install-data-am'.
make[7]: Leaving directory `/home/t-filsra/adic2/ADIC/rose_build/src/roseExtensions/roseHPCToolkit/src/xml'
make[6]: Leaving directory `/home/t-filsra/adic2/ADIC/rose_build/src/roseExtensions/roseHPCToolkit/src/xml'
Making install in profir
make[6]: Entering directory `/home/t-filsra/adic2/ADIC/rose_build/src/roseExtensions/roseHPCToolkit/src/profir'
make[7]: Entering directory `/home/t-filsra/adic2/ADIC/rose_build/src/roseExtensions/roseHPCToolkit/src/profir'
make[7]: Nothing to be done for `install-exec-am'.
make[7]: Nothing to be done for `install-data-am'.
make[7]: Leaving directory `/home/t-filsra/adic2/ADIC/rose_build/src/roseExtensions/roseHPCToolkit/src/profir'
make[6]: Leaving directory `/home/t-filsra/adic2/ADIC/rose_build/src/roseExtensions/roseHPCToolkit/src/profir'
Making install in xml2profir
make[6]: Entering directory `/home/t-filsra/adic2/ADIC/rose_build/src/roseExtensions/roseHPCToolkit/src/xml2profir'
make[7]: Entering directory `/home/t-filsra/adic2/ADIC/rose_build/src/roseExtensions/roseHPCToolkit/src/xml2profir'
make[7]: Nothing to be done for `install-exec-am'.
make[7]: Nothing to be done for `install-data-am'.
make[7]: Leaving directory `/home/t-filsra/adic2/ADIC/rose_build/src/roseExtensions/roseHPCToolkit/src/xml2profir'
make[6]: Leaving directory `/home/t-filsra/adic2/ADIC/rose_build/src/roseExtensions/roseHPCToolkit/src/xml2profir'
Making install in sage
make[6]: Entering directory `/home/t-filsra/adic2/ADIC/rose_build/src/roseExtensions/roseHPCToolkit/src/sage'
make[7]: Entering directory `/home/t-filsra/adic2/ADIC/rose_build/src/roseExtensions/roseHPCToolkit/src/sage'
make[7]: Nothing to be done for `install-exec-am'.
make[7]: Nothing to be done for `install-data-am'.
make[7]: Leaving directory `/home/t-filsra/adic2/ADIC/rose_build/src/roseExtensions/roseHPCToolkit/src/sage'
make[6]: Leaving directory `/home/t-filsra/adic2/ADIC/rose_build/src/roseExtensions/roseHPCToolkit/src/sage'
Making install in profir2sage
make[6]: Entering directory `/home/t-filsra/adic2/ADIC/rose_build/src/roseExtensions/roseHPCToolkit/src/profir2sage'
make[7]: Entering directory `/home/t-filsra/adic2/ADIC/rose_build/src/roseExtensions/roseHPCToolkit/src/profir2sage'
make[7]: Nothing to be done for `install-exec-am'.
make[7]: Nothing to be done for `install-data-am'.
make[7]: Leaving directory `/home/t-filsra/adic2/ADIC/rose_build/src/roseExtensions/roseHPCToolkit/src/profir2sage'
make[6]: Leaving directory `/home/t-filsra/adic2/ADIC/rose_build/src/roseExtensions/roseHPCToolkit/src/profir2sage'
Making install in xml-xercesc
make[6]: Entering directory `/home/t-filsra/adic2/ADIC/rose_build/src/roseExtensions/roseHPCToolkit/src/xml-xercesc'
make[7]: Entering directory `/home/t-filsra/adic2/ADIC/rose_build/src/roseExtensions/roseHPCToolkit/src/xml-xercesc'
make[7]: Nothing to be done for `install-exec-am'.
make[7]: Nothing to be done for `install-data-am'.
make[7]: Leaving directory `/home/t-filsra/adic2/ADIC/rose_build/src/roseExtensions/roseHPCToolkit/src/xml-xercesc'
make[6]: Leaving directory `/home/t-filsra/adic2/ADIC/rose_build/src/roseExtensions/roseHPCToolkit/src/xml-xercesc'
Making install in gprof
make[6]: Entering directory `/home/t-filsra/adic2/ADIC/rose_build/src/roseExtensions/roseHPCToolkit/src/gprof'
make[7]: Entering directory `/home/t-filsra/adic2/ADIC/rose_build/src/roseExtensions/roseHPCToolkit/src/gprof'
make[7]: Nothing to be done for `install-exec-am'.
make[7]: Nothing to be done for `install-data-am'.
make[7]: Leaving directory `/home/t-filsra/adic2/ADIC/rose_build/src/roseExtensions/roseHPCToolkit/src/gprof'
make[6]: Leaving directory `/home/t-filsra/adic2/ADIC/rose_build/src/roseExtensions/roseHPCToolkit/src/gprof'
make[6]: Entering directory `/home/t-filsra/adic2/ADIC/rose_build/src/roseExtensions/roseHPCToolkit/src'
make[7]: Entering directory `/home/t-filsra/adic2/ADIC/rose_build/src/roseExtensions/roseHPCToolkit/src'
make[7]: Nothing to be done for `install-exec-am'.
make[7]: Leaving directory `/home/t-filsra/adic2/ADIC/rose_build/src/roseExtensions/roseHPCToolkit/src'
make[6]: Leaving directory `/home/t-filsra/adic2/ADIC/rose_build/src/roseExtensions/roseHPCToolkit/src'
make[5]: Leaving directory `/home/t-filsra/adic2/ADIC/rose_build/src/roseExtensions/roseHPCToolkit/src'
Making install in docs
make[5]: Entering directory `/home/t-filsra/adic2/ADIC/rose_build/src/roseExtensions/roseHPCToolkit/docs'
make[6]: Entering directory `/home/t-filsra/adic2/ADIC/rose_build/src/roseExtensions/roseHPCToolkit/docs'
make[6]: Nothing to be done for `install-exec-am'.
make[6]: Nothing to be done for `install-data-am'.
make[6]: Leaving directory `/home/t-filsra/adic2/ADIC/rose_build/src/roseExtensions/roseHPCToolkit/docs'
make[5]: Leaving directory `/home/t-filsra/adic2/ADIC/rose_build/src/roseExtensions/roseHPCToolkit/docs'
make[5]: Entering directory `/home/t-filsra/adic2/ADIC/rose_build/src/roseExtensions/roseHPCToolkit'
make[6]: Entering directory `/home/t-filsra/adic2/ADIC/rose_build/src/roseExtensions/roseHPCToolkit'
make[6]: Nothing to be done for `install-exec-am'.
make[6]: Nothing to be done for `install-data-am'.
make[6]: Leaving directory `/home/t-filsra/adic2/ADIC/rose_build/src/roseExtensions/roseHPCToolkit'
make[5]: Leaving directory `/home/t-filsra/adic2/ADIC/rose_build/src/roseExtensions/roseHPCToolkit'
make[4]: Leaving directory `/home/t-filsra/adic2/ADIC/rose_build/src/roseExtensions/roseHPCToolkit'
Making install in qtWidgets
make[4]: Entering directory `/home/t-filsra/adic2/ADIC/rose_build/src/roseExtensions/qtWidgets'
Making install in AsmInstructionBar
make[5]: Entering directory `/home/t-filsra/adic2/ADIC/rose_build/src/roseExtensions/qtWidgets/AsmInstructionBar'
make[6]: Entering directory `/home/t-filsra/adic2/ADIC/rose_build/src/roseExtensions/qtWidgets/AsmInstructionBar'
make[6]: Nothing to be done for `install-exec-am'.
make[6]: Leaving directory `/home/t-filsra/adic2/ADIC/rose_build/src/roseExtensions/qtWidgets/AsmInstructionBar'
make[5]: Leaving directory `/home/t-filsra/adic2/ADIC/rose_build/src/roseExtensions/qtWidgets/AsmInstructionBar'
Making install in AsmView
make[5]: Entering directory `/home/t-filsra/adic2/ADIC/rose_build/src/roseExtensions/qtWidgets/AsmView'
make  install-am
make[6]: Entering directory `/home/t-filsra/adic2/ADIC/rose_build/src/roseExtensions/qtWidgets/AsmView'
make[7]: Entering directory `/home/t-filsra/adic2/ADIC/rose_build/src/roseExtensions/qtWidgets/AsmView'
make[7]: Nothing to be done for `install-exec-am'.
make[7]: Leaving directory `/home/t-filsra/adic2/ADIC/rose_build/src/roseExtensions/qtWidgets/AsmView'
make[6]: Leaving directory `/home/t-filsra/adic2/ADIC/rose_build/src/roseExtensions/qtWidgets/AsmView'
make[5]: Leaving directory `/home/t-filsra/adic2/ADIC/rose_build/src/roseExtensions/qtWidgets/AsmView'
Making install in AstBrowserWidget
make[5]: Entering directory `/home/t-filsra/adic2/ADIC/rose_build/src/roseExtensions/qtWidgets/AstBrowserWidget'
make[6]: Entering directory `/home/t-filsra/adic2/ADIC/rose_build/src/roseExtensions/qtWidgets/AstBrowserWidget'
make[6]: Nothing to be done for `install-exec-am'.
make[6]: Leaving directory `/home/t-filsra/adic2/ADIC/rose_build/src/roseExtensions/qtWidgets/AstBrowserWidget'
make[5]: Leaving directory `/home/t-filsra/adic2/ADIC/rose_build/src/roseExtensions/qtWidgets/AstBrowserWidget'
Making install in AstGraphWidget
make[5]: Entering directory `/home/t-filsra/adic2/ADIC/rose_build/src/roseExtensions/qtWidgets/AstGraphWidget'
make  install-am
make[6]: Entering directory `/home/t-filsra/adic2/ADIC/rose_build/src/roseExtensions/qtWidgets/AstGraphWidget'
make[7]: Entering directory `/home/t-filsra/adic2/ADIC/rose_build/src/roseExtensions/qtWidgets/AstGraphWidget'
make[7]: Nothing to be done for `install-exec-am'.
make[7]: Leaving directory `/home/t-filsra/adic2/ADIC/rose_build/src/roseExtensions/qtWidgets/AstGraphWidget'
make[6]: Leaving directory `/home/t-filsra/adic2/ADIC/rose_build/src/roseExtensions/qtWidgets/AstGraphWidget'
make[5]: Leaving directory `/home/t-filsra/adic2/ADIC/rose_build/src/roseExtensions/qtWidgets/AstGraphWidget'
Making install in AstProcessing
make[5]: Entering directory `/home/t-filsra/adic2/ADIC/rose_build/src/roseExtensions/qtWidgets/AstProcessing'
make[6]: Entering directory `/home/t-filsra/adic2/ADIC/rose_build/src/roseExtensions/qtWidgets/AstProcessing'
make[6]: Nothing to be done for `install-exec-am'.
make[6]: Leaving directory `/home/t-filsra/adic2/ADIC/rose_build/src/roseExtensions/qtWidgets/AstProcessing'
make[5]: Leaving directory `/home/t-filsra/adic2/ADIC/rose_build/src/roseExtensions/qtWidgets/AstProcessing'
Making install in BeautifiedAst
make[5]: Entering directory `/home/t-filsra/adic2/ADIC/rose_build/src/roseExtensions/qtWidgets/BeautifiedAst'
make[6]: Entering directory `/home/t-filsra/adic2/ADIC/rose_build/src/roseExtensions/qtWidgets/BeautifiedAst'
make[6]: Nothing to be done for `install-exec-am'.
make[6]: Leaving directory `/home/t-filsra/adic2/ADIC/rose_build/src/roseExtensions/qtWidgets/BeautifiedAst'
make[5]: Leaving directory `/home/t-filsra/adic2/ADIC/rose_build/src/roseExtensions/qtWidgets/BeautifiedAst'
Making install in FlopCounter
make[5]: Entering directory `/home/t-filsra/adic2/ADIC/rose_build/src/roseExtensions/qtWidgets/FlopCounter'
make[6]: Entering directory `/home/t-filsra/adic2/ADIC/rose_build/src/roseExtensions/qtWidgets/FlopCounter'
make[6]: Nothing to be done for `install-exec-am'.
make[6]: Leaving directory `/home/t-filsra/adic2/ADIC/rose_build/src/roseExtensions/qtWidgets/FlopCounter'
make[5]: Leaving directory `/home/t-filsra/adic2/ADIC/rose_build/src/roseExtensions/qtWidgets/FlopCounter'
Making install in InstructionCountAnnotator
make[5]: Entering directory `/home/t-filsra/adic2/ADIC/rose_build/src/roseExtensions/qtWidgets/InstructionCountAnnotator'
make[6]: Entering directory `/home/t-filsra/adic2/ADIC/rose_build/src/roseExtensions/qtWidgets/InstructionCountAnnotator'
make[6]: Nothing to be done for `install-exec-am'.
make[6]: Leaving directory `/home/t-filsra/adic2/ADIC/rose_build/src/roseExtensions/qtWidgets/InstructionCountAnnotator'
make[5]: Leaving directory `/home/t-filsra/adic2/ADIC/rose_build/src/roseExtensions/qtWidgets/InstructionCountAnnotator'
Making install in KiviatView
make[5]: Entering directory `/home/t-filsra/adic2/ADIC/rose_build/src/roseExtensions/qtWidgets/KiviatView'
make[6]: Entering directory `/home/t-filsra/adic2/ADIC/rose_build/src/roseExtensions/qtWidgets/KiviatView'
make[6]: Nothing to be done for `install-exec-am'.
make[6]: Leaving directory `/home/t-filsra/adic2/ADIC/rose_build/src/roseExtensions/qtWidgets/KiviatView'
make[5]: Leaving directory `/home/t-filsra/adic2/ADIC/rose_build/src/roseExtensions/qtWidgets/KiviatView'
Making install in MetricFilter
make[5]: Entering directory `/home/t-filsra/adic2/ADIC/rose_build/src/roseExtensions/qtWidgets/MetricFilter'
make  install-am
make[6]: Entering directory `/home/t-filsra/adic2/ADIC/rose_build/src/roseExtensions/qtWidgets/MetricFilter'
make[7]: Entering directory `/home/t-filsra/adic2/ADIC/rose_build/src/roseExtensions/qtWidgets/MetricFilter'
make[7]: Nothing to be done for `install-exec-am'.
make[7]: Leaving directory `/home/t-filsra/adic2/ADIC/rose_build/src/roseExtensions/qtWidgets/MetricFilter'
make[6]: Leaving directory `/home/t-filsra/adic2/ADIC/rose_build/src/roseExtensions/qtWidgets/MetricFilter'
make[5]: Leaving directory `/home/t-filsra/adic2/ADIC/rose_build/src/roseExtensions/qtWidgets/MetricFilter'
Making install in MetricsConfig
make[5]: Entering directory `/home/t-filsra/adic2/ADIC/rose_build/src/roseExtensions/qtWidgets/MetricsConfig'
make  install-am
make[6]: Entering directory `/home/t-filsra/adic2/ADIC/rose_build/src/roseExtensions/qtWidgets/MetricsConfig'
make[7]: Entering directory `/home/t-filsra/adic2/ADIC/rose_build/src/roseExtensions/qtWidgets/MetricsConfig'
make[7]: Nothing to be done for `install-exec-am'.
make[7]: Leaving directory `/home/t-filsra/adic2/ADIC/rose_build/src/roseExtensions/qtWidgets/MetricsConfig'
make[6]: Leaving directory `/home/t-filsra/adic2/ADIC/rose_build/src/roseExtensions/qtWidgets/MetricsConfig'
make[5]: Leaving directory `/home/t-filsra/adic2/ADIC/rose_build/src/roseExtensions/qtWidgets/MetricsConfig'
Making install in MetricsKiviat
make[5]: Entering directory `/home/t-filsra/adic2/ADIC/rose_build/src/roseExtensions/qtWidgets/MetricsKiviat'
make  install-am
make[6]: Entering directory `/home/t-filsra/adic2/ADIC/rose_build/src/roseExtensions/qtWidgets/MetricsKiviat'
make[7]: Entering directory `/home/t-filsra/adic2/ADIC/rose_build/src/roseExtensions/qtWidgets/MetricsKiviat'
make[7]: Nothing to be done for `install-exec-am'.
make[7]: Leaving directory `/home/t-filsra/adic2/ADIC/rose_build/src/roseExtensions/qtWidgets/MetricsKiviat'
make[6]: Leaving directory `/home/t-filsra/adic2/ADIC/rose_build/src/roseExtensions/qtWidgets/MetricsKiviat'
make[5]: Leaving directory `/home/t-filsra/adic2/ADIC/rose_build/src/roseExtensions/qtWidgets/MetricsKiviat'
Making install in NodeInfoWidget
make[5]: Entering directory `/home/t-filsra/adic2/ADIC/rose_build/src/roseExtensions/qtWidgets/NodeInfoWidget'
make[6]: Entering directory `/home/t-filsra/adic2/ADIC/rose_build/src/roseExtensions/qtWidgets/NodeInfoWidget'
make[6]: Nothing to be done for `install-exec-am'.
make[6]: Leaving directory `/home/t-filsra/adic2/ADIC/rose_build/src/roseExtensions/qtWidgets/NodeInfoWidget'
make[5]: Leaving directory `/home/t-filsra/adic2/ADIC/rose_build/src/roseExtensions/qtWidgets/NodeInfoWidget'
Making install in ProjectManager
make[5]: Entering directory `/home/t-filsra/adic2/ADIC/rose_build/src/roseExtensions/qtWidgets/ProjectManager'
make  install-am
make[6]: Entering directory `/home/t-filsra/adic2/ADIC/rose_build/src/roseExtensions/qtWidgets/ProjectManager'
make[7]: Entering directory `/home/t-filsra/adic2/ADIC/rose_build/src/roseExtensions/qtWidgets/ProjectManager'
make[7]: Nothing to be done for `install-exec-am'.
make[7]: Leaving directory `/home/t-filsra/adic2/ADIC/rose_build/src/roseExtensions/qtWidgets/ProjectManager'
make[6]: Leaving directory `/home/t-filsra/adic2/ADIC/rose_build/src/roseExtensions/qtWidgets/ProjectManager'
make[5]: Leaving directory `/home/t-filsra/adic2/ADIC/rose_build/src/roseExtensions/qtWidgets/ProjectManager'
Making install in PropertyTreeWidget
make[5]: Entering directory `/home/t-filsra/adic2/ADIC/rose_build/src/roseExtensions/qtWidgets/PropertyTreeWidget'
make[6]: Entering directory `/home/t-filsra/adic2/ADIC/rose_build/src/roseExtensions/qtWidgets/PropertyTreeWidget'
make[6]: Nothing to be done for `install-exec-am'.
make[6]: Leaving directory `/home/t-filsra/adic2/ADIC/rose_build/src/roseExtensions/qtWidgets/PropertyTreeWidget'
make[5]: Leaving directory `/home/t-filsra/adic2/ADIC/rose_build/src/roseExtensions/qtWidgets/PropertyTreeWidget'
Making install in QtGradientEditor
make[5]: Entering directory `/home/t-filsra/adic2/ADIC/rose_build/src/roseExtensions/qtWidgets/QtGradientEditor'
make  install-am
make[6]: Entering directory `/home/t-filsra/adic2/ADIC/rose_build/src/roseExtensions/qtWidgets/QtGradientEditor'
make[7]: Entering directory `/home/t-filsra/adic2/ADIC/rose_build/src/roseExtensions/qtWidgets/QtGradientEditor'
make[7]: Nothing to be done for `install-exec-am'.
make[7]: Leaving directory `/home/t-filsra/adic2/ADIC/rose_build/src/roseExtensions/qtWidgets/QtGradientEditor'
make[6]: Leaving directory `/home/t-filsra/adic2/ADIC/rose_build/src/roseExtensions/qtWidgets/QtGradientEditor'
make[5]: Leaving directory `/home/t-filsra/adic2/ADIC/rose_build/src/roseExtensions/qtWidgets/QtGradientEditor'
Making install in QCodeEditWidget
make[5]: Entering directory `/home/t-filsra/adic2/ADIC/rose_build/src/roseExtensions/qtWidgets/QCodeEditWidget'
make[6]: Entering directory `/home/t-filsra/adic2/ADIC/rose_build/src/roseExtensions/qtWidgets/QCodeEditWidget'
make[7]: Entering directory `/home/t-filsra/adic2/ADIC/rose_build/src/roseExtensions/qtWidgets/QCodeEditWidget'
make[7]: Nothing to be done for `install-exec-am'.
make[7]: Leaving directory `/home/t-filsra/adic2/ADIC/rose_build/src/roseExtensions/qtWidgets/QCodeEditWidget'
make[6]: Leaving directory `/home/t-filsra/adic2/ADIC/rose_build/src/roseExtensions/qtWidgets/QCodeEditWidget'
make[5]: Leaving directory `/home/t-filsra/adic2/ADIC/rose_build/src/roseExtensions/qtWidgets/QCodeEditWidget'
Making install in RoseCodeEdit
make[5]: Entering directory `/home/t-filsra/adic2/ADIC/rose_build/src/roseExtensions/qtWidgets/RoseCodeEdit'
make[6]: Entering directory `/home/t-filsra/adic2/ADIC/rose_build/src/roseExtensions/qtWidgets/RoseCodeEdit'
make[6]: Nothing to be done for `install-exec-am'.
make[6]: Leaving directory `/home/t-filsra/adic2/ADIC/rose_build/src/roseExtensions/qtWidgets/RoseCodeEdit'
make[5]: Leaving directory `/home/t-filsra/adic2/ADIC/rose_build/src/roseExtensions/qtWidgets/RoseCodeEdit'
Making install in RoseFileSelector
make[5]: Entering directory `/home/t-filsra/adic2/ADIC/rose_build/src/roseExtensions/qtWidgets/RoseFileSelector'
make[6]: Entering directory `/home/t-filsra/adic2/ADIC/rose_build/src/roseExtensions/qtWidgets/RoseFileSelector'
make[6]: Nothing to be done for `install-exec-am'.
make[6]: Leaving directory `/home/t-filsra/adic2/ADIC/rose_build/src/roseExtensions/qtWidgets/RoseFileSelector'
make[5]: Leaving directory `/home/t-filsra/adic2/ADIC/rose_build/src/roseExtensions/qtWidgets/RoseFileSelector'
Making install in SrcBinView
make[5]: Entering directory `/home/t-filsra/adic2/ADIC/rose_build/src/roseExtensions/qtWidgets/SrcBinView'
make  install-am
make[6]: Entering directory `/home/t-filsra/adic2/ADIC/rose_build/src/roseExtensions/qtWidgets/SrcBinView'
make[7]: Entering directory `/home/t-filsra/adic2/ADIC/rose_build/src/roseExtensions/qtWidgets/SrcBinView'
make[7]: Nothing to be done for `install-exec-am'.
make[7]: Leaving directory `/home/t-filsra/adic2/ADIC/rose_build/src/roseExtensions/qtWidgets/SrcBinView'
make[6]: Leaving directory `/home/t-filsra/adic2/ADIC/rose_build/src/roseExtensions/qtWidgets/SrcBinView'
make[5]: Leaving directory `/home/t-filsra/adic2/ADIC/rose_build/src/roseExtensions/qtWidgets/SrcBinView'
Making install in TaskSystem
make[5]: Entering directory `/home/t-filsra/adic2/ADIC/rose_build/src/roseExtensions/qtWidgets/TaskSystem'
make[6]: Entering directory `/home/t-filsra/adic2/ADIC/rose_build/src/roseExtensions/qtWidgets/TaskSystem'
make[6]: Nothing to be done for `install-exec-am'.
make[6]: Leaving directory `/home/t-filsra/adic2/ADIC/rose_build/src/roseExtensions/qtWidgets/TaskSystem'
make[5]: Leaving directory `/home/t-filsra/adic2/ADIC/rose_build/src/roseExtensions/qtWidgets/TaskSystem'
Making install in TreeModel
make[5]: Entering directory `/home/t-filsra/adic2/ADIC/rose_build/src/roseExtensions/qtWidgets/TreeModel'
make[6]: Entering directory `/home/t-filsra/adic2/ADIC/rose_build/src/roseExtensions/qtWidgets/TreeModel'
make[6]: Nothing to be done for `install-exec-am'.
make[6]: Leaving directory `/home/t-filsra/adic2/ADIC/rose_build/src/roseExtensions/qtWidgets/TreeModel'
make[5]: Leaving directory `/home/t-filsra/adic2/ADIC/rose_build/src/roseExtensions/qtWidgets/TreeModel'
Making install in util
make[5]: Entering directory `/home/t-filsra/adic2/ADIC/rose_build/src/roseExtensions/qtWidgets/util'
make  install-am
make[6]: Entering directory `/home/t-filsra/adic2/ADIC/rose_build/src/roseExtensions/qtWidgets/util'
make[7]: Entering directory `/home/t-filsra/adic2/ADIC/rose_build/src/roseExtensions/qtWidgets/util'
make[7]: Nothing to be done for `install-exec-am'.
make[7]: Leaving directory `/home/t-filsra/adic2/ADIC/rose_build/src/roseExtensions/qtWidgets/util'
make[6]: Leaving directory `/home/t-filsra/adic2/ADIC/rose_build/src/roseExtensions/qtWidgets/util'
make[5]: Leaving directory `/home/t-filsra/adic2/ADIC/rose_build/src/roseExtensions/qtWidgets/util'
Making install in WidgetCreator
make[5]: Entering directory `/home/t-filsra/adic2/ADIC/rose_build/src/roseExtensions/qtWidgets/WidgetCreator'
make[6]: Entering directory `/home/t-filsra/adic2/ADIC/rose_build/src/roseExtensions/qtWidgets/WidgetCreator'
make[6]: Nothing to be done for `install-exec-am'.
make[6]: Leaving directory `/home/t-filsra/adic2/ADIC/rose_build/src/roseExtensions/qtWidgets/WidgetCreator'
make[5]: Leaving directory `/home/t-filsra/adic2/ADIC/rose_build/src/roseExtensions/qtWidgets/WidgetCreator'
make[5]: Entering directory `/home/t-filsra/adic2/ADIC/rose_build/src/roseExtensions/qtWidgets'
make[6]: Entering directory `/home/t-filsra/adic2/ADIC/rose_build/src/roseExtensions/qtWidgets'
make[6]: Nothing to be done for `install-exec-am'.
make[6]: Nothing to be done for `install-data-am'.
make[6]: Leaving directory `/home/t-filsra/adic2/ADIC/rose_build/src/roseExtensions/qtWidgets'
make[5]: Leaving directory `/home/t-filsra/adic2/ADIC/rose_build/src/roseExtensions/qtWidgets'
make[4]: Leaving directory `/home/t-filsra/adic2/ADIC/rose_build/src/roseExtensions/qtWidgets'
make[4]: Entering directory `/home/t-filsra/adic2/ADIC/rose_build/src/roseExtensions'
make[5]: Entering directory `/home/t-filsra/adic2/ADIC/rose_build/src/roseExtensions'
make[5]: Nothing to be done for `install-exec-am'.
make[5]: Nothing to be done for `install-data-am'.
make[5]: Leaving directory `/home/t-filsra/adic2/ADIC/rose_build/src/roseExtensions'
make[4]: Leaving directory `/home/t-filsra/adic2/ADIC/rose_build/src/roseExtensions'
make[3]: Leaving directory `/home/t-filsra/adic2/ADIC/rose_build/src/roseExtensions'
make[3]: Entering directory `/home/t-filsra/adic2/ADIC/rose_build/src'
  CXXLD    rose-config
/home/t-filsra/adic2/ADIC/rose_build/src/.libs/librose.so: undefined reference to `boost::detail::get_once_per_thread_epoch()'
/home/t-filsra/adic2/ADIC/rose_build/src/.libs/librose.so: undefined reference to `boost::wave::grammars::defined_grammar_gen<boost::wave::cpplexer::lex_iterator<boost::wave::cpplexer::lex_token<boost::wave::util::file_position<boost::wave::util::flex_string<char, std::char_traits<char>, std::allocator<char>, boost::wave::util::CowString<boost::wave::util::AllocatorStringStorage<char, std::allocator<char> >, char*> > > > > >::parse_operator_defined(boost::wave::util::unput_queue_iterator<boost::wave::cpplexer::lex_iterator<boost::wave::cpplexer::lex_token<boost::wave::util::file_position<boost::wave::util::flex_string<char, std::char_traits<char>, std::allocator<char>, boost::wave::util::CowString<boost::wave::util::AllocatorStringStorage<char, std::allocator<char> >, char*> > > > >, boost::wave::cpplexer::lex_token<boost::wave::util::file_position<boost::wave::util::flex_string<char, std::char_traits<char>, std::allocator<char>, boost::wave::util::CowString<boost::wave::util::AllocatorStringStorage<char, std::allocator<char> >, char*> > > >, std::list<boost::wave::cpplexer::lex_token<boost::wave::util::file_position<boost::wave::util::flex_string<char, std::char_traits<char>, std::allocator<char>, boost::wave::util::CowString<boost::wave::util::AllocatorStringStorage<char, std::allocator<char> >, char*> > > >, boost::fast_pool_allocator<boost::wave::cpplexer::lex_token<boost::wave::util::file_position<boost::wave::util::flex_string<char, std::char_traits<char>, std::allocator<char>, boost::wave::util::CowString<boost::wave::util::AllocatorStringStorage<char, std::allocator<char> >, char*> > > >, boost::default_user_allocator_new_delete, boost::details::pool::pthread_mutex, 32u> > > const&, boost::wave::util::unput_queue_iterator<boost::wave::cpplexer::lex_iterator<boost::wave::cpplexer::lex_token<boost::wave::util::file_position<boost::wave::util::flex_string<char, std::char_traits<char>, std::allocator<char>, boost::wave::util::CowString<boost::wave::util::AllocatorStringStorage<char, std::allocator<char> >, char*> > > > >, boost::wave::cpplexer::lex_token<boost::wave::util::file_position<boost::wave::util::flex_string<char, std::char_traits<char>, std::allocator<char>, boost::wave::util::CowString<boost::wave::util::AllocatorStringStorage<char, std::allocator<char> >, char*> > > >, std::list<boost::wave::cpplexer::lex_token<boost::wave::util::file_position<boost::wave::util::flex_string<char, std::char_traits<char>, std::allocator<char>, boost::wave::util::CowString<boost::wave::util::AllocatorStringStorage<char, std::allocator<char> >, char*> > > >, boost::fast_pool_allocator<boost::wave::cpplexer::lex_token<boost::wave::util::file_position<boost::wave::util::flex_string<char, std::char_traits<char>, std::allocator<char>, boost::wave::util::CowString<boost::wave::util::AllocatorStringStorage<char, std::allocator<char> >, char*> > > >, boost::default_user_allocator_new_delete, boost::details::pool::pthread_mutex, 32u> > > const&, std::list<boost::wave::cpplexer::lex_token<boost::wave::util::file_position<boost::wave::util::flex_string<char, std::char_traits<char>, std::allocator<char>, boost::wave::util::CowString<boost::wave::util::AllocatorStringStorage<char, std::allocator<char> >, char*> > > >, boost::fast_pool_allocator<boost::wave::cpplexer::lex_token<boost::wave::util::file_position<boost::wave::util::flex_string<char, std::char_traits<char>, std::allocator<char>, boost::wave::util::CowString<boost::wave::util::AllocatorStringStorage<char, std::allocator<char> >, char*> > > >, boost::default_user_allocator_new_delete, boost::details::pool::pthread_mutex, 32u> >&)'
/home/t-filsra/adic2/ADIC/rose_build/src/.libs/librose.so: undefined reference to `boost::detail::once_epoch_cv'
/home/t-filsra/adic2/ADIC/rose_build/src/.libs/librose.so: undefined reference to `boost::wave::get_token_name(boost::wave::token_id)'
/home/t-filsra/adic2/ADIC/rose_build/src/.libs/librose.so: undefined reference to `boost::wave::grammars::predefined_macros_grammar_gen<boost::wave::cpplexer::lex_iterator<boost::wave::cpplexer::lex_token<boost::wave::util::file_position<boost::wave::util::flex_string<char, std::char_traits<char>, std::allocator<char>, boost::wave::util::CowString<boost::wave::util::AllocatorStringStorage<char, std::allocator<char> >, char*> > > > > >::parse_predefined_macro(boost::wave::cpplexer::lex_iterator<boost::wave::cpplexer::lex_token<boost::wave::util::file_position<boost::wave::util::flex_string<char, std::char_traits<char>, std::allocator<char>, boost::wave::util::CowString<boost::wave::util::AllocatorStringStorage<char, std::allocator<char> >, char*> > > > > const&, boost::wave::cpplexer::lex_iterator<boost::wave::cpplexer::lex_token<boost::wave::util::file_position<boost::wave::util::flex_string<char, std::char_traits<char>, std::allocator<char>, boost::wave::util::CowString<boost::wave::util::AllocatorStringStorage<char, std::allocator<char> >, char*> > > > > const&)'
/home/t-filsra/adic2/ADIC/rose_build/src/.libs/librose.so: undefined reference to `boost::wave::cpplexer::new_lexer_gen<__gnu_cxx::__normal_iterator<char*, std::basic_string<char, std::char_traits<char>, std::allocator<char> > >, boost::wave::util::file_position<boost::wave::util::flex_string<char, std::char_traits<char>, std::allocator<char>, boost::wave::util::CowString<boost::wave::util::AllocatorStringStorage<char, std::allocator<char> >, char*> > >, boost::wave::cpplexer::lex_token<boost::wave::util::file_position<boost::wave::util::flex_string<char, std::char_traits<char>, std::allocator<char>, boost::wave::util::CowString<boost::wave::util::AllocatorStringStorage<char, std::allocator<char> >, char*> > > > >::new_lexer(__gnu_cxx::__normal_iterator<char*, std::basic_string<char, std::char_traits<char>, std::allocator<char> > > const&, __gnu_cxx::__normal_iterator<char*, std::basic_string<char, std::char_traits<char>, std::allocator<char> > > const&, boost::wave::util::file_position<boost::wave::util::flex_string<char, std::char_traits<char>, std::allocator<char>, boost::wave::util::CowString<boost::wave::util::AllocatorStringStorage<char, std::allocator<char> >, char*> > > const&, boost::wave::language_support)'
/home/t-filsra/adic2/ADIC/rose_build/src/.libs/librose.so: undefined reference to `boost::wave::grammars::expression_grammar_gen<boost::wave::cpplexer::lex_token<boost::wave::util::file_position<boost::wave::util::flex_string<char, std::char_traits<char>, std::allocator<char>, boost::wave::util::CowString<boost::wave::util::AllocatorStringStorage<char, std::allocator<char> >, char*> > > > >::evaluate(std::_List_const_iterator<boost::wave::cpplexer::lex_token<boost::wave::util::file_position<boost::wave::util::flex_string<char, std::char_traits<char>, std::allocator<char>, boost::wave::util::CowString<boost::wave::util::AllocatorStringStorage<char, std::allocator<char> >, char*> > > > > const&, std::_List_const_iterator<boost::wave::cpplexer::lex_token<boost::wave::util::file_position<boost::wave::util::flex_string<char, std::char_traits<char>, std::allocator<char>, boost::wave::util::CowString<boost::wave::util::AllocatorStringStorage<char, std::allocator<char> >, char*> > > > > const&, boost::wave::util::file_position<boost::wave::util::flex_string<char, std::char_traits<char>, std::allocator<char>, boost::wave::util::CowString<boost::wave::util::AllocatorStringStorage<char, std::allocator<char> >, char*> > > const&, bool, boost::wave::grammars::value_error&)'
/home/t-filsra/adic2/ADIC/rose_build/src/.libs/librose.so: undefined reference to `boost::detail::once_epoch_mutex'
/home/t-filsra/adic2/ADIC/rose_build/src/.libs/librose.so: undefined reference to `boost::wave::grammars::defined_grammar_gen<boost::wave::cpplexer::lex_iterator<boost::wave::cpplexer::lex_token<boost::wave::util::file_position<boost::wave::util::flex_string<char, std::char_traits<char>, std::allocator<char>, boost::wave::util::CowString<boost::wave::util::AllocatorStringStorage<char, std::allocator<char> >, char*> > > > > >::parse_operator_defined(boost::wave::util::unput_queue_iterator<std::_List_iterator<boost::wave::cpplexer::lex_token<boost::wave::util::file_position<boost::wave::util::flex_string<char, std::char_traits<char>, std::allocator<char>, boost::wave::util::CowString<boost::wave::util::AllocatorStringStorage<char, std::allocator<char> >, char*> > > > >, boost::wave::cpplexer::lex_token<boost::wave::util::file_position<boost::wave::util::flex_string<char, std::char_traits<char>, std::allocator<char>, boost::wave::util::CowString<boost::wave::util::AllocatorStringStorage<char, std::allocator<char> >, char*> > > >, std::list<boost::wave::cpplexer::lex_token<boost::wave::util::file_position<boost::wave::util::flex_string<char, std::char_traits<char>, std::allocator<char>, boost::wave::util::CowString<boost::wave::util::AllocatorStringStorage<char, std::allocator<char> >, char*> > > >, boost::fast_pool_allocator<boost::wave::cpplexer::lex_token<boost::wave::util::file_position<boost::wave::util::flex_string<char, std::char_traits<char>, std::allocator<char>, boost::wave::util::CowString<boost::wave::util::AllocatorStringStorage<char, std::allocator<char> >, char*> > > >, boost::default_user_allocator_new_delete, boost::details::pool::pthread_mutex, 32u> > > const&, boost::wave::util::unput_queue_iterator<std::_List_iterator<boost::wave::cpplexer::lex_token<boost::wave::util::file_position<boost::wave::util::flex_string<char, std::char_traits<char>, std::allocator<char>, boost::wave::util::CowString<boost::wave::util::AllocatorStringStorage<char, std::allocator<char> >, char*> > > > >, boost::wave::cpplexer::lex_token<boost::wave::util::file_position<boost::wave::util::flex_string<char, std::char_traits<char>, std::allocator<char>, boost::wave::util::CowString<boost::wave::util::AllocatorStringStorage<char, std::allocator<char> >, char*> > > >, std::list<boost::wave::cpplexer::lex_token<boost::wave::util::file_position<boost::wave::util::flex_string<char, std::char_traits<char>, std::allocator<char>, boost::wave::util::CowString<boost::wave::util::AllocatorStringStorage<char, std::allocator<char> >, char*> > > >, boost::fast_pool_allocator<boost::wave::cpplexer::lex_token<boost::wave::util::file_position<boost::wave::util::flex_string<char, std::char_traits<char>, std::allocator<char>, boost::wave::util::CowString<boost::wave::util::AllocatorStringStorage<char, std::allocator<char> >, char*> > > >, boost::default_user_allocator_new_delete, boost::details::pool::pthread_mutex, 32u> > > const&, std::list<boost::wave::cpplexer::lex_token<boost::wave::util::file_position<boost::wave::util::flex_string<char, std::char_traits<char>, std::allocator<char>, boost::wave::util::CowString<boost::wave::util::AllocatorStringStorage<char, std::allocator<char> >, char*> > > >, boost::fast_pool_allocator<boost::wave::cpplexer::lex_token<boost::wave::util::file_position<boost::wave::util::flex_string<char, std::char_traits<char>, std::allocator<char>, boost::wave::util::CowString<boost::wave::util::AllocatorStringStorage<char, std::allocator<char> >, char*> > > >, boost::default_user_allocator_new_delete, boost::details::pool::pthread_mutex, 32u> >&)'
/home/t-filsra/adic2/ADIC/rose_build/src/.libs/librose.so: undefined reference to `boost::detail::once_global_epoch'
/home/t-filsra/adic2/ADIC/rose_build/src/.libs/librose.so: undefined reference to `boost::wave::grammars::cpp_grammar_gen<boost::wave::cpplexer::lex_iterator<boost::wave::cpplexer::lex_token<boost::wave::util::file_position<boost::wave::util::flex_string<char, std::char_traits<char>, std::allocator<char>, boost::wave::util::CowString<boost::wave::util::AllocatorStringStorage<char, std::allocator<char> >, char*> > > > >, std::list<boost::wave::cpplexer::lex_token<boost::wave::util::file_position<boost::wave::util::flex_string<char, std::char_traits<char>, std::allocator<char>, boost::wave::util::CowString<boost::wave::util::AllocatorStringStorage<char, std::allocator<char> >, char*> > > >, boost::fast_pool_allocator<boost::wave::cpplexer::lex_token<boost::wave::util::file_position<boost::wave::util::flex_string<char, std::char_traits<char>, std::allocator<char>, boost::wave::util::CowString<boost::wave::util::AllocatorStringStorage<char, std::allocator<char> >, char*> > > >, boost::default_user_allocator_new_delete, boost::details::pool::pthread_mutex, 32u> > >::parse_cpp_grammar(boost::wave::cpplexer::lex_iterator<boost::wave::cpplexer::lex_token<boost::wave::util::file_position<boost::wave::util::flex_string<char, std::char_traits<char>, std::allocator<char>, boost::wave::util::CowString<boost::wave::util::AllocatorStringStorage<char, std::allocator<char> >, char*> > > > > const&, boost::wave::cpplexer::lex_iterator<boost::wave::cpplexer::lex_token<boost::wave::util::file_position<boost::wave::util::flex_string<char, std::char_traits<char>, std::allocator<char>, boost::wave::util::CowString<boost::wave::util::AllocatorStringStorage<char, std::allocator<char> >, char*> > > > > const&, boost::wave::util::file_position<boost::wave::util::flex_string<char, std::char_traits<char>, std::allocator<char>, boost::wave::util::CowString<boost::wave::util::AllocatorStringStorage<char, std::allocator<char> >, char*> > > const&, bool&, boost::wave::cpplexer::lex_token<boost::wave::util::file_position<boost::wave::util::flex_string<char, std::char_traits<char>, std::allocator<char>, boost::wave::util::CowString<boost::wave::util::AllocatorStringStorage<char, std::allocator<char> >, char*> > > >&, std::list<boost::wave::cpplexer::lex_token<boost::wave::util::file_position<boost::wave::util::flex_string<char, std::char_traits<char>, std::allocator<char>, boost::wave::util::CowString<boost::wave::util::AllocatorStringStorage<char, std::allocator<char> >, char*> > > >, boost::fast_pool_allocator<boost::wave::cpplexer::lex_token<boost::wave::util::file_position<boost::wave::util::flex_string<char, std::char_traits<char>, std::allocator<char>, boost::wave::util::CowString<boost::wave::util::AllocatorStringStorage<char, std::allocator<char> >, char*> > > >, boost::default_user_allocator_new_delete, boost::details::pool::pthread_mutex, 32u> >&)'
/home/t-filsra/adic2/ADIC/rose_build/src/.libs/librose.so: undefined reference to `boost::detail::set_tss_data(void const*, boost::shared_ptr<boost::detail::tss_cleanup_function>, void*, bool)'
/home/t-filsra/adic2/ADIC/rose_build/src/.libs/librose.so: undefined reference to `boost::detail::get_tss_data(void const*)'
collect2: ld returned 1 exit status
make[3]: *** [rose-config] Error 1
make[3]: Leaving directory `/home/t-filsra/adic2/ADIC/rose_build/src'
make[2]: *** [install-recursive] Error 1
make[2]: Leaving directory `/home/t-filsra/adic2/ADIC/rose_build/src'
make[1]: *** [install-recursive] Error 1
make[1]: Leaving directory `/home/t-filsra/adic2/ADIC/rose_build'
make: *** [/home/t-filsra/adic2/install/rose_inst/lib/librose.so] Error 2
